[BPM-FIELD-LOOKUP] found field: value=106
[EFFECTIVE-SETTINGS] bpm=120 swing_mult=2 grace_ms=30 metro_mode=2 metro_pattern=0 metro_volume=100 count_in=1 mode=single_virtual_set
[CONTEXT-SYNC] updated playback_context.segments[0].bpm to 120
[START-PLAY] mode_detected=tune is_set_mode=0
[START-PLAY-EFFECTIVE] bpm=120 swing=2 grace_ms=30
[EFFECTIVE-SETTINGS] bpm=120 swing_mult=2 grace_ms=30 metro_mode=2 metro_pattern=0 metro_volume=100 count_in=1 mode=single_virtual_set
[CONTEXT-SYNC] updated playback_context.segments[0].bpm to 120
[START-PLAY-BPM] overriding stale context bpm: 120 -> 120
[EFFECTIVE-SETTINGS] bpm=80 swing_mult=0 grace_ms=0 metro_mode=2 metro_pattern=0 metro_volume=100 count_in=0 mode=single_virtual_set
[CONTEXT-SYNC] updated playback_context.segments[0].bpm to 80
[START-PLAY] mode_detected=tune is_set_mode=0
[START-PLAY-EFFECTIVE] bpm=80 swing=0 grace_ms=0
[EFFECTIVE-SETTINGS] bpm=80 swing_mult=0 grace_ms=0 metro_mode=2 metro_pattern=0 metro_volume=100 count_in=0 mode=single_virtual_set
[CONTEXT-SYNC] updated playback_context.segments[0].bpm to 80
[START-PLAY-BPM] overriding stale context bpm: 80 -> 80
[BPM-FIELD-LOOKUP] found field: value=85
[EFFECTIVE-SETTINGS] bpm=120 swing_mult=2 grace_ms=30 metro_mode=2 metro_pattern=0 metro_volume=100 count_in=1 mode=single_virtual_set
[CONTEXT-SYNC] updated playback_context.segments[0].bpm to 120
[START-PLAY] mode_detected=tune is_set_mode=0
[START-PLAY-EFFECTIVE] bpm=120 swing=2 grace_ms=30
[EFFECTIVE-SETTINGS] bpm=120 swing_mult=2 grace_ms=30 metro_mode=2 metro_pattern=0 metro_volume=100 count_in=1 mode=single_virtual_set
[CONTEXT-SYNC] updated playback_context.segments[0].bpm to 120
[START-PLAY-BPM] overriding stale context bpm: 120 -> 120
[BPM-FIELD-LOOKUP] found field: value=74
[EFFECTIVE-SETTINGS] bpm=120 swing_mult=2 grace_ms=30 metro_mode=2 metro_pattern=0 metro_volume=100 count_in=1 mode=single_virtual_set
[CONTEXT-SYNC] updated playback_context.segments[0].bpm to 120
[START-PLAY] mode_detected=tune is_set_mode=0
[START-PLAY-EFFECTIVE] bpm=120 swing=2 grace_ms=30
[EFFECTIVE-SETTINGS] bpm=120 swing_mult=2 grace_ms=30 metro_mode=2 metro_pattern=0 metro_volume=100 count_in=1 mode=single_virtual_set
[CONTEXT-SYNC] updated playback_context.segments[0].bpm to 120
[START-PLAY-BPM] overriding stale context bpm: 120 -> 120
[BPM-FIELD-LOOKUP] found field: value=1
[BPM-CHANGE] field->global: new_val=30 is_set_mode=0
[BPM-CHANGE] field->global: new_val=40 is_set_mode=0
[BPM-CHANGE] field->global: new_val=50 is_set_mode=0
[BPM-CHANGE] field->global: new_val=60 is_set_mode=0
[BPM-CHANGE] field->global: new_val=70 is_set_mode=0
[BPM-CHANGE] field->global: new_val=80 is_set_mode=0
[BPM-CHANGE] field->global: new_val=90 is_set_mode=0
[BPM-CHANGE] field->global: new_val=100 is_set_mode=0
[BPM-CHANGE] field->global: new_val=110 is_set_mode=0
[BPM-CHANGE] field->global: new_val=120 is_set_mode=0
[EFFECTIVE-SETTINGS] bpm=120 swing_mult=2 grace_ms=30 metro_mode=2 metro_pattern=0 metro_volume=100 count_in=1 mode=single_virtual_set
[CONTEXT-SYNC] updated playback_context.segments[0].bpm to 120
[START-PLAY] mode_detected=tune is_set_mode=0
[START-PLAY-EFFECTIVE] bpm=120 swing=2 grace_ms=30
[EFFECTIVE-SETTINGS] bpm=120 swing_mult=2 grace_ms=30 metro_mode=2 metro_pattern=0 metro_volume=100 count_in=1 mode=single_virtual_set
[CONTEXT-SYNC] updated playback_context.segments[0].bpm to 120
[START-PLAY-BPM] overriding stale context bpm: 120 -> 120
[BPM-FIELD-LOOKUP] found field: value=106
[EFFECTIVE-SETTINGS] bpm=120 swing_mult=0 grace_ms=30 metro_mode=1 metro_pattern=0 metro_volume=100 count_in=1 mode=single_virtual_set
[CONTEXT-SYNC] updated playback_context.segments[0].bpm to 120
[START-PLAY] mode_detected=tune is_set_mode=0
[START-PLAY-EFFECTIVE] bpm=120 swing=0 grace_ms=30
[EFFECTIVE-SETTINGS] bpm=120 swing_mult=0 grace_ms=30 metro_mode=1 metro_pattern=0 metro_volume=100 count_in=1 mode=single_virtual_set
[CONTEXT-SYNC] updated playback_context.segments[0].bpm to 120
[START-PLAY-BPM] overriding stale context bpm: 120 -> 120
[START-PLAY] mode_detected=tune is_set_mode=0
[START-PLAY-EFFECTIVE] bpm=120 swing=0 grace_ms=30
[EFFECTIVE-SETTINGS] bpm=120 swing_mult=0 grace_ms=30 metro_mode=1 metro_pattern=0 metro_volume=100 count_in=1 mode=single_virtual_set
[CONTEXT-SYNC] updated playback_context.segments[0].bpm to 120
[START-PLAY-BPM] overriding stale context bpm: 120 -> 120
[BPM-FIELD-LOOKUP] found field: value=120
[EFFECTIVE-SETTINGS] bpm=120 swing_mult=0 grace_ms=30 metro_mode=2 metro_pattern=0 metro_volume=100 count_in=1 mode=single_virtual_set
[CONTEXT-SYNC] updated playback_context.segments[0].bpm to 120
[START-PLAY] mode_detected=tune is_set_mode=0
[START-PLAY-EFFECTIVE] bpm=120 swing=0 grace_ms=30
[EFFECTIVE-SETTINGS] bpm=120 swing_mult=0 grace_ms=30 metro_mode=2 metro_pattern=0 metro_volume=100 count_in=1 mode=single_virtual_set
[CONTEXT-SYNC] updated playback_context.segments[0].bpm to 120
[START-PLAY-BPM] overriding stale context bpm: 120 -> 120
{"ts_local":"5\/28\/2026 5:32:28 PM","engine_ms":11347.0,"message":"[BPM-FIELD-LOOKUP] found field: value=110","grace_ms":0.0,"channel":"bpm","swing":"0","event":"bpm_change","bpm":110.0}
{"ts_local":"5\/28\/2026 5:32:28 PM","engine_ms":11347.0,"message":"[BPM-CHANGE] field->global: new_val=110 is_set_mode=0","grace_ms":0.0,"channel":"bpm","swing":"0","event":"bpm_change","bpm":110.0}
{"ts_local":"5\/28\/2026 5:32:28 PM","engine_ms":11844.0,"message":"[BPM-CHANGE] field->global: new_val=100 is_set_mode=0","grace_ms":0.0,"channel":"bpm","swing":"0","event":"bpm_change","bpm":100.0}
{"ts_local":"5\/28\/2026 5:32:29 PM","engine_ms":12878.0,"message":"[BPM-CHANGE] field->global: new_val=101 is_set_mode=0","grace_ms":0.0,"channel":"bpm","swing":"0","event":"bpm_change","bpm":101.0}
{"ts_local":"5\/28\/2026 5:32:29 PM","engine_ms":13059.0,"message":"[BPM-CHANGE] field->global: new_val=102 is_set_mode=0","grace_ms":0.0,"channel":"bpm","swing":"0","event":"bpm_change","bpm":102.0}
{"ts_local":"5\/28\/2026 5:32:30 PM","engine_ms":13358.0,"message":"[BPM-CHANGE] field->global: new_val=103 is_set_mode=0","grace_ms":0.0,"channel":"bpm","swing":"0","event":"bpm_change","bpm":103.0}
{"ts_local":"5\/28\/2026 5:32:30 PM","engine_ms":13547.0,"message":"[BPM-CHANGE] field->global: new_val=104 is_set_mode=0","grace_ms":0.0,"channel":"bpm","swing":"0","event":"bpm_change","bpm":104.0}
{"ts_local":"5\/28\/2026 5:32:30 PM","engine_ms":14041.0,"message":"[BPM-CHANGE] field->global: new_val=105 is_set_mode=0","grace_ms":0.0,"channel":"bpm","swing":"0","event":"bpm_change","bpm":105.0}
{"ts_local":"5\/28\/2026 5:32:31 PM","engine_ms":14557.0,"message":"[BPM-CHANGE] field->global: new_val=106 is_set_mode=0","grace_ms":0.0,"channel":"bpm","swing":"0","event":"bpm_change","bpm":106.0}
{"ts_local":"5\/28\/2026 5:32:40 PM","engine_ms":23700.0,"message":"[EFFECTIVE-SETTINGS] bpm=106 swing_mult=0 grace_ms=0 metro_mode=1 metro_pattern=0 metro_volume=100 count_in=1 mode=single_virtual_set","grace_ms":0.0,"channel":"bpm","swing":"0","event":"message","bpm":106.0}
{"ts_local":"5\/28\/2026 5:32:40 PM","engine_ms":23700.0,"message":"[CONTEXT-SYNC] updated playback_context.segments[0].bpm to 106","grace_ms":0.0,"channel":"bpm","swing":"0","event":"message","bpm":106.0}
{"ts_local":"5\/28\/2026 5:32:42 PM","engine_ms":25665.0,"message":"[START-PLAY] mode_detected=tune is_set_mode=0","grace_ms":0.0,"channel":"bpm","swing":"0","event":"start_play","bpm":106.0}
{"ts_local":"5\/28\/2026 5:32:42 PM","engine_ms":25665.0,"message":"[START-PLAY-EFFECTIVE] bpm=106 swing=0 grace_ms=0","grace_ms":0.0,"channel":"bpm","swing":"0","event":"start_play","bpm":106.0}
{"ts_local":"5\/28\/2026 5:32:42 PM","engine_ms":25665.0,"message":"[EFFECTIVE-SETTINGS] bpm=106 swing_mult=0 grace_ms=0 metro_mode=1 metro_pattern=0 metro_volume=100 count_in=1 mode=single_virtual_set","grace_ms":0.0,"channel":"bpm","swing":"0","event":"message","bpm":106.0}
{"ts_local":"5\/28\/2026 5:32:42 PM","engine_ms":25665.0,"message":"[CONTEXT-SYNC] updated playback_context.segments[0].bpm to 106","grace_ms":0.0,"channel":"bpm","swing":"0","event":"message","bpm":106.0}
{"bpm":106.0,"ts_local":"5\/28\/2026 5:32:42 PM","engine_ms":25665.0,"message":"[START-PLAY-BPM] overriding stale context bpm: 106 -> 106","grace_ms":0.0,"channel":"bpm","swing":"0","event":"start_play","tune":"C:\/Users\/xian\/GameMakerProjects\/Silly-Wizard\/datafiles\/tunes\/Jig of Slurs\/Jig of Slurs.json"}
{"ts_local":"5\/28\/2026 5:33:46 PM","engine_ms":11248.0,"message":"[BPM-FIELD-LOOKUP] found field: value=106","grace_ms":10.0,"channel":"bpm","swing":"0","event":"bpm_change"}
{"ts_local":"5\/28\/2026 5:33:54 PM","engine_ms":19332.0,"message":"[EFFECTIVE-SETTINGS] bpm=120 swing_mult=0 grace_ms=30 metro_mode=1 metro_pattern=0 metro_volume=100 count_in=1 mode=single_virtual_set","grace_ms":30.0,"channel":"bpm","swing":"0","event":"message","bpm":120.0}
{"ts_local":"5\/28\/2026 5:33:54 PM","engine_ms":19332.0,"message":"[CONTEXT-SYNC] updated playback_context.segments[0].bpm to 120","grace_ms":30.0,"channel":"bpm","swing":"0","event":"message","bpm":120.0}
{"ts_local":"5\/28\/2026 5:33:55 PM","engine_ms":20728.0,"message":"[START-PLAY] mode_detected=tune is_set_mode=0","grace_ms":30.0,"channel":"bpm","swing":"0","event":"start_play","bpm":120.0}
{"ts_local":"5\/28\/2026 5:33:55 PM","engine_ms":20728.0,"message":"[START-PLAY-EFFECTIVE] bpm=120 swing=0 grace_ms=30","grace_ms":30.0,"channel":"bpm","swing":"0","event":"start_play","bpm":120.0}
{"ts_local":"5\/28\/2026 5:33:55 PM","engine_ms":20728.0,"message":"[EFFECTIVE-SETTINGS] bpm=120 swing_mult=0 grace_ms=30 metro_mode=1 metro_pattern=0 metro_volume=100 count_in=1 mode=single_virtual_set","grace_ms":30.0,"channel":"bpm","swing":"0","event":"message","bpm":120.0}
{"ts_local":"5\/28\/2026 5:33:56 PM","engine_ms":20728.0,"message":"[CONTEXT-SYNC] updated playback_context.segments[0].bpm to 120","grace_ms":30.0,"channel":"bpm","swing":"0","event":"message","bpm":120.0}
{"bpm":120.0,"ts_local":"5\/28\/2026 5:33:56 PM","engine_ms":20728.0,"message":"[START-PLAY-BPM] overriding stale context bpm: 120 -> 120","grace_ms":30.0,"channel":"bpm","swing":"0","event":"start_play","tune":"C:\/Users\/xian\/GameMakerProjects\/Silly-Wizard\/datafiles\/tunes\/Jig of Slurs\/Jig of Slurs.json"}
{"ts_local":"5\/28\/2026 5:38:43 PM","engine_ms":14345.0,"message":"[BPM-FIELD-LOOKUP] found field: value=120","grace_ms":0.0,"channel":"bpm","swing":"0","event":"bpm_change"}
{"ts_local":"5\/28\/2026 5:38:48 PM","engine_ms":19363.0,"message":"[EFFECTIVE-SETTINGS] bpm=120 swing_mult=0 grace_ms=30 metro_mode=1 metro_pattern=0 metro_volume=100 count_in=1 mode=single_virtual_set","grace_ms":30.0,"channel":"bpm","swing":"0","event":"message","bpm":120.0}
{"ts_local":"5\/28\/2026 5:38:48 PM","engine_ms":19363.0,"message":"[CONTEXT-SYNC] updated playback_context.segments[0].bpm to 120","grace_ms":30.0,"channel":"bpm","swing":"0","event":"message","bpm":120.0}
{"ts_local":"5\/28\/2026 5:38:49 PM","engine_ms":20783.0,"message":"[START-PLAY] mode_detected=tune is_set_mode=0","grace_ms":30.0,"channel":"bpm","swing":"0","event":"start_play","bpm":120.0}
{"ts_local":"5\/28\/2026 5:38:49 PM","engine_ms":20783.0,"message":"[START-PLAY-EFFECTIVE] bpm=120 swing=0 grace_ms=30","grace_ms":30.0,"channel":"bpm","swing":"0","event":"start_play","bpm":120.0}
{"ts_local":"5\/28\/2026 5:38:49 PM","engine_ms":20783.0,"message":"[EFFECTIVE-SETTINGS] bpm=120 swing_mult=0 grace_ms=30 metro_mode=1 metro_pattern=0 metro_volume=100 count_in=1 mode=single_virtual_set","grace_ms":30.0,"channel":"bpm","swing":"0","event":"message","bpm":120.0}
{"ts_local":"5\/28\/2026 5:38:49 PM","engine_ms":20783.0,"message":"[CONTEXT-SYNC] updated playback_context.segments[0].bpm to 120","grace_ms":30.0,"channel":"bpm","swing":"0","event":"message","bpm":120.0}
{"bpm":120.0,"ts_local":"5\/28\/2026 5:38:49 PM","engine_ms":20783.0,"message":"[START-PLAY-BPM] overriding stale context bpm: 120 -> 120","grace_ms":30.0,"channel":"bpm","swing":"0","event":"start_play","tune":"C:\/Users\/xian\/GameMakerProjects\/Silly-Wizard\/datafiles\/tunes\/Jig of Slurs\/Jig of Slurs.json"}
{"bpm":120.0,"ts_local":"5\/28\/2026 5:39:40 PM","engine_ms":71962.0,"message":"[EFFECTIVE-SETTINGS] bpm=120 swing_mult=0 grace_ms=30 metro_mode=1 metro_pattern=0 metro_volume=100 count_in=1 mode=single_virtual_set","grace_ms":30.0,"channel":"bpm","swing":"0","event":"message","tune":"C:\/Users\/xian\/GameMakerProjects\/Silly-Wizard\/datafiles\/tunes\/Jig of Slurs\/Jig of Slurs.json"}
{"bpm":120.0,"ts_local":"5\/28\/2026 5:39:40 PM","engine_ms":71962.0,"message":"[CONTEXT-SYNC] updated playback_context.segments[0].bpm to 120","grace_ms":30.0,"channel":"bpm","swing":"0","event":"message","tune":"C:\/Users\/xian\/GameMakerProjects\/Silly-Wizard\/datafiles\/tunes\/Jig of Slurs\/Jig of Slurs.json"}
{"bpm":120.0,"ts_local":"5\/28\/2026 5:39:42 PM","engine_ms":73363.0,"message":"[START-PLAY] mode_detected=tune is_set_mode=0","grace_ms":30.0,"channel":"bpm","swing":"0","event":"start_play","tune":"C:\/Users\/xian\/GameMakerProjects\/Silly-Wizard\/datafiles\/tunes\/Jig of Slurs\/Jig of Slurs.json"}
{"bpm":120.0,"ts_local":"5\/28\/2026 5:39:42 PM","engine_ms":73363.0,"message":"[START-PLAY-EFFECTIVE] bpm=120 swing=0 grace_ms=30","grace_ms":30.0,"channel":"bpm","swing":"0","event":"start_play","tune":"C:\/Users\/xian\/GameMakerProjects\/Silly-Wizard\/datafiles\/tunes\/Jig of Slurs\/Jig of Slurs.json"}
{"bpm":120.0,"ts_local":"5\/28\/2026 5:39:42 PM","engine_ms":73363.0,"message":"[EFFECTIVE-SETTINGS] bpm=120 swing_mult=0 grace_ms=30 metro_mode=1 metro_pattern=0 metro_volume=100 count_in=1 mode=single_virtual_set","grace_ms":30.0,"channel":"bpm","swing":"0","event":"message","tune":"C:\/Users\/xian\/GameMakerProjects\/Silly-Wizard\/datafiles\/tunes\/Jig of Slurs\/Jig of Slurs.json"}
{"bpm":120.0,"ts_local":"5\/28\/2026 5:39:42 PM","engine_ms":73363.0,"message":"[CONTEXT-SYNC] updated playback_context.segments[0].bpm to 120","grace_ms":30.0,"channel":"bpm","swing":"0","event":"message","tune":"C:\/Users\/xian\/GameMakerProjects\/Silly-Wizard\/datafiles\/tunes\/Jig of Slurs\/Jig of Slurs.json"}
{"bpm":120.0,"ts_local":"5\/28\/2026 5:39:42 PM","engine_ms":73363.0,"message":"[START-PLAY-BPM] overriding stale context bpm: 120 -> 120","grace_ms":30.0,"channel":"bpm","swing":"0","event":"start_play","tune":"C:\/Users\/xian\/GameMakerProjects\/Silly-Wizard\/datafiles\/tunes\/Jig of Slurs\/Jig of Slurs.json"}
{"bpm":120.0,"ts_local":"5\/28\/2026 5:40:18 PM","engine_ms":109830.0,"message":"[EFFECTIVE-SETTINGS] bpm=120 swing_mult=0 grace_ms=30 metro_mode=1 metro_pattern=0 metro_volume=100 count_in=1 mode=single_virtual_set","grace_ms":30.0,"channel":"bpm","swing":"0","event":"message","tune":"C:\/Users\/xian\/GameMakerProjects\/Silly-Wizard\/datafiles\/tunes\/Jig of Slurs\/Jig of Slurs.json"}
{"bpm":120.0,"ts_local":"5\/28\/2026 5:40:18 PM","engine_ms":109830.0,"message":"[CONTEXT-SYNC] updated playback_context.segments[0].bpm to 120","grace_ms":30.0,"channel":"bpm","swing":"0","event":"message","tune":"C:\/Users\/xian\/GameMakerProjects\/Silly-Wizard\/datafiles\/tunes\/Jig of Slurs\/Jig of Slurs.json"}
{"bpm":120.0,"ts_local":"5\/28\/2026 5:40:19 PM","engine_ms":110948.0,"message":"[START-PLAY] mode_detected=tune is_set_mode=0","grace_ms":30.0,"channel":"bpm","swing":"0","event":"start_play","tune":"C:\/Users\/xian\/GameMakerProjects\/Silly-Wizard\/datafiles\/tunes\/Jig of Slurs\/Jig of Slurs.json"}
{"bpm":120.0,"ts_local":"5\/28\/2026 5:40:19 PM","engine_ms":110948.0,"message":"[START-PLAY-EFFECTIVE] bpm=120 swing=0 grace_ms=30","grace_ms":30.0,"channel":"bpm","swing":"0","event":"start_play","tune":"C:\/Users\/xian\/GameMakerProjects\/Silly-Wizard\/datafiles\/tunes\/Jig of Slurs\/Jig of Slurs.json"}
{"bpm":120.0,"ts_local":"5\/28\/2026 5:40:19 PM","engine_ms":110948.0,"message":"[EFFECTIVE-SETTINGS] bpm=120 swing_mult=0 grace_ms=30 metro_mode=1 metro_pattern=0 metro_volume=100 count_in=1 mode=single_virtual_set","grace_ms":30.0,"channel":"bpm","swing":"0","event":"message","tune":"C:\/Users\/xian\/GameMakerProjects\/Silly-Wizard\/datafiles\/tunes\/Jig of Slurs\/Jig of Slurs.json"}
{"bpm":120.0,"ts_local":"5\/28\/2026 5:40:19 PM","engine_ms":110948.0,"message":"[CONTEXT-SYNC] updated playback_context.segments[0].bpm to 120","grace_ms":30.0,"channel":"bpm","swing":"0","event":"message","tune":"C:\/Users\/xian\/GameMakerProjects\/Silly-Wizard\/datafiles\/tunes\/Jig of Slurs\/Jig of Slurs.json"}
{"bpm":120.0,"ts_local":"5\/28\/2026 5:40:19 PM","engine_ms":110948.0,"message":"[START-PLAY-BPM] overriding stale context bpm: 120 -> 120","grace_ms":30.0,"channel":"bpm","swing":"0","event":"start_play","tune":"C:\/Users\/xian\/GameMakerProjects\/Silly-Wizard\/datafiles\/tunes\/Jig of Slurs\/Jig of Slurs.json"}
{"ts_local":"5\/28\/2026 7:43:21 PM","engine_ms":30316.0,"message":"[BPM-FIELD-LOOKUP] found field: value=110","grace_ms":0.0,"channel":"bpm","swing":"0","event":"bpm_change","bpm":110.0}
{"ts_local":"5\/28\/2026 7:43:21 PM","engine_ms":30316.0,"message":"[BPM-CHANGE] field->global: new_val=110 is_set_mode=0","grace_ms":0.0,"channel":"bpm","swing":"0","event":"bpm_change","bpm":110.0}
{"ts_local":"5\/28\/2026 7:43:22 PM","engine_ms":30579.0,"message":"[BPM-CHANGE] field->global: new_val=100 is_set_mode=0","grace_ms":0.0,"channel":"bpm","swing":"0","event":"bpm_change","bpm":100.0}
{"ts_local":"5\/28\/2026 7:43:23 PM","engine_ms":31719.0,"message":"[BPM-CHANGE] field->global: new_val=101 is_set_mode=0","grace_ms":0.0,"channel":"bpm","swing":"0","event":"bpm_change","bpm":101.0}
{"ts_local":"5\/28\/2026 7:43:23 PM","engine_ms":31870.0,"message":"[BPM-CHANGE] field->global: new_val=102 is_set_mode=0","grace_ms":0.0,"channel":"bpm","swing":"0","event":"bpm_change","bpm":102.0}
{"ts_local":"5\/28\/2026 7:43:23 PM","engine_ms":32050.0,"message":"[BPM-CHANGE] field->global: new_val=103 is_set_mode=0","grace_ms":0.0,"channel":"bpm","swing":"0","event":"bpm_change","bpm":103.0}
{"ts_local":"5\/28\/2026 7:43:23 PM","engine_ms":32200.0,"message":"[BPM-CHANGE] field->global: new_val=104 is_set_mode=0","grace_ms":0.0,"channel":"bpm","swing":"0","event":"bpm_change","bpm":104.0}
{"ts_local":"5\/28\/2026 7:43:23 PM","engine_ms":32369.0,"message":"[BPM-CHANGE] field->global: new_val=105 is_set_mode=0","grace_ms":0.0,"channel":"bpm","swing":"0","event":"bpm_change","bpm":105.0}
{"ts_local":"5\/28\/2026 7:43:33 PM","engine_ms":41567.0,"message":"[EFFECTIVE-SETTINGS] bpm=105 swing_mult=0 grace_ms=0 metro_mode=1 metro_pattern=0 metro_volume=100 count_in=1 mode=single_virtual_set","grace_ms":0.0,"channel":"bpm","swing":"0","event":"message","bpm":105.0}
{"ts_local":"5\/28\/2026 7:43:33 PM","engine_ms":41567.0,"message":"[CONTEXT-SYNC] updated playback_context.segments[0].bpm to 105","grace_ms":0.0,"channel":"bpm","swing":"0","event":"message","bpm":105.0}
{"ts_local":"5\/28\/2026 7:43:35 PM","engine_ms":43664.0,"message":"[START-PLAY] mode_detected=tune is_set_mode=0","grace_ms":0.0,"channel":"bpm","swing":"0","event":"start_play","bpm":105.0}
{"ts_local":"5\/28\/2026 7:43:35 PM","engine_ms":43664.0,"message":"[START-PLAY-EFFECTIVE] bpm=105 swing=0 grace_ms=0","grace_ms":0.0,"channel":"bpm","swing":"0","event":"start_play","bpm":105.0}
{"ts_local":"5\/28\/2026 7:43:35 PM","engine_ms":43664.0,"message":"[EFFECTIVE-SETTINGS] bpm=105 swing_mult=0 grace_ms=0 metro_mode=1 metro_pattern=0 metro_volume=100 count_in=1 mode=single_virtual_set","grace_ms":0.0,"channel":"bpm","swing":"0","event":"message","bpm":105.0}
{"ts_local":"5\/28\/2026 7:43:35 PM","engine_ms":43664.0,"message":"[CONTEXT-SYNC] updated playback_context.segments[0].bpm to 105","grace_ms":0.0,"channel":"bpm","swing":"0","event":"message","bpm":105.0}
{"bpm":105.0,"ts_local":"5\/28\/2026 7:43:35 PM","engine_ms":43664.0,"message":"[START-PLAY-BPM] overriding stale context bpm: 105 -> 105","grace_ms":0.0,"channel":"bpm","swing":"0","event":"start_play","tune":"C:\/Users\/xian\/GameMakerProjects\/Silly-Wizard\/datafiles\/tunes\/Jig of Slurs\/Jig of Slurs.json"}
{"bpm":105.0,"engine_ms":14695.0,"message":"[EFFECTIVE-SETTINGS] bpm=105 swing_mult=0 grace_ms=0 metro_mode=2 metro_pattern=0 metro_volume=100 count_in=0 mode=single_virtual_set","grace_ms":0.0,"channel":"bpm","swing":"0","event":"message","ts_local":"5\/28\/2026 8:20:15 PM"}
{"bpm":105.0,"engine_ms":14695.0,"message":"[CONTEXT-SYNC] updated playback_context.segments[0].bpm to 105","grace_ms":0.0,"channel":"bpm","swing":"0","event":"message","ts_local":"5\/28\/2026 8:20:15 PM"}
{"bpm":105.0,"engine_ms":20673.0,"message":"[START-PLAY] mode_detected=tune is_set_mode=0","grace_ms":0.0,"channel":"bpm","swing":"0","event":"start_play","ts_local":"5\/28\/2026 8:20:21 PM"}
{"bpm":105.0,"engine_ms":20673.0,"message":"[START-PLAY-EFFECTIVE] bpm=105 swing=0 grace_ms=0","grace_ms":0.0,"channel":"bpm","swing":"0","event":"start_play","ts_local":"5\/28\/2026 8:20:21 PM"}
{"bpm":105.0,"engine_ms":20673.0,"message":"[EFFECTIVE-SETTINGS] bpm=105 swing_mult=0 grace_ms=0 metro_mode=2 metro_pattern=0 metro_volume=100 count_in=0 mode=single_virtual_set","grace_ms":0.0,"channel":"bpm","swing":"0","event":"message","ts_local":"5\/28\/2026 8:20:21 PM"}
{"bpm":105.0,"engine_ms":20673.0,"message":"[CONTEXT-SYNC] updated playback_context.segments[0].bpm to 105","grace_ms":0.0,"channel":"bpm","swing":"0","event":"message","ts_local":"5\/28\/2026 8:20:21 PM"}
{"bpm":105.0,"engine_ms":20673.0,"message":"[START-PLAY-BPM] overriding stale context bpm: 105 -> 105","grace_ms":0.0,"channel":"bpm","swing":"0","event":"start_play","tune":"C:\/Users\/xian\/GameMakerProjects\/Silly-Wizard\/datafiles\/tunes\/Jig of Slurs\/Jig of Slurs.json","ts_local":"5\/28\/2026 8:20:21 PM"}
{"event":"bpm_change","channel":"bpm","swing":"0","ts_local":"5\/28\/2026 8:36:17 PM","engine_ms":20257.0,"message":"[BPM-FIELD-LOOKUP] found field: value=106","grace_ms":0.0,"bpm":106.0}
{"event":"bpm_change","channel":"bpm","swing":"0","ts_local":"5\/28\/2026 8:36:17 PM","engine_ms":20257.0,"message":"[BPM-CHANGE] field->global: new_val=106 is_set_mode=0","grace_ms":0.0,"bpm":106.0}
{"event":"message","channel":"bpm","swing":"0","ts_local":"5\/28\/2026 8:36:24 PM","engine_ms":26677.0,"message":"[EFFECTIVE-SETTINGS] bpm=106 swing_mult=0 grace_ms=0 metro_mode=0 metro_pattern=0 metro_volume=100 count_in=0 mode=single_virtual_set","grace_ms":0.0,"bpm":106.0}
{"event":"message","channel":"bpm","swing":"0","ts_local":"5\/28\/2026 8:36:24 PM","engine_ms":26677.0,"message":"[CONTEXT-SYNC] updated playback_context.segments[0].bpm to 106","grace_ms":0.0,"bpm":106.0}
{"event":"message","channel":"bpm","swing":"0","ts_local":"5\/28\/2026 8:36:24 PM","engine_ms":27246.0,"message":"[EFFECTIVE-SETTINGS] bpm=106 swing_mult=0 grace_ms=0 metro_mode=1 metro_pattern=0 metro_volume=100 count_in=0 mode=single_virtual_set","grace_ms":0.0,"bpm":106.0}
{"event":"message","channel":"bpm","swing":"0","ts_local":"5\/28\/2026 8:36:25 PM","engine_ms":27246.0,"message":"[CONTEXT-SYNC] updated playback_context.segments[0].bpm to 106","grace_ms":0.0,"bpm":106.0}
{"event":"message","channel":"bpm","swing":"0","ts_local":"5\/28\/2026 8:36:27 PM","engine_ms":30171.0,"message":"[EFFECTIVE-SETTINGS] bpm=106 swing_mult=0 grace_ms=0 metro_mode=1 metro_pattern=0 metro_volume=100 count_in=0 mode=single_virtual_set","grace_ms":0.0,"bpm":106.0}
{"event":"message","channel":"bpm","swing":"0","ts_local":"5\/28\/2026 8:36:27 PM","engine_ms":30171.0,"message":"[CONTEXT-SYNC] updated playback_context.segments[0].bpm to 106","grace_ms":0.0,"bpm":106.0}
{"event":"start_play","channel":"bpm","swing":"0","ts_local":"5\/28\/2026 8:36:29 PM","engine_ms":31777.0,"message":"[START-PLAY] mode_detected=tune is_set_mode=0","grace_ms":0.0,"bpm":106.0}
{"event":"start_play","channel":"bpm","swing":"0","ts_local":"5\/28\/2026 8:36:29 PM","engine_ms":31777.0,"message":"[START-PLAY-EFFECTIVE] bpm=106 swing=0 grace_ms=0","grace_ms":0.0,"bpm":106.0}
{"event":"message","channel":"bpm","swing":"0","ts_local":"5\/28\/2026 8:36:29 PM","engine_ms":31777.0,"message":"[EFFECTIVE-SETTINGS] bpm=106 swing_mult=0 grace_ms=0 metro_mode=1 metro_pattern=0 metro_volume=100 count_in=0 mode=single_virtual_set","grace_ms":0.0,"bpm":106.0}
{"event":"message","channel":"bpm","swing":"0","ts_local":"5\/28\/2026 8:36:29 PM","engine_ms":31777.0,"message":"[CONTEXT-SYNC] updated playback_context.segments[0].bpm to 106","grace_ms":0.0,"bpm":106.0}
{"event":"start_play","channel":"bpm","swing":"0","ts_local":"5\/28\/2026 8:36:29 PM","engine_ms":31777.0,"message":"[START-PLAY-BPM] overriding stale context bpm: 106 -> 106","grace_ms":0.0,"tune":"C:\/Users\/xian\/GameMakerProjects\/Silly-Wizard\/datafiles\/tunes\/Jig of Slurs\/Jig of Slurs.json","bpm":106.0}
{"event":"bpm_change","channel":"bpm","swing":"0","ts_local":"5\/28\/2026 8:43:16 PM","engine_ms":27203.0,"message":"[BPM-FIELD-LOOKUP] found field: value=106","grace_ms":0.0}
{"event":"message","channel":"bpm","swing":"0","ts_local":"5\/28\/2026 8:43:19 PM","engine_ms":29662.0,"message":"[EFFECTIVE-SETTINGS] bpm=106 swing_mult=0 grace_ms=0 metro_mode=1 metro_pattern=0 metro_volume=100 count_in=0 mode=single_virtual_set","grace_ms":0.0,"bpm":106.0}
{"event":"message","channel":"bpm","swing":"0","ts_local":"5\/28\/2026 8:43:19 PM","engine_ms":29662.0,"message":"[CONTEXT-SYNC] updated playback_context.segments[0].bpm to 106","grace_ms":0.0,"bpm":106.0}
{"event":"start_play","channel":"bpm","swing":"0","ts_local":"5\/28\/2026 8:43:20 PM","engine_ms":30923.0,"message":"[START-PLAY] mode_detected=tune is_set_mode=0","grace_ms":0.0,"bpm":106.0}
{"event":"start_play","channel":"bpm","swing":"0","ts_local":"5\/28\/2026 8:43:20 PM","engine_ms":30923.0,"message":"[START-PLAY-EFFECTIVE] bpm=106 swing=0 grace_ms=0","grace_ms":0.0,"bpm":106.0}
{"event":"message","channel":"bpm","swing":"0","ts_local":"5\/28\/2026 8:43:20 PM","engine_ms":30923.0,"message":"[EFFECTIVE-SETTINGS] bpm=106 swing_mult=0 grace_ms=0 metro_mode=1 metro_pattern=0 metro_volume=100 count_in=0 mode=single_virtual_set","grace_ms":0.0,"bpm":106.0}
{"event":"message","channel":"bpm","swing":"0","ts_local":"5\/28\/2026 8:43:20 PM","engine_ms":30923.0,"message":"[CONTEXT-SYNC] updated playback_context.segments[0].bpm to 106","grace_ms":0.0,"bpm":106.0}
{"event":"start_play","channel":"bpm","swing":"0","ts_local":"5\/28\/2026 8:43:20 PM","engine_ms":30923.0,"message":"[START-PLAY-BPM] overriding stale context bpm: 106 -> 106","grace_ms":0.0,"tune":"C:\/Users\/xian\/GameMakerProjects\/Silly-Wizard\/datafiles\/tunes\/Jig of Slurs\/Jig of Slurs.json","bpm":106.0}
{"event":"message","channel":"bpm","swing":"0","ts_local":"5\/28\/2026 8:46:24 PM","engine_ms":26144.0,"message":"[EFFECTIVE-SETTINGS] bpm=106 swing_mult=0 grace_ms=0 metro_mode=2 metro_pattern=0 metro_volume=100 count_in=0 mode=single_virtual_set","grace_ms":0.0,"bpm":106.0}
{"event":"message","channel":"bpm","swing":"0","ts_local":"5\/28\/2026 8:46:24 PM","engine_ms":26144.0,"message":"[CONTEXT-SYNC] updated playback_context.segments[0].bpm to 106","grace_ms":0.0,"bpm":106.0}
{"event":"start_play","channel":"bpm","swing":"0","ts_local":"5\/28\/2026 8:46:26 PM","engine_ms":27389.0,"message":"[START-PLAY] mode_detected=tune is_set_mode=0","grace_ms":0.0,"bpm":106.0}
{"event":"start_play","channel":"bpm","swing":"0","ts_local":"5\/28\/2026 8:46:26 PM","engine_ms":27389.0,"message":"[START-PLAY-EFFECTIVE] bpm=106 swing=0 grace_ms=0","grace_ms":0.0,"bpm":106.0}
{"event":"message","channel":"bpm","swing":"0","ts_local":"5\/28\/2026 8:46:26 PM","engine_ms":27389.0,"message":"[EFFECTIVE-SETTINGS] bpm=106 swing_mult=0 grace_ms=0 metro_mode=2 metro_pattern=0 metro_volume=100 count_in=0 mode=single_virtual_set","grace_ms":0.0,"bpm":106.0}
{"event":"message","channel":"bpm","swing":"0","ts_local":"5\/28\/2026 8:46:26 PM","engine_ms":27389.0,"message":"[CONTEXT-SYNC] updated playback_context.segments[0].bpm to 106","grace_ms":0.0,"bpm":106.0}
{"event":"start_play","channel":"bpm","swing":"0","ts_local":"5\/28\/2026 8:46:26 PM","engine_ms":27389.0,"message":"[START-PLAY-BPM] overriding stale context bpm: 106 -> 106","grace_ms":0.0,"tune":"C:\/Users\/xian\/GameMakerProjects\/Silly-Wizard\/datafiles\/tunes\/Jig of Slurs\/Jig of Slurs.json","bpm":106.0}
{"event":"message","channel":"bpm","swing":"0","ts_local":"5\/28\/2026 8:56:22 PM","engine_ms":62310.0,"message":"[EFFECTIVE-SETTINGS] bpm=106 swing_mult=0 grace_ms=0 metro_mode=2 metro_pattern=0 metro_volume=100 count_in=0 mode=single_virtual_set","grace_ms":0.0,"bpm":106.0}
{"event":"message","channel":"bpm","swing":"0","ts_local":"5\/28\/2026 8:56:22 PM","engine_ms":62310.0,"message":"[CONTEXT-SYNC] updated playback_context.segments[0].bpm to 106","grace_ms":0.0,"bpm":106.0}
{"event":"start_play","channel":"bpm","swing":"0","ts_local":"5\/28\/2026 8:56:23 PM","engine_ms":63459.0,"message":"[START-PLAY] mode_detected=tune is_set_mode=0","grace_ms":0.0,"bpm":106.0}
{"event":"start_play","channel":"bpm","swing":"0","ts_local":"5\/28\/2026 8:56:23 PM","engine_ms":63459.0,"message":"[START-PLAY-EFFECTIVE] bpm=106 swing=0 grace_ms=0","grace_ms":0.0,"bpm":106.0}
{"event":"message","channel":"bpm","swing":"0","ts_local":"5\/28\/2026 8:56:23 PM","engine_ms":63459.0,"message":"[EFFECTIVE-SETTINGS] bpm=106 swing_mult=0 grace_ms=0 metro_mode=2 metro_pattern=0 metro_volume=100 count_in=0 mode=single_virtual_set","grace_ms":0.0,"bpm":106.0}
{"event":"message","channel":"bpm","swing":"0","ts_local":"5\/28\/2026 8:56:23 PM","engine_ms":63459.0,"message":"[CONTEXT-SYNC] updated playback_context.segments[0].bpm to 106","grace_ms":0.0,"bpm":106.0}
{"event":"start_play","channel":"bpm","swing":"0","ts_local":"5\/28\/2026 8:56:23 PM","engine_ms":63459.0,"message":"[START-PLAY-BPM] overriding stale context bpm: 106 -> 106","grace_ms":0.0,"tune":"C:\/Users\/xian\/GameMakerProjects\/Silly-Wizard\/datafiles\/tunes\/Jig of Slurs\/Jig of Slurs.json","bpm":106.0}
{"channel":"bpm","event":"message","swing":"0","ts_local":"5\/28\/2026 9:05:32 PM","engine_ms":46634.0,"message":"[EFFECTIVE-SETTINGS] bpm=106 swing_mult=0 grace_ms=0 metro_mode=2 metro_pattern=0 metro_volume=100 count_in=0 mode=single_virtual_set","grace_ms":0.0,"bpm":106.0}
{"channel":"bpm","event":"message","swing":"0","ts_local":"5\/28\/2026 9:05:32 PM","engine_ms":46634.0,"message":"[CONTEXT-SYNC] updated playback_context.segments[0].bpm to 106","grace_ms":0.0,"bpm":106.0}
{"channel":"bpm","event":"bpm_change","swing":"0","ts_local":"5\/28\/2026 9:05:36 PM","engine_ms":50931.0,"message":"[BPM-FIELD-LOOKUP] found field: value=106","grace_ms":0.0,"bpm":106.0}
{"channel":"bpm","event":"message","swing":"0","ts_local":"5\/28\/2026 9:05:45 PM","engine_ms":60216.0,"message":"[EFFECTIVE-SETTINGS] bpm=106 swing_mult=0 grace_ms=0 metro_mode=1 metro_pattern=0 metro_volume=100 count_in=0 mode=single_virtual_set","grace_ms":0.0,"bpm":106.0}
{"channel":"bpm","event":"message","swing":"0","ts_local":"5\/28\/2026 9:05:45 PM","engine_ms":60216.0,"message":"[CONTEXT-SYNC] updated playback_context.segments[0].bpm to 106","grace_ms":0.0,"bpm":106.0}
{"channel":"bpm","event":"start_play","swing":"0","ts_local":"5\/28\/2026 9:05:47 PM","engine_ms":61965.0,"message":"[START-PLAY] mode_detected=tune is_set_mode=0","grace_ms":0.0,"bpm":106.0}
{"channel":"bpm","event":"start_play","swing":"0","ts_local":"5\/28\/2026 9:05:47 PM","engine_ms":61965.0,"message":"[START-PLAY-EFFECTIVE] bpm=106 swing=0 grace_ms=0","grace_ms":0.0,"bpm":106.0}
{"channel":"bpm","event":"message","swing":"0","ts_local":"5\/28\/2026 9:05:47 PM","engine_ms":61965.0,"message":"[EFFECTIVE-SETTINGS] bpm=106 swing_mult=0 grace_ms=0 metro_mode=1 metro_pattern=0 metro_volume=100 count_in=0 mode=single_virtual_set","grace_ms":0.0,"bpm":106.0}
{"channel":"bpm","event":"message","swing":"0","ts_local":"5\/28\/2026 9:05:47 PM","engine_ms":61965.0,"message":"[CONTEXT-SYNC] updated playback_context.segments[0].bpm to 106","grace_ms":0.0,"bpm":106.0}
{"bpm":106.0,"channel":"bpm","event":"start_play","swing":"0","ts_local":"5\/28\/2026 9:05:47 PM","engine_ms":61965.0,"message":"[START-PLAY-BPM] overriding stale context bpm: 106 -> 106","tune":"C:\/Users\/xian\/GameMakerProjects\/Silly-Wizard\/datafiles\/tunes\/Jig of Slurs\/Jig of Slurs.json","grace_ms":0.0}
{"event":"bpm_change","channel":"bpm","ts_local":"5\/28\/2026 9:10:37 PM","swing":"0","engine_ms":31496.0,"message":"[BPM-FIELD-LOOKUP] found field: value=120","grace_ms":0.0}
{"event":"message","channel":"bpm","ts_local":"5\/28\/2026 9:10:44 PM","swing":"0","engine_ms":38471.0,"message":"[EFFECTIVE-SETTINGS] bpm=106 swing_mult=0 grace_ms=0 metro_mode=1 metro_pattern=0 metro_volume=100 count_in=0 mode=single_virtual_set","grace_ms":0.0,"bpm":106.0}
{"event":"message","channel":"bpm","ts_local":"5\/28\/2026 9:10:44 PM","swing":"0","engine_ms":38471.0,"message":"[CONTEXT-SYNC] updated playback_context.segments[0].bpm to 106","grace_ms":0.0,"bpm":106.0}
{"event":"start_play","channel":"bpm","ts_local":"5\/28\/2026 9:10:45 PM","swing":"0","engine_ms":40414.0,"message":"[START-PLAY] mode_detected=tune is_set_mode=0","grace_ms":0.0,"bpm":106.0}
{"event":"start_play","channel":"bpm","ts_local":"5\/28\/2026 9:10:45 PM","swing":"0","engine_ms":40414.0,"message":"[START-PLAY-EFFECTIVE] bpm=106 swing=0 grace_ms=0","grace_ms":0.0,"bpm":106.0}
{"event":"message","channel":"bpm","ts_local":"5\/28\/2026 9:10:45 PM","swing":"0","engine_ms":40414.0,"message":"[EFFECTIVE-SETTINGS] bpm=106 swing_mult=0 grace_ms=0 metro_mode=1 metro_pattern=0 metro_volume=100 count_in=0 mode=single_virtual_set","grace_ms":0.0,"bpm":106.0}
{"event":"message","channel":"bpm","ts_local":"5\/28\/2026 9:10:46 PM","swing":"0","engine_ms":40414.0,"message":"[CONTEXT-SYNC] updated playback_context.segments[0].bpm to 106","grace_ms":0.0,"bpm":106.0}
{"event":"start_play","channel":"bpm","ts_local":"5\/28\/2026 9:10:46 PM","swing":"0","engine_ms":40414.0,"message":"[START-PLAY-BPM] overriding stale context bpm: 106 -> 106","grace_ms":0.0,"tune":"C:\/Users\/xian\/GameMakerProjects\/Silly-Wizard\/datafiles\/tunes\/Jig of Slurs\/Jig of Slurs.json","bpm":106.0}
{"event":"bpm_change","channel":"bpm","ts_local":"5\/28\/2026 9:13:09 PM","swing":"0","engine_ms":13327.0,"message":"[BPM-FIELD-LOOKUP] found field: value=106","grace_ms":0.0}
{"event":"message","channel":"bpm","ts_local":"5\/28\/2026 9:13:11 PM","swing":"0","engine_ms":15187.0,"message":"[EFFECTIVE-SETTINGS] bpm=106 swing_mult=0 grace_ms=0 metro_mode=1 metro_pattern=0 metro_volume=100 count_in=0 mode=single_virtual_set","grace_ms":0.0,"bpm":106.0}
{"event":"message","channel":"bpm","ts_local":"5\/28\/2026 9:13:11 PM","swing":"0","engine_ms":15187.0,"message":"[CONTEXT-SYNC] updated playback_context.segments[0].bpm to 106","grace_ms":0.0,"bpm":106.0}
{"event":"start_play","channel":"bpm","ts_local":"5\/28\/2026 9:13:12 PM","swing":"0","engine_ms":16049.0,"message":"[START-PLAY] mode_detected=tune is_set_mode=0","grace_ms":0.0,"bpm":106.0}
{"event":"start_play","channel":"bpm","ts_local":"5\/28\/2026 9:13:12 PM","swing":"0","engine_ms":16049.0,"message":"[START-PLAY-EFFECTIVE] bpm=106 swing=0 grace_ms=0","grace_ms":0.0,"bpm":106.0}
{"event":"message","channel":"bpm","ts_local":"5\/28\/2026 9:13:12 PM","swing":"0","engine_ms":16049.0,"message":"[EFFECTIVE-SETTINGS] bpm=106 swing_mult=0 grace_ms=0 metro_mode=1 metro_pattern=0 metro_volume=100 count_in=0 mode=single_virtual_set","grace_ms":0.0,"bpm":106.0}
{"event":"message","channel":"bpm","ts_local":"5\/28\/2026 9:13:12 PM","swing":"0","engine_ms":16049.0,"message":"[CONTEXT-SYNC] updated playback_context.segments[0].bpm to 106","grace_ms":0.0,"bpm":106.0}
{"event":"start_play","channel":"bpm","ts_local":"5\/28\/2026 9:13:12 PM","swing":"0","engine_ms":16049.0,"message":"[START-PLAY-BPM] overriding stale context bpm: 106 -> 106","grace_ms":0.0,"tune":"C:\/Users\/xian\/GameMakerProjects\/Silly-Wizard\/datafiles\/tunes\/Jig of Slurs\/Jig of Slurs.json","bpm":106.0}
{"engine_ms":9918.0,"message":"[BPM-FIELD-LOOKUP] found field: value=106","grace_ms":0.0,"channel":"bpm","swing":"0","event":"bpm_change","ts_local":"5\/28\/2026 9:20:20 PM"}
{"bpm":106.0,"engine_ms":16922.0,"message":"[EFFECTIVE-SETTINGS] bpm=106 swing_mult=0 grace_ms=0 metro_mode=1 metro_pattern=0 metro_volume=100 count_in=0 mode=single_virtual_set","grace_ms":0.0,"channel":"bpm","swing":"0","event":"message","ts_local":"5\/28\/2026 9:20:27 PM"}
{"bpm":106.0,"engine_ms":16922.0,"message":"[CONTEXT-SYNC] updated playback_context.segments[0].bpm to 106","grace_ms":0.0,"channel":"bpm","swing":"0","event":"message","ts_local":"5\/28\/2026 9:20:27 PM"}
{"bpm":106.0,"engine_ms":18078.0,"message":"[START-PLAY] mode_detected=tune is_set_mode=0","grace_ms":0.0,"channel":"bpm","swing":"0","event":"start_play","ts_local":"5\/28\/2026 9:20:28 PM"}
{"bpm":106.0,"engine_ms":18078.0,"message":"[START-PLAY-EFFECTIVE] bpm=106 swing=0 grace_ms=0","grace_ms":0.0,"channel":"bpm","swing":"0","event":"start_play","ts_local":"5\/28\/2026 9:20:28 PM"}
{"bpm":106.0,"engine_ms":18078.0,"message":"[EFFECTIVE-SETTINGS] bpm=106 swing_mult=0 grace_ms=0 metro_mode=1 metro_pattern=0 metro_volume=100 count_in=0 mode=single_virtual_set","grace_ms":0.0,"channel":"bpm","swing":"0","event":"message","ts_local":"5\/28\/2026 9:20:28 PM"}
{"bpm":106.0,"engine_ms":18078.0,"message":"[CONTEXT-SYNC] updated playback_context.segments[0].bpm to 106","grace_ms":0.0,"channel":"bpm","swing":"0","event":"message","ts_local":"5\/28\/2026 9:20:28 PM"}
{"bpm":106.0,"engine_ms":18078.0,"message":"[START-PLAY-BPM] overriding stale context bpm: 106 -> 106","grace_ms":0.0,"channel":"bpm","swing":"0","event":"start_play","tune":"C:\/Users\/xian\/GameMakerProjects\/Silly-Wizard\/datafiles\/tunes\/Jig of Slurs\/Jig of Slurs.json","ts_local":"5\/28\/2026 9:20:28 PM"}
{"ts_local":"5\/28\/2026 9:24:57 PM","engine_ms":25395.0,"message":"[EFFECTIVE-SETTINGS] bpm=106 swing_mult=0 grace_ms=0 metro_mode=2 metro_pattern=0 metro_volume=100 count_in=0 mode=single_virtual_set","grace_ms":0.0,"channel":"bpm","swing":"0","event":"message","bpm":106.0}
{"ts_local":"5\/28\/2026 9:24:57 PM","engine_ms":25395.0,"message":"[CONTEXT-SYNC] updated playback_context.segments[0].bpm to 106","grace_ms":0.0,"channel":"bpm","swing":"0","event":"message","bpm":106.0}
{"ts_local":"5\/28\/2026 9:24:58 PM","engine_ms":26662.0,"message":"[START-PLAY] mode_detected=tune is_set_mode=0","grace_ms":0.0,"channel":"bpm","swing":"0","event":"start_play","bpm":106.0}
{"ts_local":"5\/28\/2026 9:24:58 PM","engine_ms":26662.0,"message":"[START-PLAY-EFFECTIVE] bpm=106 swing=0 grace_ms=0","grace_ms":0.0,"channel":"bpm","swing":"0","event":"start_play","bpm":106.0}
{"ts_local":"5\/28\/2026 9:24:58 PM","engine_ms":26662.0,"message":"[EFFECTIVE-SETTINGS] bpm=106 swing_mult=0 grace_ms=0 metro_mode=2 metro_pattern=0 metro_volume=100 count_in=0 mode=single_virtual_set","grace_ms":0.0,"channel":"bpm","swing":"0","event":"message","bpm":106.0}
{"ts_local":"5\/28\/2026 9:24:58 PM","engine_ms":26662.0,"message":"[CONTEXT-SYNC] updated playback_context.segments[0].bpm to 106","grace_ms":0.0,"channel":"bpm","swing":"0","event":"message","bpm":106.0}
{"ts_local":"5\/28\/2026 9:24:58 PM","engine_ms":26662.0,"message":"[START-PLAY-BPM] overriding stale context bpm: 106 -> 106","grace_ms":0.0,"channel":"bpm","swing":"0","event":"start_play","tune":"C:\/Users\/xian\/GameMakerProjects\/Silly-Wizard\/datafiles\/tunes\/Jig of Slurs\/Jig of Slurs.json","bpm":106.0}
{"ts_local":"5\/28\/2026 9:25:18 PM","engine_ms":47010.0,"message":"[EFFECTIVE-SETTINGS] bpm=106 swing_mult=0 grace_ms=0 metro_mode=2 metro_pattern=0 metro_volume=100 count_in=0 mode=single_virtual_set","grace_ms":0.0,"channel":"bpm","swing":"0","event":"message","tune":"C:\/Users\/xian\/GameMakerProjects\/Silly-Wizard\/datafiles\/tunes\/Jig of Slurs\/Jig of Slurs.json","bpm":106.0}
{"ts_local":"5\/28\/2026 9:25:18 PM","engine_ms":47010.0,"message":"[CONTEXT-SYNC] updated playback_context.segments[0].bpm to 106","grace_ms":0.0,"channel":"bpm","swing":"0","event":"message","tune":"C:\/Users\/xian\/GameMakerProjects\/Silly-Wizard\/datafiles\/tunes\/Jig of Slurs\/Jig of Slurs.json","bpm":106.0}
{"ts_local":"5\/28\/2026 9:25:20 PM","engine_ms":48786.0,"message":"[START-PLAY] mode_detected=tune is_set_mode=0","grace_ms":0.0,"channel":"bpm","swing":"0","event":"start_play","tune":"C:\/Users\/xian\/GameMakerProjects\/Silly-Wizard\/datafiles\/tunes\/Jig of Slurs\/Jig of Slurs.json","bpm":106.0}
{"ts_local":"5\/28\/2026 9:25:20 PM","engine_ms":48786.0,"message":"[START-PLAY-EFFECTIVE] bpm=106 swing=0 grace_ms=0","grace_ms":0.0,"channel":"bpm","swing":"0","event":"start_play","tune":"C:\/Users\/xian\/GameMakerProjects\/Silly-Wizard\/datafiles\/tunes\/Jig of Slurs\/Jig of Slurs.json","bpm":106.0}
{"ts_local":"5\/28\/2026 9:25:20 PM","engine_ms":48786.0,"message":"[EFFECTIVE-SETTINGS] bpm=106 swing_mult=0 grace_ms=0 metro_mode=2 metro_pattern=0 metro_volume=100 count_in=0 mode=single_virtual_set","grace_ms":0.0,"channel":"bpm","swing":"0","event":"message","tune":"C:\/Users\/xian\/GameMakerProjects\/Silly-Wizard\/datafiles\/tunes\/Jig of Slurs\/Jig of Slurs.json","bpm":106.0}
{"ts_local":"5\/28\/2026 9:25:20 PM","engine_ms":48786.0,"message":"[CONTEXT-SYNC] updated playback_context.segments[0].bpm to 106","grace_ms":0.0,"channel":"bpm","swing":"0","event":"message","tune":"C:\/Users\/xian\/GameMakerProjects\/Silly-Wizard\/datafiles\/tunes\/Jig of Slurs\/Jig of Slurs.json","bpm":106.0}
{"ts_local":"5\/28\/2026 9:25:20 PM","engine_ms":48786.0,"message":"[START-PLAY-BPM] overriding stale context bpm: 106 -> 106","grace_ms":0.0,"channel":"bpm","swing":"0","event":"start_play","tune":"C:\/Users\/xian\/GameMakerProjects\/Silly-Wizard\/datafiles\/tunes\/Jig of Slurs\/Jig of Slurs.json","bpm":106.0}
{"channel":"bpm","event":"message","swing":"0","ts_local":"5\/28\/2026 9:35:27 PM","engine_ms":17841.0,"message":"[EFFECTIVE-SETTINGS] bpm=106 swing_mult=0 grace_ms=0 metro_mode=2 metro_pattern=0 metro_volume=100 count_in=0 mode=single_virtual_set","grace_ms":0.0,"bpm":106.0}
{"channel":"bpm","event":"message","swing":"0","ts_local":"5\/28\/2026 9:35:27 PM","engine_ms":17841.0,"message":"[CONTEXT-SYNC] updated playback_context.segments[0].bpm to 106","grace_ms":0.0,"bpm":106.0}
{"channel":"bpm","event":"start_play","swing":"0","ts_local":"5\/28\/2026 9:35:29 PM","engine_ms":19960.0,"message":"[START-PLAY] mode_detected=tune is_set_mode=0","grace_ms":0.0,"bpm":106.0}
{"channel":"bpm","event":"start_play","swing":"0","ts_local":"5\/28\/2026 9:35:29 PM","engine_ms":19960.0,"message":"[START-PLAY-EFFECTIVE] bpm=106 swing=0 grace_ms=0","grace_ms":0.0,"bpm":106.0}
{"channel":"bpm","event":"message","swing":"0","ts_local":"5\/28\/2026 9:35:29 PM","engine_ms":19960.0,"message":"[EFFECTIVE-SETTINGS] bpm=106 swing_mult=0 grace_ms=0 metro_mode=2 metro_pattern=0 metro_volume=100 count_in=0 mode=single_virtual_set","grace_ms":0.0,"bpm":106.0}
{"channel":"bpm","event":"message","swing":"0","ts_local":"5\/28\/2026 9:35:29 PM","engine_ms":19960.0,"message":"[CONTEXT-SYNC] updated playback_context.segments[0].bpm to 106","grace_ms":0.0,"bpm":106.0}
{"bpm":106.0,"channel":"bpm","event":"start_play","swing":"0","ts_local":"5\/28\/2026 9:35:29 PM","engine_ms":19960.0,"message":"[START-PLAY-BPM] overriding stale context bpm: 106 -> 106","tune":"C:\/Users\/xian\/GameMakerProjects\/Silly-Wizard\/datafiles\/tunes\/Jig of Slurs\/Jig of Slurs.json","grace_ms":0.0}
{"event":"message","channel":"bpm","swing":"0","ts_local":"5\/28\/2026 9:43:23 PM","engine_ms":19110.0,"message":"[EFFECTIVE-SETTINGS] bpm=106 swing_mult=0 grace_ms=0 metro_mode=2 metro_pattern=0 metro_volume=100 count_in=0 mode=single_virtual_set","grace_ms":0.0,"bpm":106.0}
{"event":"message","channel":"bpm","swing":"0","ts_local":"5\/28\/2026 9:43:23 PM","engine_ms":19110.0,"message":"[CONTEXT-SYNC] updated playback_context.segments[0].bpm to 106","grace_ms":0.0,"bpm":106.0}
{"event":"start_play","channel":"bpm","swing":"0","ts_local":"5\/28\/2026 9:43:24 PM","engine_ms":20296.0,"message":"[START-PLAY] mode_detected=tune is_set_mode=0","grace_ms":0.0,"bpm":106.0}
{"event":"start_play","channel":"bpm","swing":"0","ts_local":"5\/28\/2026 9:43:24 PM","engine_ms":20296.0,"message":"[START-PLAY-EFFECTIVE] bpm=106 swing=0 grace_ms=0","grace_ms":0.0,"bpm":106.0}
{"event":"message","channel":"bpm","swing":"0","ts_local":"5\/28\/2026 9:43:24 PM","engine_ms":20296.0,"message":"[EFFECTIVE-SETTINGS] bpm=106 swing_mult=0 grace_ms=0 metro_mode=2 metro_pattern=0 metro_volume=100 count_in=0 mode=single_virtual_set","grace_ms":0.0,"bpm":106.0}
{"event":"message","channel":"bpm","swing":"0","ts_local":"5\/28\/2026 9:43:24 PM","engine_ms":20296.0,"message":"[CONTEXT-SYNC] updated playback_context.segments[0].bpm to 106","grace_ms":0.0,"bpm":106.0}
{"event":"start_play","channel":"bpm","swing":"0","ts_local":"5\/28\/2026 9:43:24 PM","engine_ms":20296.0,"message":"[START-PLAY-BPM] overriding stale context bpm: 106 -> 106","grace_ms":0.0,"tune":"C:\/Users\/xian\/GameMakerProjects\/Silly-Wizard\/datafiles\/tunes\/Jig of Slurs\/Jig of Slurs.json","bpm":106.0}
{"event":"message","channel":"bpm","swing":"0","ts_local":"5\/28\/2026 9:47:11 PM","engine_ms":21406.0,"message":"[EFFECTIVE-SETTINGS] bpm=106 swing_mult=0 grace_ms=0 metro_mode=0 metro_pattern=0 metro_volume=100 count_in=0 mode=single_virtual_set","grace_ms":0.0,"bpm":106.0}
{"event":"message","channel":"bpm","swing":"0","ts_local":"5\/28\/2026 9:47:11 PM","engine_ms":21406.0,"message":"[CONTEXT-SYNC] updated playback_context.segments[0].bpm to 106","grace_ms":0.0,"bpm":106.0}
{"event":"message","channel":"bpm","swing":"0","ts_local":"5\/28\/2026 9:47:14 PM","engine_ms":23530.0,"message":"[EFFECTIVE-SETTINGS] bpm=106 swing_mult=0 grace_ms=0 metro_mode=1 metro_pattern=0 metro_volume=100 count_in=0 mode=single_virtual_set","grace_ms":0.0,"bpm":106.0}
{"event":"message","channel":"bpm","swing":"0","ts_local":"5\/28\/2026 9:47:14 PM","engine_ms":23530.0,"message":"[CONTEXT-SYNC] updated playback_context.segments[0].bpm to 106","grace_ms":0.0,"bpm":106.0}
{"event":"message","channel":"bpm","swing":"0","ts_local":"5\/28\/2026 9:47:16 PM","engine_ms":25486.0,"message":"[EFFECTIVE-SETTINGS] bpm=106 swing_mult=0 grace_ms=0 metro_mode=1 metro_pattern=0 metro_volume=100 count_in=0 mode=single_virtual_set","grace_ms":0.0,"bpm":106.0}
{"event":"message","channel":"bpm","swing":"0","ts_local":"5\/28\/2026 9:47:16 PM","engine_ms":25486.0,"message":"[CONTEXT-SYNC] updated playback_context.segments[0].bpm to 106","grace_ms":0.0,"bpm":106.0}
{"event":"start_play","channel":"bpm","swing":"0","ts_local":"5\/28\/2026 9:47:17 PM","engine_ms":26745.0,"message":"[START-PLAY] mode_detected=tune is_set_mode=0","grace_ms":0.0,"bpm":106.0}
{"event":"start_play","channel":"bpm","swing":"0","ts_local":"5\/28\/2026 9:47:17 PM","engine_ms":26745.0,"message":"[START-PLAY-EFFECTIVE] bpm=106 swing=0 grace_ms=0","grace_ms":0.0,"bpm":106.0}
{"event":"message","channel":"bpm","swing":"0","ts_local":"5\/28\/2026 9:47:17 PM","engine_ms":26745.0,"message":"[EFFECTIVE-SETTINGS] bpm=106 swing_mult=0 grace_ms=0 metro_mode=1 metro_pattern=0 metro_volume=100 count_in=0 mode=single_virtual_set","grace_ms":0.0,"bpm":106.0}
{"event":"message","channel":"bpm","swing":"0","ts_local":"5\/28\/2026 9:47:17 PM","engine_ms":26745.0,"message":"[CONTEXT-SYNC] updated playback_context.segments[0].bpm to 106","grace_ms":0.0,"bpm":106.0}
{"event":"start_play","channel":"bpm","swing":"0","ts_local":"5\/28\/2026 9:47:17 PM","engine_ms":26745.0,"message":"[START-PLAY-BPM] overriding stale context bpm: 106 -> 106","grace_ms":0.0,"tune":"C:\/Users\/xian\/GameMakerProjects\/Silly-Wizard\/datafiles\/tunes\/Jig of Slurs\/Jig of Slurs.json","bpm":106.0}
{"event":"message","channel":"bpm","ts_local":"5\/28\/2026 9:53:53 PM","engine_ms":14734.0,"swing":"0","message":"[EFFECTIVE-SETTINGS] bpm=106 swing_mult=0 grace_ms=0 metro_mode=2 metro_pattern=0 metro_volume=100 count_in=0 mode=single_virtual_set","grace_ms":0.0,"bpm":106.0}
{"event":"message","channel":"bpm","ts_local":"5\/28\/2026 9:53:53 PM","engine_ms":14734.0,"swing":"0","message":"[CONTEXT-SYNC] updated playback_context.segments[0].bpm to 106","grace_ms":0.0,"bpm":106.0}
{"event":"start_play","channel":"bpm","ts_local":"5\/28\/2026 9:53:54 PM","engine_ms":15640.0,"swing":"0","message":"[START-PLAY] mode_detected=tune is_set_mode=0","grace_ms":0.0,"bpm":106.0}
{"event":"start_play","channel":"bpm","ts_local":"5\/28\/2026 9:53:54 PM","engine_ms":15640.0,"swing":"0","message":"[START-PLAY-EFFECTIVE] bpm=106 swing=0 grace_ms=0","grace_ms":0.0,"bpm":106.0}
{"event":"message","channel":"bpm","ts_local":"5\/28\/2026 9:53:54 PM","engine_ms":15640.0,"swing":"0","message":"[EFFECTIVE-SETTINGS] bpm=106 swing_mult=0 grace_ms=0 metro_mode=2 metro_pattern=0 metro_volume=100 count_in=0 mode=single_virtual_set","grace_ms":0.0,"bpm":106.0}
{"event":"message","channel":"bpm","ts_local":"5\/28\/2026 9:53:54 PM","engine_ms":15640.0,"swing":"0","message":"[CONTEXT-SYNC] updated playback_context.segments[0].bpm to 106","grace_ms":0.0,"bpm":106.0}
{"event":"start_play","channel":"bpm","ts_local":"5\/28\/2026 9:53:54 PM","engine_ms":15640.0,"swing":"0","message":"[START-PLAY-BPM] overriding stale context bpm: 106 -> 106","grace_ms":0.0,"tune":"C:\/Users\/xian\/GameMakerProjects\/Silly-Wizard\/datafiles\/tunes\/Jig of Slurs\/Jig of Slurs.json","bpm":106.0}
{"bpm":106.0,"message":"[EFFECTIVE-SETTINGS] bpm=106 swing_mult=0 grace_ms=0 metro_mode=2 metro_pattern=0 metro_volume=100 count_in=0 mode=single_virtual_set","grace_ms":0.0,"channel":"bpm","swing":"0","event":"message","ts_local":"5\/28\/2026 10:00:58 PM","engine_ms":17090.0}
{"bpm":106.0,"message":"[CONTEXT-SYNC] updated playback_context.segments[0].bpm to 106","grace_ms":0.0,"channel":"bpm","swing":"0","event":"message","ts_local":"5\/28\/2026 10:00:58 PM","engine_ms":17090.0}
{"bpm":106.0,"message":"[START-PLAY] mode_detected=tune is_set_mode=0","grace_ms":0.0,"channel":"bpm","swing":"0","event":"start_play","ts_local":"5\/28\/2026 10:01:01 PM","engine_ms":19939.0}
{"bpm":106.0,"message":"[START-PLAY-EFFECTIVE] bpm=106 swing=0 grace_ms=0","grace_ms":0.0,"channel":"bpm","swing":"0","event":"start_play","ts_local":"5\/28\/2026 10:01:01 PM","engine_ms":19939.0}
{"bpm":106.0,"message":"[EFFECTIVE-SETTINGS] bpm=106 swing_mult=0 grace_ms=0 metro_mode=2 metro_pattern=0 metro_volume=100 count_in=0 mode=single_virtual_set","grace_ms":0.0,"channel":"bpm","swing":"0","event":"message","ts_local":"5\/28\/2026 10:01:01 PM","engine_ms":19939.0}
{"bpm":106.0,"message":"[CONTEXT-SYNC] updated playback_context.segments[0].bpm to 106","grace_ms":0.0,"channel":"bpm","swing":"0","event":"message","ts_local":"5\/28\/2026 10:01:01 PM","engine_ms":19939.0}
{"engine_ms":19939.0,"bpm":106.0,"message":"[START-PLAY-BPM] overriding stale context bpm: 106 -> 106","grace_ms":0.0,"channel":"bpm","swing":"0","event":"start_play","ts_local":"5\/28\/2026 10:01:01 PM","tune":"C:\/Users\/xian\/GameMakerProjects\/Silly-Wizard\/datafiles\/tunes\/Jig of Slurs\/Jig of Slurs.json"}
{"event":"message","channel":"bpm","ts_local":"5\/28\/2026 10:09:17 PM","engine_ms":14233.0,"swing":"0","grace_ms":0.0,"message":"[EFFECTIVE-SETTINGS] bpm=106 swing_mult=0 grace_ms=0 metro_mode=2 metro_pattern=0 metro_volume=100 count_in=0 mode=single_virtual_set","bpm":106.0}
{"event":"message","channel":"bpm","ts_local":"5\/28\/2026 10:09:18 PM","engine_ms":14233.0,"swing":"0","grace_ms":0.0,"message":"[CONTEXT-SYNC] updated playback_context.segments[0].bpm to 106","bpm":106.0}
{"event":"start_play","channel":"bpm","ts_local":"5\/28\/2026 10:09:19 PM","engine_ms":15230.0,"swing":"0","grace_ms":0.0,"message":"[START-PLAY] mode_detected=tune is_set_mode=0","bpm":106.0}
{"event":"start_play","channel":"bpm","ts_local":"5\/28\/2026 10:09:19 PM","engine_ms":15230.0,"swing":"0","grace_ms":0.0,"message":"[START-PLAY-EFFECTIVE] bpm=106 swing=0 grace_ms=0","bpm":106.0}
{"event":"message","channel":"bpm","ts_local":"5\/28\/2026 10:09:19 PM","engine_ms":15230.0,"swing":"0","grace_ms":0.0,"message":"[EFFECTIVE-SETTINGS] bpm=106 swing_mult=0 grace_ms=0 metro_mode=2 metro_pattern=0 metro_volume=100 count_in=0 mode=single_virtual_set","bpm":106.0}
{"event":"message","channel":"bpm","ts_local":"5\/28\/2026 10:09:19 PM","engine_ms":15230.0,"swing":"0","grace_ms":0.0,"message":"[CONTEXT-SYNC] updated playback_context.segments[0].bpm to 106","bpm":106.0}
{"event":"start_play","channel":"bpm","ts_local":"5\/28\/2026 10:09:19 PM","engine_ms":15230.0,"swing":"0","grace_ms":0.0,"message":"[START-PLAY-BPM] overriding stale context bpm: 106 -> 106","tune":"C:\/Users\/xian\/GameMakerProjects\/Silly-Wizard\/datafiles\/tunes\/Jig of Slurs\/Jig of Slurs.json","bpm":106.0}
{"event":"message","channel":"bpm","ts_local":"5\/29\/2026 7:44:39 PM","engine_ms":20714.0,"swing":"0","grace_ms":0.0,"message":"[EFFECTIVE-SETTINGS] bpm=106 swing_mult=0 grace_ms=0 metro_mode=2 metro_pattern=0 metro_volume=100 count_in=0 mode=single_virtual_set","bpm":106.0}
{"event":"message","channel":"bpm","ts_local":"5\/29\/2026 7:44:39 PM","engine_ms":20714.0,"swing":"0","grace_ms":0.0,"message":"[CONTEXT-SYNC] updated playback_context.segments[0].bpm to 106","bpm":106.0}
{"event":"start_play","channel":"bpm","ts_local":"5\/29\/2026 7:44:41 PM","engine_ms":22109.0,"swing":"0","grace_ms":0.0,"message":"[START-PLAY] mode_detected=tune is_set_mode=0","bpm":106.0}
{"event":"start_play","channel":"bpm","ts_local":"5\/29\/2026 7:44:41 PM","engine_ms":22109.0,"swing":"0","grace_ms":0.0,"message":"[START-PLAY-EFFECTIVE] bpm=106 swing=0 grace_ms=0","bpm":106.0}
{"event":"message","channel":"bpm","ts_local":"5\/29\/2026 7:44:41 PM","engine_ms":22109.0,"swing":"0","grace_ms":0.0,"message":"[EFFECTIVE-SETTINGS] bpm=106 swing_mult=0 grace_ms=0 metro_mode=2 metro_pattern=0 metro_volume=100 count_in=0 mode=single_virtual_set","bpm":106.0}
{"event":"message","channel":"bpm","ts_local":"5\/29\/2026 7:44:41 PM","engine_ms":22109.0,"swing":"0","grace_ms":0.0,"message":"[CONTEXT-SYNC] updated playback_context.segments[0].bpm to 106","bpm":106.0}
{"event":"start_play","channel":"bpm","ts_local":"5\/29\/2026 7:44:41 PM","engine_ms":22109.0,"swing":"0","grace_ms":0.0,"message":"[START-PLAY-BPM] overriding stale context bpm: 106 -> 106","tune":"C:\/Users\/xian\/GameMakerProjects\/Silly-Wizard\/datafiles\/tunes\/Jig of Slurs\/Jig of Slurs.json","bpm":106.0}
{"event":"message","channel":"bpm","ts_local":"5\/29\/2026 7:45:10 PM","engine_ms":51419.0,"swing":"0","grace_ms":0.0,"message":"[EFFECTIVE-SETTINGS] bpm=106 swing_mult=0 grace_ms=0 metro_mode=2 metro_pattern=0 metro_volume=100 count_in=0 mode=single_virtual_set","tune":"C:\/Users\/xian\/GameMakerProjects\/Silly-Wizard\/datafiles\/tunes\/Jig of Slurs\/Jig of Slurs.json","bpm":106.0}
{"event":"message","channel":"bpm","ts_local":"5\/29\/2026 7:45:10 PM","engine_ms":51419.0,"swing":"0","grace_ms":0.0,"message":"[CONTEXT-SYNC] updated playback_context.segments[0].bpm to 106","tune":"C:\/Users\/xian\/GameMakerProjects\/Silly-Wizard\/datafiles\/tunes\/Jig of Slurs\/Jig of Slurs.json","bpm":106.0}
{"event":"start_play","channel":"bpm","ts_local":"5\/29\/2026 7:45:11 PM","engine_ms":52762.0,"swing":"0","grace_ms":0.0,"message":"[START-PLAY] mode_detected=tune is_set_mode=0","tune":"C:\/Users\/xian\/GameMakerProjects\/Silly-Wizard\/datafiles\/tunes\/Jig of Slurs\/Jig of Slurs.json","bpm":106.0}
{"event":"start_play","channel":"bpm","ts_local":"5\/29\/2026 7:45:11 PM","engine_ms":52762.0,"swing":"0","grace_ms":0.0,"message":"[START-PLAY-EFFECTIVE] bpm=106 swing=0 grace_ms=0","tune":"C:\/Users\/xian\/GameMakerProjects\/Silly-Wizard\/datafiles\/tunes\/Jig of Slurs\/Jig of Slurs.json","bpm":106.0}
{"event":"message","channel":"bpm","ts_local":"5\/29\/2026 7:45:11 PM","engine_ms":52762.0,"swing":"0","grace_ms":0.0,"message":"[EFFECTIVE-SETTINGS] bpm=106 swing_mult=0 grace_ms=0 metro_mode=2 metro_pattern=0 metro_volume=100 count_in=0 mode=single_virtual_set","tune":"C:\/Users\/xian\/GameMakerProjects\/Silly-Wizard\/datafiles\/tunes\/Jig of Slurs\/Jig of Slurs.json","bpm":106.0}
{"event":"message","channel":"bpm","ts_local":"5\/29\/2026 7:45:11 PM","engine_ms":52762.0,"swing":"0","grace_ms":0.0,"message":"[CONTEXT-SYNC] updated playback_context.segments[0].bpm to 106","tune":"C:\/Users\/xian\/GameMakerProjects\/Silly-Wizard\/datafiles\/tunes\/Jig of Slurs\/Jig of Slurs.json","bpm":106.0}
{"event":"start_play","channel":"bpm","ts_local":"5\/29\/2026 7:45:11 PM","engine_ms":52762.0,"swing":"0","grace_ms":0.0,"message":"[START-PLAY-BPM] overriding stale context bpm: 106 -> 106","tune":"C:\/Users\/xian\/GameMakerProjects\/Silly-Wizard\/datafiles\/tunes\/Jig of Slurs\/Jig of Slurs.json","bpm":106.0}
{"event":"bpm_change","channel":"bpm","ts_local":"5\/30\/2026 10:23:20 AM","engine_ms":65046.0,"swing":"0","grace_ms":0.0,"message":"[BPM-FIELD-LOOKUP] found field: value=106"}
{"event":"message","channel":"bpm","ts_local":"5\/30\/2026 10:23:24 AM","engine_ms":68360.0,"swing":"0","grace_ms":0.0,"message":"[EFFECTIVE-SETTINGS] bpm=106 swing_mult=0 grace_ms=0 metro_mode=2 metro_pattern=0 metro_volume=100 count_in=1 mode=single_virtual_set","bpm":106.0}
{"event":"message","channel":"bpm","ts_local":"5\/30\/2026 10:23:24 AM","engine_ms":68360.0,"swing":"0","grace_ms":0.0,"message":"[CONTEXT-SYNC] updated playback_context.segments[0].bpm to 106","bpm":106.0}
{"event":"start_play","channel":"bpm","ts_local":"5\/30\/2026 10:23:26 AM","engine_ms":70510.0,"swing":"0","grace_ms":0.0,"message":"[START-PLAY] mode_detected=tune is_set_mode=0","bpm":106.0}
{"event":"start_play","channel":"bpm","ts_local":"5\/30\/2026 10:23:26 AM","engine_ms":70510.0,"swing":"0","grace_ms":0.0,"message":"[START-PLAY-EFFECTIVE] bpm=106 swing=0 grace_ms=0","bpm":106.0}
{"event":"message","channel":"bpm","ts_local":"5\/30\/2026 10:23:26 AM","engine_ms":70510.0,"swing":"0","grace_ms":0.0,"message":"[EFFECTIVE-SETTINGS] bpm=106 swing_mult=0 grace_ms=0 metro_mode=2 metro_pattern=0 metro_volume=100 count_in=1 mode=single_virtual_set","bpm":106.0}
{"event":"message","channel":"bpm","ts_local":"5\/30\/2026 10:23:26 AM","engine_ms":70510.0,"swing":"0","grace_ms":0.0,"message":"[CONTEXT-SYNC] updated playback_context.segments[0].bpm to 106","bpm":106.0}
{"event":"start_play","channel":"bpm","ts_local":"5\/30\/2026 10:23:26 AM","engine_ms":70510.0,"swing":"0","grace_ms":0.0,"message":"[START-PLAY-BPM] overriding stale context bpm: 106 -> 106","tune":"C:\/Users\/xian\/GameMakerProjects\/Silly-Wizard\/datafiles\/tunes\/Jig of Slurs\/Jig of Slurs.json","bpm":106.0}
{"event":"message","channel":"bpm","ts_local":"5\/30\/2026 10:30:34 AM","engine_ms":13578.0,"swing":"0","grace_ms":0.0,"message":"[EFFECTIVE-SETTINGS] bpm=106 swing_mult=0 grace_ms=0 metro_mode=2 metro_pattern=0 metro_volume=100 count_in=0 mode=single_virtual_set","bpm":106.0}
{"event":"message","channel":"bpm","ts_local":"5\/30\/2026 10:30:34 AM","engine_ms":13578.0,"swing":"0","grace_ms":0.0,"message":"[CONTEXT-SYNC] updated playback_context.segments[0].bpm to 106","bpm":106.0}
{"event":"start_play","channel":"bpm","ts_local":"5\/30\/2026 10:30:36 AM","engine_ms":15483.0,"swing":"0","grace_ms":0.0,"message":"[START-PLAY] mode_detected=tune is_set_mode=0","bpm":106.0}
{"event":"start_play","channel":"bpm","ts_local":"5\/30\/2026 10:30:36 AM","engine_ms":15483.0,"swing":"0","grace_ms":0.0,"message":"[START-PLAY-EFFECTIVE] bpm=106 swing=0 grace_ms=0","bpm":106.0}
{"event":"message","channel":"bpm","ts_local":"5\/30\/2026 10:30:36 AM","engine_ms":15483.0,"swing":"0","grace_ms":0.0,"message":"[EFFECTIVE-SETTINGS] bpm=106 swing_mult=0 grace_ms=0 metro_mode=2 metro_pattern=0 metro_volume=100 count_in=0 mode=single_virtual_set","bpm":106.0}
{"event":"message","channel":"bpm","ts_local":"5\/30\/2026 10:30:36 AM","engine_ms":15483.0,"swing":"0","grace_ms":0.0,"message":"[CONTEXT-SYNC] updated playback_context.segments[0].bpm to 106","bpm":106.0}
{"event":"start_play","channel":"bpm","ts_local":"5\/30\/2026 10:30:36 AM","engine_ms":15483.0,"swing":"0","grace_ms":0.0,"message":"[START-PLAY-BPM] overriding stale context bpm: 106 -> 106","tune":"C:\/Users\/xian\/GameMakerProjects\/Silly-Wizard\/datafiles\/tunes\/Jig of Slurs\/Jig of Slurs.json","bpm":106.0}
{"event":"message","channel":"bpm","ts_local":"5\/30\/2026 10:35:52 AM","engine_ms":13660.0,"swing":"0","grace_ms":0.0,"message":"[EFFECTIVE-SETTINGS] bpm=106 swing_mult=0 grace_ms=0 metro_mode=2 metro_pattern=0 metro_volume=100 count_in=0 mode=single_virtual_set","bpm":106.0}
{"event":"message","channel":"bpm","ts_local":"5\/30\/2026 10:35:52 AM","engine_ms":13660.0,"swing":"0","grace_ms":0.0,"message":"[CONTEXT-SYNC] updated playback_context.segments[0].bpm to 106","bpm":106.0}
{"event":"start_play","channel":"bpm","ts_local":"5\/30\/2026 10:35:59 AM","engine_ms":20837.0,"swing":"0","grace_ms":0.0,"message":"[START-PLAY] mode_detected=tune is_set_mode=0","bpm":106.0}
{"event":"start_play","channel":"bpm","ts_local":"5\/30\/2026 10:35:59 AM","engine_ms":20837.0,"swing":"0","grace_ms":0.0,"message":"[START-PLAY-EFFECTIVE] bpm=106 swing=0 grace_ms=0","bpm":106.0}
{"event":"message","channel":"bpm","ts_local":"5\/30\/2026 10:35:59 AM","engine_ms":20837.0,"swing":"0","grace_ms":0.0,"message":"[EFFECTIVE-SETTINGS] bpm=106 swing_mult=0 grace_ms=0 metro_mode=2 metro_pattern=0 metro_volume=100 count_in=0 mode=single_virtual_set","bpm":106.0}
{"event":"message","channel":"bpm","ts_local":"5\/30\/2026 10:35:59 AM","engine_ms":20837.0,"swing":"0","grace_ms":0.0,"message":"[CONTEXT-SYNC] updated playback_context.segments[0].bpm to 106","bpm":106.0}
{"event":"start_play","channel":"bpm","ts_local":"5\/30\/2026 10:35:59 AM","engine_ms":20837.0,"swing":"0","grace_ms":0.0,"message":"[START-PLAY-BPM] overriding stale context bpm: 106 -> 106","tune":"C:\/Users\/xian\/GameMakerProjects\/Silly-Wizard\/datafiles\/tunes\/Jig of Slurs\/Jig of Slurs.json","bpm":106.0}
{"event":"start_play","channel":"bpm","ts_local":"5\/30\/2026 10:36:40 AM","engine_ms":61275.0,"swing":"0","grace_ms":0.0,"message":"[START-PLAY] mode_detected=tune is_set_mode=0","tune":"C:\/Users\/xian\/GameMakerProjects\/Silly-Wizard\/datafiles\/tunes\/Jig of Slurs\/Jig of Slurs.json","bpm":106.0}
{"event":"start_play","channel":"bpm","ts_local":"5\/30\/2026 10:36:40 AM","engine_ms":61275.0,"swing":"0","grace_ms":0.0,"message":"[START-PLAY-EFFECTIVE] bpm=106 swing=0 grace_ms=0","tune":"C:\/Users\/xian\/GameMakerProjects\/Silly-Wizard\/datafiles\/tunes\/Jig of Slurs\/Jig of Slurs.json","bpm":106.0}
{"event":"message","channel":"bpm","ts_local":"5\/30\/2026 10:36:40 AM","engine_ms":61275.0,"swing":"0","grace_ms":0.0,"message":"[EFFECTIVE-SETTINGS] bpm=106 swing_mult=0 grace_ms=0 metro_mode=2 metro_pattern=0 metro_volume=100 count_in=0 mode=single_virtual_set","tune":"C:\/Users\/xian\/GameMakerProjects\/Silly-Wizard\/datafiles\/tunes\/Jig of Slurs\/Jig of Slurs.json","bpm":106.0}
{"event":"message","channel":"bpm","ts_local":"5\/30\/2026 10:36:40 AM","engine_ms":61275.0,"swing":"0","grace_ms":0.0,"message":"[CONTEXT-SYNC] updated playback_context.segments[0].bpm to 106","tune":"C:\/Users\/xian\/GameMakerProjects\/Silly-Wizard\/datafiles\/tunes\/Jig of Slurs\/Jig of Slurs.json","bpm":106.0}
{"event":"start_play","channel":"bpm","ts_local":"5\/30\/2026 10:36:40 AM","engine_ms":61275.0,"swing":"0","grace_ms":0.0,"message":"[START-PLAY-BPM] overriding stale context bpm: 106 -> 106","tune":"C:\/Users\/xian\/GameMakerProjects\/Silly-Wizard\/datafiles\/tunes\/Jig of Slurs\/Jig of Slurs.json","bpm":106.0}
{"event":"message","channel":"bpm","ts_local":"5\/30\/2026 10:38:38 AM","engine_ms":14001.0,"swing":"0","grace_ms":0.0,"message":"[EFFECTIVE-SETTINGS] bpm=106 swing_mult=0 grace_ms=0 metro_mode=2 metro_pattern=0 metro_volume=100 count_in=0 mode=single_virtual_set","bpm":106.0}
{"event":"message","channel":"bpm","ts_local":"5\/30\/2026 10:38:38 AM","engine_ms":14001.0,"swing":"0","grace_ms":0.0,"message":"[CONTEXT-SYNC] updated playback_context.segments[0].bpm to 106","bpm":106.0}
{"event":"start_play","channel":"bpm","ts_local":"5\/30\/2026 10:38:43 AM","engine_ms":19280.0,"swing":"0","grace_ms":0.0,"message":"[START-PLAY] mode_detected=tune is_set_mode=0","bpm":106.0}
{"event":"start_play","channel":"bpm","ts_local":"5\/30\/2026 10:38:43 AM","engine_ms":19280.0,"swing":"0","grace_ms":0.0,"message":"[START-PLAY-EFFECTIVE] bpm=106 swing=0 grace_ms=0","bpm":106.0}
{"event":"message","channel":"bpm","ts_local":"5\/30\/2026 10:38:43 AM","engine_ms":19280.0,"swing":"0","grace_ms":0.0,"message":"[EFFECTIVE-SETTINGS] bpm=106 swing_mult=0 grace_ms=0 metro_mode=2 metro_pattern=0 metro_volume=100 count_in=0 mode=single_virtual_set","bpm":106.0}
{"event":"message","channel":"bpm","ts_local":"5\/30\/2026 10:38:43 AM","engine_ms":19280.0,"swing":"0","grace_ms":0.0,"message":"[CONTEXT-SYNC] updated playback_context.segments[0].bpm to 106","bpm":106.0}
{"event":"start_play","channel":"bpm","ts_local":"5\/30\/2026 10:38:43 AM","engine_ms":19280.0,"swing":"0","grace_ms":0.0,"message":"[START-PLAY-BPM] overriding stale context bpm: 106 -> 106","tune":"C:\/Users\/xian\/GameMakerProjects\/Silly-Wizard\/datafiles\/tunes\/Jig of Slurs\/Jig of Slurs.json","bpm":106.0}
{"event":"message","channel":"bpm","ts_local":"5\/30\/2026 2:04:02 PM","swing":"0","engine_ms":11602.0,"grace_ms":0.0,"message":"[EFFECTIVE-SETTINGS] bpm=106 swing_mult=0 grace_ms=0 metro_mode=2 metro_pattern=0 metro_volume=100 count_in=0 mode=single_virtual_set","bpm":106.0}
{"event":"message","channel":"bpm","ts_local":"5\/30\/2026 2:04:02 PM","swing":"0","engine_ms":11602.0,"grace_ms":0.0,"message":"[CONTEXT-SYNC] updated playback_context.segments[0].bpm to 106","bpm":106.0}
{"event":"start_play","channel":"bpm","ts_local":"5\/30\/2026 2:04:04 PM","swing":"0","engine_ms":13417.0,"grace_ms":0.0,"message":"[START-PLAY] mode_detected=tune is_set_mode=0","bpm":106.0}
{"event":"start_play","channel":"bpm","ts_local":"5\/30\/2026 2:04:04 PM","swing":"0","engine_ms":13417.0,"grace_ms":0.0,"message":"[START-PLAY-EFFECTIVE] bpm=106 swing=0 grace_ms=0","bpm":106.0}
{"event":"message","channel":"bpm","ts_local":"5\/30\/2026 2:04:04 PM","swing":"0","engine_ms":13417.0,"grace_ms":0.0,"message":"[EFFECTIVE-SETTINGS] bpm=106 swing_mult=0 grace_ms=0 metro_mode=2 metro_pattern=0 metro_volume=100 count_in=0 mode=single_virtual_set","bpm":106.0}
{"event":"message","channel":"bpm","ts_local":"5\/30\/2026 2:04:04 PM","swing":"0","engine_ms":13417.0,"grace_ms":0.0,"message":"[CONTEXT-SYNC] updated playback_context.segments[0].bpm to 106","bpm":106.0}
{"event":"start_play","channel":"bpm","ts_local":"5\/30\/2026 2:04:04 PM","swing":"0","engine_ms":13417.0,"grace_ms":0.0,"message":"[START-PLAY-BPM] overriding stale context bpm: 106 -> 106","tune":"C:\/Users\/xian\/GameMakerProjects\/Silly-Wizard\/datafiles\/tunes\/Jig of Slurs\/Jig of Slurs.json","bpm":106.0}
{"event":"message","channel":"bpm","ts_local":"5\/30\/2026 2:04:33 PM","swing":"0","engine_ms":42696.0,"grace_ms":0.0,"message":"[EFFECTIVE-SETTINGS] bpm=106 swing_mult=0 grace_ms=0 metro_mode=2 metro_pattern=0 metro_volume=100 count_in=0 mode=single_virtual_set","tune":"C:\/Users\/xian\/GameMakerProjects\/Silly-Wizard\/datafiles\/tunes\/Jig of Slurs\/Jig of Slurs.json","bpm":106.0}
{"event":"message","channel":"bpm","ts_local":"5\/30\/2026 2:04:33 PM","swing":"0","engine_ms":42696.0,"grace_ms":0.0,"message":"[CONTEXT-SYNC] updated playback_context.segments[0].bpm to 106","tune":"C:\/Users\/xian\/GameMakerProjects\/Silly-Wizard\/datafiles\/tunes\/Jig of Slurs\/Jig of Slurs.json","bpm":106.0}
{"event":"start_play","channel":"bpm","ts_local":"5\/30\/2026 2:04:36 PM","swing":"0","engine_ms":45764.0,"grace_ms":0.0,"message":"[START-PLAY] mode_detected=tune is_set_mode=0","tune":"C:\/Users\/xian\/GameMakerProjects\/Silly-Wizard\/datafiles\/tunes\/Jig of Slurs\/Jig of Slurs.json","bpm":106.0}
{"event":"start_play","channel":"bpm","ts_local":"5\/30\/2026 2:04:36 PM","swing":"0","engine_ms":45764.0,"grace_ms":0.0,"message":"[START-PLAY-EFFECTIVE] bpm=106 swing=0 grace_ms=0","tune":"C:\/Users\/xian\/GameMakerProjects\/Silly-Wizard\/datafiles\/tunes\/Jig of Slurs\/Jig of Slurs.json","bpm":106.0}
{"event":"message","channel":"bpm","ts_local":"5\/30\/2026 2:04:36 PM","swing":"0","engine_ms":45764.0,"grace_ms":0.0,"message":"[EFFECTIVE-SETTINGS] bpm=106 swing_mult=0 grace_ms=0 metro_mode=2 metro_pattern=0 metro_volume=100 count_in=0 mode=single_virtual_set","tune":"C:\/Users\/xian\/GameMakerProjects\/Silly-Wizard\/datafiles\/tunes\/Jig of Slurs\/Jig of Slurs.json","bpm":106.0}
{"event":"message","channel":"bpm","ts_local":"5\/30\/2026 2:04:36 PM","swing":"0","engine_ms":45764.0,"grace_ms":0.0,"message":"[CONTEXT-SYNC] updated playback_context.segments[0].bpm to 106","tune":"C:\/Users\/xian\/GameMakerProjects\/Silly-Wizard\/datafiles\/tunes\/Jig of Slurs\/Jig of Slurs.json","bpm":106.0}
{"event":"start_play","channel":"bpm","ts_local":"5\/30\/2026 2:04:36 PM","swing":"0","engine_ms":45764.0,"grace_ms":0.0,"message":"[START-PLAY-BPM] overriding stale context bpm: 106 -> 106","tune":"C:\/Users\/xian\/GameMakerProjects\/Silly-Wizard\/datafiles\/tunes\/Jig of Slurs\/Jig of Slurs.json","bpm":106.0}
{"event":"message","channel":"bpm","ts_local":"5\/30\/2026 2:06:05 PM","swing":"0","engine_ms":27752.0,"grace_ms":0.0,"message":"[EFFECTIVE-SETTINGS] bpm=106 swing_mult=0 grace_ms=0 metro_mode=2 metro_pattern=0 metro_volume=100 count_in=0 mode=single_virtual_set","bpm":106.0}
{"event":"message","channel":"bpm","ts_local":"5\/30\/2026 2:06:05 PM","swing":"0","engine_ms":27752.0,"grace_ms":0.0,"message":"[CONTEXT-SYNC] updated playback_context.segments[0].bpm to 106","bpm":106.0}
{"event":"start_play","channel":"bpm","ts_local":"5\/30\/2026 2:06:10 PM","swing":"0","engine_ms":32972.0,"grace_ms":0.0,"message":"[START-PLAY] mode_detected=tune is_set_mode=0","bpm":106.0}
{"event":"start_play","channel":"bpm","ts_local":"5\/30\/2026 2:06:10 PM","swing":"0","engine_ms":32972.0,"grace_ms":0.0,"message":"[START-PLAY-EFFECTIVE] bpm=106 swing=0 grace_ms=0","bpm":106.0}
{"event":"message","channel":"bpm","ts_local":"5\/30\/2026 2:06:10 PM","swing":"0","engine_ms":32972.0,"grace_ms":0.0,"message":"[EFFECTIVE-SETTINGS] bpm=106 swing_mult=0 grace_ms=0 metro_mode=2 metro_pattern=0 metro_volume=100 count_in=0 mode=single_virtual_set","bpm":106.0}
{"event":"message","channel":"bpm","ts_local":"5\/30\/2026 2:06:10 PM","swing":"0","engine_ms":32972.0,"grace_ms":0.0,"message":"[CONTEXT-SYNC] updated playback_context.segments[0].bpm to 106","bpm":106.0}
{"event":"start_play","channel":"bpm","ts_local":"5\/30\/2026 2:06:10 PM","swing":"0","engine_ms":32972.0,"grace_ms":0.0,"message":"[START-PLAY-BPM] overriding stale context bpm: 106 -> 106","tune":"C:\/Users\/xian\/GameMakerProjects\/Silly-Wizard\/datafiles\/tunes\/Jig of Slurs\/Jig of Slurs.json","bpm":106.0}
{"event":"message","channel":"bpm","ts_local":"5\/30\/2026 4:12:30 PM","swing":"0","engine_ms":18205.0,"grace_ms":0.0,"message":"[EFFECTIVE-SETTINGS] bpm=106 swing_mult=0 grace_ms=0 metro_mode=2 metro_pattern=0 metro_volume=100 count_in=0 mode=single_virtual_set","bpm":106.0}
{"event":"message","channel":"bpm","ts_local":"5\/30\/2026 4:12:30 PM","swing":"0","engine_ms":18205.0,"grace_ms":0.0,"message":"[CONTEXT-SYNC] updated playback_context.segments[0].bpm to 106","bpm":106.0}
{"event":"start_play","channel":"bpm","ts_local":"5\/30\/2026 4:12:32 PM","swing":"0","engine_ms":20073.0,"grace_ms":0.0,"message":"[START-PLAY] mode_detected=tune is_set_mode=0","bpm":106.0}
{"event":"start_play","channel":"bpm","ts_local":"5\/30\/2026 4:12:32 PM","swing":"0","engine_ms":20073.0,"grace_ms":0.0,"message":"[START-PLAY-EFFECTIVE] bpm=106 swing=0 grace_ms=0","bpm":106.0}
{"event":"message","channel":"bpm","ts_local":"5\/30\/2026 4:12:32 PM","swing":"0","engine_ms":20073.0,"grace_ms":0.0,"message":"[EFFECTIVE-SETTINGS] bpm=106 swing_mult=0 grace_ms=0 metro_mode=2 metro_pattern=0 metro_volume=100 count_in=0 mode=single_virtual_set","bpm":106.0}
{"event":"message","channel":"bpm","ts_local":"5\/30\/2026 4:12:32 PM","swing":"0","engine_ms":20073.0,"grace_ms":0.0,"message":"[CONTEXT-SYNC] updated playback_context.segments[0].bpm to 106","bpm":106.0}
{"event":"start_play","channel":"bpm","ts_local":"5\/30\/2026 4:12:32 PM","swing":"0","engine_ms":20073.0,"grace_ms":0.0,"message":"[START-PLAY-BPM] overriding stale context bpm: 106 -> 106","tune":"C:\/Users\/xian\/GameMakerProjects\/Silly-Wizard\/datafiles\/tunes\/Jig of Slurs\/Jig of Slurs.json","bpm":106.0}
{"event":"message","channel":"bpm","ts_local":"5\/30\/2026 4:13:30 PM","swing":"0","engine_ms":13814.0,"grace_ms":0.0,"message":"[EFFECTIVE-SETTINGS] bpm=106 swing_mult=0 grace_ms=0 metro_mode=2 metro_pattern=0 metro_volume=100 count_in=0 mode=single_virtual_set","bpm":106.0}
{"event":"message","channel":"bpm","ts_local":"5\/30\/2026 4:13:30 PM","swing":"0","engine_ms":13814.0,"grace_ms":0.0,"message":"[CONTEXT-SYNC] updated playback_context.segments[0].bpm to 106","bpm":106.0}
{"event":"start_play","channel":"bpm","ts_local":"5\/30\/2026 4:13:31 PM","swing":"0","engine_ms":15074.0,"grace_ms":0.0,"message":"[START-PLAY] mode_detected=tune is_set_mode=0","bpm":106.0}
{"event":"start_play","channel":"bpm","ts_local":"5\/30\/2026 4:13:31 PM","swing":"0","engine_ms":15074.0,"grace_ms":0.0,"message":"[START-PLAY-EFFECTIVE] bpm=106 swing=0 grace_ms=0","bpm":106.0}
{"event":"message","channel":"bpm","ts_local":"5\/30\/2026 4:13:31 PM","swing":"0","engine_ms":15074.0,"grace_ms":0.0,"message":"[EFFECTIVE-SETTINGS] bpm=106 swing_mult=0 grace_ms=0 metro_mode=2 metro_pattern=0 metro_volume=100 count_in=0 mode=single_virtual_set","bpm":106.0}
{"event":"message","channel":"bpm","ts_local":"5\/30\/2026 4:13:31 PM","swing":"0","engine_ms":15074.0,"grace_ms":0.0,"message":"[CONTEXT-SYNC] updated playback_context.segments[0].bpm to 106","bpm":106.0}
{"event":"start_play","channel":"bpm","ts_local":"5\/30\/2026 4:13:31 PM","swing":"0","engine_ms":15074.0,"grace_ms":0.0,"message":"[START-PLAY-BPM] overriding stale context bpm: 106 -> 106","tune":"C:\/Users\/xian\/GameMakerProjects\/Silly-Wizard\/datafiles\/tunes\/Jig of Slurs\/Jig of Slurs.json","bpm":106.0}
{"event":"bpm_change","channel":"bpm","ts_local":"5\/30\/2026 4:18:48 PM","swing":"0","engine_ms":37243.0,"grace_ms":0.0,"message":"[BPM-FIELD-LOOKUP] found field: value=106"}
{"event":"message","channel":"bpm","ts_local":"5\/30\/2026 4:18:56 PM","swing":"0","engine_ms":45508.0,"grace_ms":0.0,"message":"[EFFECTIVE-SETTINGS] bpm=106 swing_mult=0 grace_ms=0 metro_mode=1 metro_pattern=0 metro_volume=100 count_in=0 mode=single_virtual_set","bpm":106.0}
{"event":"message","channel":"bpm","ts_local":"5\/30\/2026 4:18:56 PM","swing":"0","engine_ms":45508.0,"grace_ms":0.0,"message":"[CONTEXT-SYNC] updated playback_context.segments[0].bpm to 106","bpm":106.0}
{"event":"start_play","channel":"bpm","ts_local":"5\/30\/2026 4:19:00 PM","swing":"0","engine_ms":49356.0,"grace_ms":0.0,"message":"[START-PLAY] mode_detected=tune is_set_mode=0","bpm":106.0}
{"event":"start_play","channel":"bpm","ts_local":"5\/30\/2026 4:19:00 PM","swing":"0","engine_ms":49356.0,"grace_ms":0.0,"message":"[START-PLAY-EFFECTIVE] bpm=106 swing=0 grace_ms=0","bpm":106.0}
{"event":"message","channel":"bpm","ts_local":"5\/30\/2026 4:19:00 PM","swing":"0","engine_ms":49356.0,"grace_ms":0.0,"message":"[EFFECTIVE-SETTINGS] bpm=106 swing_mult=0 grace_ms=0 metro_mode=1 metro_pattern=0 metro_volume=100 count_in=0 mode=single_virtual_set","bpm":106.0}
{"event":"message","channel":"bpm","ts_local":"5\/30\/2026 4:19:00 PM","swing":"0","engine_ms":49356.0,"grace_ms":0.0,"message":"[CONTEXT-SYNC] updated playback_context.segments[0].bpm to 106","bpm":106.0}
{"event":"start_play","channel":"bpm","ts_local":"5\/30\/2026 4:19:00 PM","swing":"0","engine_ms":49356.0,"grace_ms":0.0,"message":"[START-PLAY-BPM] overriding stale context bpm: 106 -> 106","tune":"C:\/Users\/xian\/GameMakerProjects\/Silly-Wizard\/datafiles\/tunes\/Jig of Slurs\/Jig of Slurs.json","bpm":106.0}
{"event":"start_play","channel":"bpm","ts_local":"5\/30\/2026 4:19:43 PM","swing":"0","engine_ms":92965.0,"grace_ms":0.0,"message":"[START-PLAY] mode_detected=tune is_set_mode=0","tune":"C:\/Users\/xian\/GameMakerProjects\/Silly-Wizard\/datafiles\/tunes\/Jig of Slurs\/Jig of Slurs.json","bpm":106.0}
{"event":"start_play","channel":"bpm","ts_local":"5\/30\/2026 4:19:43 PM","swing":"0","engine_ms":92965.0,"grace_ms":0.0,"message":"[START-PLAY-EFFECTIVE] bpm=106 swing=0 grace_ms=0","tune":"C:\/Users\/xian\/GameMakerProjects\/Silly-Wizard\/datafiles\/tunes\/Jig of Slurs\/Jig of Slurs.json","bpm":106.0}
{"event":"message","channel":"bpm","ts_local":"5\/30\/2026 4:19:43 PM","swing":"0","engine_ms":92965.0,"grace_ms":0.0,"message":"[EFFECTIVE-SETTINGS] bpm=106 swing_mult=0 grace_ms=0 metro_mode=1 metro_pattern=0 metro_volume=100 count_in=0 mode=single_virtual_set","tune":"C:\/Users\/xian\/GameMakerProjects\/Silly-Wizard\/datafiles\/tunes\/Jig of Slurs\/Jig of Slurs.json","bpm":106.0}
{"event":"message","channel":"bpm","ts_local":"5\/30\/2026 4:19:43 PM","swing":"0","engine_ms":92965.0,"grace_ms":0.0,"message":"[CONTEXT-SYNC] updated playback_context.segments[0].bpm to 106","tune":"C:\/Users\/xian\/GameMakerProjects\/Silly-Wizard\/datafiles\/tunes\/Jig of Slurs\/Jig of Slurs.json","bpm":106.0}
{"event":"start_play","channel":"bpm","ts_local":"5\/30\/2026 4:19:43 PM","swing":"0","engine_ms":92965.0,"grace_ms":0.0,"message":"[START-PLAY-BPM] overriding stale context bpm: 106 -> 106","tune":"C:\/Users\/xian\/GameMakerProjects\/Silly-Wizard\/datafiles\/tunes\/Jig of Slurs\/Jig of Slurs.json","bpm":106.0}
{"event":"message","channel":"bpm","ts_local":"5\/30\/2026 4:40:31 PM","swing":"0","engine_ms":16789.0,"grace_ms":0.0,"message":"[EFFECTIVE-SETTINGS] bpm=106 swing_mult=0 grace_ms=0 metro_mode=2 metro_pattern=0 metro_volume=100 count_in=0 mode=single_virtual_set","bpm":106.0}
{"event":"message","channel":"bpm","ts_local":"5\/30\/2026 4:40:31 PM","swing":"0","engine_ms":16789.0,"grace_ms":0.0,"message":"[CONTEXT-SYNC] updated playback_context.segments[0].bpm to 106","bpm":106.0}
{"event":"start_play","channel":"bpm","ts_local":"5\/30\/2026 4:40:33 PM","swing":"0","engine_ms":18491.0,"grace_ms":0.0,"message":"[START-PLAY] mode_detected=tune is_set_mode=0","bpm":106.0}
{"event":"start_play","channel":"bpm","ts_local":"5\/30\/2026 4:40:33 PM","swing":"0","engine_ms":18491.0,"grace_ms":0.0,"message":"[START-PLAY-EFFECTIVE] bpm=106 swing=0 grace_ms=0","bpm":106.0}
{"event":"message","channel":"bpm","ts_local":"5\/30\/2026 4:40:33 PM","swing":"0","engine_ms":18491.0,"grace_ms":0.0,"message":"[EFFECTIVE-SETTINGS] bpm=106 swing_mult=0 grace_ms=0 metro_mode=2 metro_pattern=0 metro_volume=100 count_in=0 mode=single_virtual_set","bpm":106.0}
{"event":"message","channel":"bpm","ts_local":"5\/30\/2026 4:40:33 PM","swing":"0","engine_ms":18491.0,"grace_ms":0.0,"message":"[CONTEXT-SYNC] updated playback_context.segments[0].bpm to 106","bpm":106.0}
{"event":"start_play","channel":"bpm","ts_local":"5\/30\/2026 4:40:33 PM","swing":"0","engine_ms":18491.0,"grace_ms":0.0,"message":"[START-PLAY-BPM] overriding stale context bpm: 106 -> 106","tune":"C:\/Users\/xian\/GameMakerProjects\/Silly-Wizard\/datafiles\/tunes\/Jig of Slurs\/Jig of Slurs.json","bpm":106.0}
{"event":"message","channel":"bpm","ts_local":"5\/30\/2026 7:06:48 PM","swing":"0","engine_ms":12629.0,"grace_ms":0.0,"message":"[EFFECTIVE-SETTINGS] bpm=106 swing_mult=0 grace_ms=0 metro_mode=2 metro_pattern=0 metro_volume=100 count_in=0 mode=single_virtual_set","bpm":106.0}
{"event":"message","channel":"bpm","ts_local":"5\/30\/2026 7:06:48 PM","swing":"0","engine_ms":12629.0,"grace_ms":0.0,"message":"[CONTEXT-SYNC] updated playback_context.segments[0].bpm to 106","bpm":106.0}
{"event":"start_play","channel":"bpm","ts_local":"5\/30\/2026 7:06:50 PM","swing":"0","engine_ms":14594.0,"grace_ms":0.0,"message":"[START-PLAY] mode_detected=tune is_set_mode=0","bpm":106.0}
{"event":"start_play","channel":"bpm","ts_local":"5\/30\/2026 7:06:50 PM","swing":"0","engine_ms":14594.0,"grace_ms":0.0,"message":"[START-PLAY-EFFECTIVE] bpm=106 swing=0 grace_ms=0","bpm":106.0}
{"event":"message","channel":"bpm","ts_local":"5\/30\/2026 7:06:50 PM","swing":"0","engine_ms":14594.0,"grace_ms":0.0,"message":"[EFFECTIVE-SETTINGS] bpm=106 swing_mult=0 grace_ms=0 metro_mode=2 metro_pattern=0 metro_volume=100 count_in=0 mode=single_virtual_set","bpm":106.0}
{"event":"message","channel":"bpm","ts_local":"5\/30\/2026 7:06:50 PM","swing":"0","engine_ms":14594.0,"grace_ms":0.0,"message":"[CONTEXT-SYNC] updated playback_context.segments[0].bpm to 106","bpm":106.0}
{"event":"start_play","channel":"bpm","ts_local":"5\/30\/2026 7:06:50 PM","swing":"0","engine_ms":14594.0,"grace_ms":0.0,"message":"[START-PLAY-BPM] overriding stale context bpm: 106 -> 106","tune":"C:\/Users\/xian\/GameMakerProjects\/Silly-Wizard\/datafiles\/tunes\/Jig of Slurs\/Jig of Slurs.json","bpm":106.0}
