[LOAD_MIDI] Saved: in='' out=''
[LOAD_MIDI] Resolved: in='pipeport' out='Microsoft GS Wavetable Synth'
[LOAD_MIDI] MIDI_chanter='blair'
[HYDRATE] Found timing_calibration: device_profiles=0
[APPLY_PROFILE] Attempting to match device_key: 'pipeport|microsoft gs wavetable synth|blair'
[APPLY_PROFILE] Key NOT found. Available: [  ]
[HYDRATE] apply_profile_for_current_device returned: 0
[STARTUP_RESULT] hydrate returned 0
[LOAD_MIDI] Saved: in='' out=''
[LOAD_MIDI] Resolved: in='pipeport' out='Microsoft GS Wavetable Synth'
[LOAD_MIDI] MIDI_chanter='blair'
[HYDRATE] Found timing_calibration: device_profiles=0
[APPLY_PROFILE] Attempting to match device_key: 'pipeport|microsoft gs wavetable synth|blair'
[APPLY_PROFILE] Key NOT found. Available: [  ]
[HYDRATE] apply_profile_for_current_device returned: 0
[STARTUP_RESULT] hydrate returned 0
[APPLY_PROFILE] Attempting to match device_key: 'pipeport|microsoft gs wavetable synth|blair'
[APPLY_PROFILE] Key NOT found. Available: [  ]
[STORE_PROFILE] device_key='pipeport|microsoft gs wavetable synth|blair' | audio_ms=0 | visual_ms=0 | input_ms=0
[SAVE] path=C:/Users/xian/GameMakerProjects/Silly-Wizard/datafiles/config/players/player_1/app_settings.json
[APPLY_PROFILE] Attempting to match device_key: 'pipeport|microsoft gs wavetable synth|blair'
[APPLY_PROFILE] SUCCESS! Applying audio_ms=0 | visual_ms=0 | input_ms=0
[PREVIEW] start mode='Bouncing Ball' note=65 out='Microsoft GS Wavetable Synth' audio_offset_ms=0.00
[STORE_PROFILE] device_key='pipeport|microsoft gs wavetable synth|blair' | audio_ms=-10 | visual_ms=0 | input_ms=0
[SAVE] path=C:/Users/xian/GameMakerProjects/Silly-Wizard/datafiles/config/players/player_1/app_settings.json
[STORE_PROFILE] device_key='pipeport|microsoft gs wavetable synth|blair' | audio_ms=-10 | visual_ms=0 | input_ms=0
[SAVE] path=C:/Users/xian/GameMakerProjects/Silly-Wizard/datafiles/config/players/player_1/app_settings.json
[LOAD_MIDI] Saved: in='pipeport' out='Microsoft GS Wavetable Synth'
[LOAD_MIDI] Resolved: in='pipeport' out='Microsoft GS Wavetable Synth'
[LOAD_MIDI] MIDI_chanter='blair'
[HYDRATE] Found timing_calibration: device_profiles=1
[HYDRATE] Loaded device_profiles with 1 keys
[APPLY_PROFILE] Attempting to match device_key: 'pipeport|microsoft gs wavetable synth|blair'
[APPLY_PROFILE] SUCCESS! Applying audio_ms=-10 | visual_ms=0 | input_ms=0
[HYDRATE] apply_profile_for_current_device returned: 1
[STARTUP_RESULT] hydrate returned 1
[LOAD_MIDI] Saved: in='pipeport' out='Microsoft GS Wavetable Synth'
[LOAD_MIDI] Resolved: in='pipeport' out='Microsoft GS Wavetable Synth'
[LOAD_MIDI] MIDI_chanter='blair'
[HYDRATE] Found timing_calibration: device_profiles=1
[HYDRATE] Loaded device_profiles with 1 keys
[APPLY_PROFILE] Attempting to match device_key: 'pipeport|microsoft gs wavetable synth|blair'
[APPLY_PROFILE] SUCCESS! Applying audio_ms=-10 | visual_ms=0 | input_ms=0
[HYDRATE] apply_profile_for_current_device returned: 1
[STARTUP_RESULT] hydrate returned 1
[APPLY_PROFILE] Attempting to match device_key: 'pipeport|microsoft gs wavetable synth|blair'
[APPLY_PROFILE] SUCCESS! Applying audio_ms=-10 | visual_ms=0 | input_ms=0
[STORE_PROFILE] device_key='pipeport|microsoft gs wavetable synth|blair' | audio_ms=-10 | visual_ms=0 | input_ms=0
[SAVE] path=C:/Users/xian/GameMakerProjects/Silly-Wizard/datafiles/config/players/player_1/app_settings.json
[LOAD_MIDI] Saved: in='pipeport' out='Microsoft GS Wavetable Synth'
[LOAD_MIDI] Resolved: in='pipeport' out='Microsoft GS Wavetable Synth'
[LOAD_MIDI] MIDI_chanter='blair'
[HYDRATE] Found timing_calibration: device_profiles=1
[HYDRATE] Loaded device_profiles with 1 keys
[APPLY_PROFILE] Attempting to match device_key: 'pipeport|microsoft gs wavetable synth|blair'
[APPLY_PROFILE] SUCCESS! Applying audio_ms=-10 | visual_ms=0 | input_ms=0
[HYDRATE] apply_profile_for_current_device returned: 1
[STARTUP_RESULT] hydrate returned 1
[LOAD_MIDI] Saved: in='pipeport' out='Microsoft GS Wavetable Synth'
[LOAD_MIDI] Resolved: in='pipeport' out='Microsoft GS Wavetable Synth'
[LOAD_MIDI] MIDI_chanter='blair'
[HYDRATE] Found timing_calibration: device_profiles=1
[HYDRATE] Loaded device_profiles with 1 keys
[APPLY_PROFILE] Attempting to match device_key: 'pipeport|microsoft gs wavetable synth|blair'
[APPLY_PROFILE] SUCCESS! Applying audio_ms=-10 | visual_ms=0 | input_ms=0
[HYDRATE] apply_profile_for_current_device returned: 1
[STARTUP_RESULT] hydrate returned 1
[SAVE] path=C:/Users/xian/GameMakerProjects/Silly-Wizard/datafiles/config/players/player_1/app_settings.json
[SAVE] path=C:/Users/xian/GameMakerProjects/Silly-Wizard/datafiles/config/players/player_1/app_settings.json
[LOAD_MIDI] Saved: in='loopMIDI Port' out='pipeport'
[LOAD_MIDI] Resolved: in='loopMIDI Port' out='pipeport'
[LOAD_MIDI] MIDI_chanter='blair'
[HYDRATE] Found timing_calibration: device_profiles=1
[HYDRATE] Loaded device_profiles with 1 keys
[APPLY_PROFILE] Attempting to match device_key: 'loopmidi port|pipeport|blair'
[APPLY_PROFILE] Key NOT found. Available: [ "pipeport|microsoft gs wavetable synth|blair" ]
[HYDRATE] apply_profile_for_current_device returned: 0
[STARTUP_RESULT] hydrate returned 0
[SAVE] path=C:/Users/xian/GameMakerProjects/Silly-Wizard/datafiles/config/players/player_1/app_settings.json
[SAVE] path=C:/Users/xian/GameMakerProjects/Silly-Wizard/datafiles/config/players/player_1/app_settings.json
[LOAD_MIDI] Saved: in='loopMIDI Port' out='pipeport'
[LOAD_MIDI] Resolved: in='loopMIDI Port' out='pipeport'
[LOAD_MIDI] MIDI_chanter='blair'
[HYDRATE] Found timing_calibration: device_profiles=1
[HYDRATE] Loaded device_profiles with 1 keys
[APPLY_PROFILE] Attempting to match device_key: 'loopmidi port|pipeport|blair'
[APPLY_PROFILE] Key NOT found. Available: [ "pipeport|microsoft gs wavetable synth|blair" ]
[HYDRATE] apply_profile_for_current_device returned: 0
[STARTUP_RESULT] hydrate returned 0
[JUDGE_BUILD] ms_overlap_uncal | override=0 [IGNORED]
[JUDGE_BUILD] ms_overlap_uncal | target_shift_ms=0 | audio_ms=0 | input_ms=0 | visual_ms=0
[JUDGE_BUILD] ms_overlap_uncal | override=0 [IGNORED]
[JUDGE_BUILD] ms_overlap_uncal | target_shift_ms=0 | audio_ms=0 | input_ms=0 | visual_ms=0
[LOAD_MIDI] Saved: in='loopMIDI Port' out='pipeport'
[LOAD_MIDI] Resolved: in='loopMIDI Port' out='pipeport'
[LOAD_MIDI] MIDI_chanter='blair'
[HYDRATE] Found timing_calibration: device_profiles=1
[HYDRATE] Loaded device_profiles with 1 keys
[APPLY_PROFILE] Attempting to match device_key: 'loopmidi port|pipeport|blair'
[APPLY_PROFILE] Key NOT found. Available: [ "pipeport|microsoft gs wavetable synth|blair" ]
[HYDRATE] apply_profile_for_current_device returned: 0
[STARTUP_RESULT] hydrate returned 0
[JUDGE_BUILD] ms_overlap_uncal | override=0 [IGNORED]
[JUDGE_BUILD] ms_overlap_uncal | target_shift_ms=0 | audio_ms=0 | input_ms=0 | visual_ms=0
{"ts_local":"5\/28\/2026 5:32:17 PM","engine_ms":296.0,"message":"[LOAD_MIDI] Saved: in='loopMIDI Port' out='pipeport'","grace_ms":0.0,"channel":"calibration","swing":"0","event":"message"}
{"ts_local":"5\/28\/2026 5:32:17 PM","engine_ms":322.0,"message":"[LOAD_MIDI] Resolved: in='loopMIDI Port' out='pipeport'","grace_ms":0.0,"channel":"calibration","swing":"0","event":"message"}
{"ts_local":"5\/28\/2026 5:32:17 PM","engine_ms":323.0,"message":"[LOAD_MIDI] MIDI_chanter='blair'","grace_ms":0.0,"channel":"calibration","swing":"0","event":"message"}
{"ts_local":"5\/28\/2026 5:32:17 PM","engine_ms":324.0,"message":"[HYDRATE] Found timing_calibration: device_profiles=1","grace_ms":0.0,"channel":"calibration","swing":"0","event":"calibration"}
{"ts_local":"5\/28\/2026 5:32:17 PM","engine_ms":324.0,"message":"[HYDRATE] Loaded device_profiles with 1 keys","grace_ms":0.0,"channel":"calibration","swing":"0","event":"calibration"}
{"ts_local":"5\/28\/2026 5:32:17 PM","engine_ms":325.0,"message":"[APPLY_PROFILE] Attempting to match device_key: 'loopmidi port|pipeport|blair'","grace_ms":0.0,"channel":"calibration","swing":"0","event":"message"}
{"ts_local":"5\/28\/2026 5:32:17 PM","engine_ms":326.0,"message":"[APPLY_PROFILE] Key NOT found. Available: [ \"pipeport|microsoft gs wavetable synth|blair\" ]","grace_ms":0.0,"channel":"calibration","swing":"0","event":"message"}
{"ts_local":"5\/28\/2026 5:32:17 PM","engine_ms":326.0,"message":"[HYDRATE] apply_profile_for_current_device returned: 0","grace_ms":0.0,"channel":"calibration","swing":"0","event":"calibration"}
{"ts_local":"5\/28\/2026 5:32:17 PM","engine_ms":327.0,"message":"[STARTUP_RESULT] hydrate returned 0","grace_ms":0.0,"channel":"calibration","swing":"0","event":"message"}
{"ts_local":"5\/28\/2026 5:33:35 PM","engine_ms":305.0,"message":"[LOAD_MIDI] Saved: in='loopMIDI Port' out='pipeport'","grace_ms":0.0,"channel":"calibration","swing":"0","event":"message"}
{"ts_local":"5\/28\/2026 5:33:35 PM","engine_ms":325.0,"message":"[LOAD_MIDI] Resolved: in='loopMIDI Port' out='pipeport'","grace_ms":0.0,"channel":"calibration","swing":"0","event":"message"}
{"ts_local":"5\/28\/2026 5:33:35 PM","engine_ms":326.0,"message":"[LOAD_MIDI] MIDI_chanter='blair'","grace_ms":0.0,"channel":"calibration","swing":"0","event":"message"}
{"ts_local":"5\/28\/2026 5:33:35 PM","engine_ms":327.0,"message":"[HYDRATE] Found timing_calibration: device_profiles=1","grace_ms":0.0,"channel":"calibration","swing":"0","event":"calibration"}
{"ts_local":"5\/28\/2026 5:33:35 PM","engine_ms":327.0,"message":"[HYDRATE] Loaded device_profiles with 1 keys","grace_ms":0.0,"channel":"calibration","swing":"0","event":"calibration"}
{"ts_local":"5\/28\/2026 5:33:35 PM","engine_ms":328.0,"message":"[APPLY_PROFILE] Attempting to match device_key: 'loopmidi port|pipeport|blair'","grace_ms":0.0,"channel":"calibration","swing":"0","event":"message"}
{"ts_local":"5\/28\/2026 5:33:35 PM","engine_ms":329.0,"message":"[APPLY_PROFILE] Key NOT found. Available: [ \"pipeport|microsoft gs wavetable synth|blair\" ]","grace_ms":0.0,"channel":"calibration","swing":"0","event":"message"}
{"ts_local":"5\/28\/2026 5:33:35 PM","engine_ms":330.0,"message":"[HYDRATE] apply_profile_for_current_device returned: 0","grace_ms":0.0,"channel":"calibration","swing":"0","event":"calibration"}
{"ts_local":"5\/28\/2026 5:33:35 PM","engine_ms":330.0,"message":"[STARTUP_RESULT] hydrate returned 0","grace_ms":0.0,"channel":"calibration","swing":"0","event":"message"}
{"bpm":120.0,"ts_local":"5\/28\/2026 5:34:28 PM","engine_ms":53730.0,"message":"[JUDGE_BUILD] ms_overlap_uncal | override=0 [IGNORED]","grace_ms":30.0,"channel":"calibration","swing":"0","event":"calibration","tune":"C:\/Users\/xian\/GameMakerProjects\/Silly-Wizard\/datafiles\/tunes\/Jig of Slurs\/Jig of Slurs.json"}
{"bpm":120.0,"ts_local":"5\/28\/2026 5:34:28 PM","engine_ms":53730.0,"message":"[JUDGE_BUILD] ms_overlap_uncal | target_shift_ms=0 | audio_ms=0 | input_ms=0 | visual_ms=0","grace_ms":30.0,"channel":"calibration","swing":"0","event":"calibration","tune":"C:\/Users\/xian\/GameMakerProjects\/Silly-Wizard\/datafiles\/tunes\/Jig of Slurs\/Jig of Slurs.json"}
{"ts_local":"5\/28\/2026 5:38:29 PM","engine_ms":304.0,"message":"[LOAD_MIDI] Saved: in='loopMIDI Port' out='pipeport'","grace_ms":0.0,"channel":"calibration","swing":"0","event":"message"}
{"ts_local":"5\/28\/2026 5:38:29 PM","engine_ms":328.0,"message":"[LOAD_MIDI] Resolved: in='loopMIDI Port' out='pipeport'","grace_ms":0.0,"channel":"calibration","swing":"0","event":"message"}
{"ts_local":"5\/28\/2026 5:38:29 PM","engine_ms":329.0,"message":"[LOAD_MIDI] MIDI_chanter='blair'","grace_ms":0.0,"channel":"calibration","swing":"0","event":"message"}
{"ts_local":"5\/28\/2026 5:38:29 PM","engine_ms":330.0,"message":"[HYDRATE] Found timing_calibration: device_profiles=1","grace_ms":0.0,"channel":"calibration","swing":"0","event":"calibration"}
{"ts_local":"5\/28\/2026 5:38:29 PM","engine_ms":331.0,"message":"[HYDRATE] Loaded device_profiles with 1 keys","grace_ms":0.0,"channel":"calibration","swing":"0","event":"calibration"}
{"ts_local":"5\/28\/2026 5:38:29 PM","engine_ms":331.0,"message":"[APPLY_PROFILE] Attempting to match device_key: 'loopmidi port|pipeport|blair'","grace_ms":0.0,"channel":"calibration","swing":"0","event":"message"}
{"ts_local":"5\/28\/2026 5:38:29 PM","engine_ms":332.0,"message":"[APPLY_PROFILE] Key NOT found. Available: [ \"pipeport|microsoft gs wavetable synth|blair\" ]","grace_ms":0.0,"channel":"calibration","swing":"0","event":"message"}
{"ts_local":"5\/28\/2026 5:38:29 PM","engine_ms":333.0,"message":"[HYDRATE] apply_profile_for_current_device returned: 0","grace_ms":0.0,"channel":"calibration","swing":"0","event":"calibration"}
{"ts_local":"5\/28\/2026 5:38:29 PM","engine_ms":333.0,"message":"[STARTUP_RESULT] hydrate returned 0","grace_ms":0.0,"channel":"calibration","swing":"0","event":"message"}
{"bpm":120.0,"ts_local":"5\/28\/2026 5:39:22 PM","engine_ms":53784.0,"message":"[JUDGE_BUILD] ms_overlap_uncal | override=0 [IGNORED]","grace_ms":30.0,"channel":"calibration","swing":"0","event":"calibration","tune":"C:\/Users\/xian\/GameMakerProjects\/Silly-Wizard\/datafiles\/tunes\/Jig of Slurs\/Jig of Slurs.json"}
{"bpm":120.0,"ts_local":"5\/28\/2026 5:39:22 PM","engine_ms":53784.0,"message":"[JUDGE_BUILD] ms_overlap_uncal | target_shift_ms=0 | audio_ms=0 | input_ms=0 | visual_ms=0","grace_ms":30.0,"channel":"calibration","swing":"0","event":"calibration","tune":"C:\/Users\/xian\/GameMakerProjects\/Silly-Wizard\/datafiles\/tunes\/Jig of Slurs\/Jig of Slurs.json"}
{"bpm":120.0,"ts_local":"5\/28\/2026 5:40:52 PM","engine_ms":143982.0,"message":"[JUDGE_BUILD] ms_overlap_uncal | override=0 [IGNORED]","grace_ms":30.0,"channel":"calibration","swing":"0","event":"calibration","tune":"C:\/Users\/xian\/GameMakerProjects\/Silly-Wizard\/datafiles\/tunes\/Jig of Slurs\/Jig of Slurs.json"}
{"bpm":120.0,"ts_local":"5\/28\/2026 5:40:52 PM","engine_ms":143982.0,"message":"[JUDGE_BUILD] ms_overlap_uncal | target_shift_ms=0 | audio_ms=0 | input_ms=0 | visual_ms=0","grace_ms":30.0,"channel":"calibration","swing":"0","event":"calibration","tune":"C:\/Users\/xian\/GameMakerProjects\/Silly-Wizard\/datafiles\/tunes\/Jig of Slurs\/Jig of Slurs.json"}
{"ts_local":"5\/28\/2026 7:42:51 PM","engine_ms":298.0,"message":"[LOAD_MIDI] Saved: in='loopMIDI Port' out='pipeport'","grace_ms":0.0,"channel":"calibration","swing":"0","event":"message"}
{"ts_local":"5\/28\/2026 7:42:51 PM","engine_ms":324.0,"message":"[LOAD_MIDI] Resolved: in='loopMIDI Port' out='pipeport'","grace_ms":0.0,"channel":"calibration","swing":"0","event":"message"}
{"ts_local":"5\/28\/2026 7:42:51 PM","engine_ms":325.0,"message":"[LOAD_MIDI] MIDI_chanter='blair'","grace_ms":0.0,"channel":"calibration","swing":"0","event":"message"}
{"ts_local":"5\/28\/2026 7:42:51 PM","engine_ms":326.0,"message":"[HYDRATE] Found timing_calibration: device_profiles=1","grace_ms":0.0,"channel":"calibration","swing":"0","event":"calibration"}
{"ts_local":"5\/28\/2026 7:42:51 PM","engine_ms":327.0,"message":"[HYDRATE] Loaded device_profiles with 1 keys","grace_ms":0.0,"channel":"calibration","swing":"0","event":"calibration"}
{"ts_local":"5\/28\/2026 7:42:51 PM","engine_ms":328.0,"message":"[APPLY_PROFILE] Attempting to match device_key: 'loopmidi port|pipeport|blair'","grace_ms":0.0,"channel":"calibration","swing":"0","event":"message"}
{"ts_local":"5\/28\/2026 7:42:51 PM","engine_ms":329.0,"message":"[APPLY_PROFILE] Key NOT found. Available: [ \"pipeport|microsoft gs wavetable synth|blair\" ]","grace_ms":0.0,"channel":"calibration","swing":"0","event":"message"}
{"ts_local":"5\/28\/2026 7:42:51 PM","engine_ms":329.0,"message":"[HYDRATE] apply_profile_for_current_device returned: 0","grace_ms":0.0,"channel":"calibration","swing":"0","event":"calibration"}
{"ts_local":"5\/28\/2026 7:42:51 PM","engine_ms":330.0,"message":"[STARTUP_RESULT] hydrate returned 0","grace_ms":0.0,"channel":"calibration","swing":"0","event":"message"}
{"bpm":105.0,"ts_local":"5\/28\/2026 7:44:12 PM","engine_ms":81380.0,"message":"[JUDGE_BUILD] ms_overlap_uncal | override=0 [IGNORED]","grace_ms":0.0,"channel":"calibration","swing":"0","event":"calibration","tune":"C:\/Users\/xian\/GameMakerProjects\/Silly-Wizard\/datafiles\/tunes\/Jig of Slurs\/Jig of Slurs.json"}
{"bpm":105.0,"ts_local":"5\/28\/2026 7:44:12 PM","engine_ms":81380.0,"message":"[JUDGE_BUILD] ms_overlap_uncal | target_shift_ms=0 | audio_ms=0 | input_ms=0 | visual_ms=0","grace_ms":0.0,"channel":"calibration","swing":"0","event":"calibration","tune":"C:\/Users\/xian\/GameMakerProjects\/Silly-Wizard\/datafiles\/tunes\/Jig of Slurs\/Jig of Slurs.json"}
{"engine_ms":301.0,"message":"[LOAD_MIDI] Saved: in='loopMIDI Port' out='pipeport'","grace_ms":0.0,"channel":"calibration","swing":"0","event":"message","ts_local":"5\/28\/2026 8:20:01 PM"}
{"engine_ms":328.0,"message":"[LOAD_MIDI] Resolved: in='loopMIDI Port' out='pipeport'","grace_ms":0.0,"channel":"calibration","swing":"0","event":"message","ts_local":"5\/28\/2026 8:20:01 PM"}
{"engine_ms":329.0,"message":"[LOAD_MIDI] MIDI_chanter='blair'","grace_ms":0.0,"channel":"calibration","swing":"0","event":"message","ts_local":"5\/28\/2026 8:20:01 PM"}
{"engine_ms":331.0,"message":"[HYDRATE] Found timing_calibration: device_profiles=1","grace_ms":0.0,"channel":"calibration","swing":"0","event":"calibration","ts_local":"5\/28\/2026 8:20:01 PM"}
{"engine_ms":332.0,"message":"[HYDRATE] Loaded device_profiles with 1 keys","grace_ms":0.0,"channel":"calibration","swing":"0","event":"calibration","ts_local":"5\/28\/2026 8:20:01 PM"}
{"engine_ms":333.0,"message":"[APPLY_PROFILE] Attempting to match device_key: 'loopmidi port|pipeport|blair'","grace_ms":0.0,"channel":"calibration","swing":"0","event":"message","ts_local":"5\/28\/2026 8:20:01 PM"}
{"engine_ms":335.0,"message":"[APPLY_PROFILE] Key NOT found. Available: [ \"pipeport|microsoft gs wavetable synth|blair\" ]","grace_ms":0.0,"channel":"calibration","swing":"0","event":"message","ts_local":"5\/28\/2026 8:20:01 PM"}
{"engine_ms":336.0,"message":"[HYDRATE] apply_profile_for_current_device returned: 0","grace_ms":0.0,"channel":"calibration","swing":"0","event":"calibration","ts_local":"5\/28\/2026 8:20:01 PM"}
{"engine_ms":337.0,"message":"[STARTUP_RESULT] hydrate returned 0","grace_ms":0.0,"channel":"calibration","swing":"0","event":"message","ts_local":"5\/28\/2026 8:20:01 PM"}
{"bpm":105.0,"engine_ms":57246.0,"message":"[JUDGE_BUILD] ms_overlap_uncal | override=0 [IGNORED]","grace_ms":0.0,"channel":"calibration","swing":"0","event":"calibration","tune":"C:\/Users\/xian\/GameMakerProjects\/Silly-Wizard\/datafiles\/tunes\/Jig of Slurs\/Jig of Slurs.json","ts_local":"5\/28\/2026 8:20:58 PM"}
{"bpm":105.0,"engine_ms":57246.0,"message":"[JUDGE_BUILD] ms_overlap_uncal | target_shift_ms=0 | audio_ms=0 | input_ms=0 | visual_ms=0","grace_ms":0.0,"channel":"calibration","swing":"0","event":"calibration","tune":"C:\/Users\/xian\/GameMakerProjects\/Silly-Wizard\/datafiles\/tunes\/Jig of Slurs\/Jig of Slurs.json","ts_local":"5\/28\/2026 8:20:58 PM"}
{"event":"message","channel":"calibration","swing":"0","ts_local":"5\/28\/2026 8:35:58 PM","engine_ms":281.0,"message":"[LOAD_MIDI] Saved: in='loopMIDI Port' out='pipeport'","grace_ms":0.0}
{"event":"message","channel":"calibration","swing":"0","ts_local":"5\/28\/2026 8:35:58 PM","engine_ms":306.0,"message":"[LOAD_MIDI] Resolved: in='loopMIDI Port' out='pipeport'","grace_ms":0.0}
{"event":"message","channel":"calibration","swing":"0","ts_local":"5\/28\/2026 8:35:58 PM","engine_ms":307.0,"message":"[LOAD_MIDI] MIDI_chanter='blair'","grace_ms":0.0}
{"event":"calibration","channel":"calibration","swing":"0","ts_local":"5\/28\/2026 8:35:58 PM","engine_ms":308.0,"message":"[HYDRATE] Found timing_calibration: device_profiles=1","grace_ms":0.0}
{"event":"calibration","channel":"calibration","swing":"0","ts_local":"5\/28\/2026 8:35:58 PM","engine_ms":309.0,"message":"[HYDRATE] Loaded device_profiles with 1 keys","grace_ms":0.0}
{"event":"message","channel":"calibration","swing":"0","ts_local":"5\/28\/2026 8:35:58 PM","engine_ms":310.0,"message":"[APPLY_PROFILE] Attempting to match device_key: 'loopmidi port|pipeport|blair'","grace_ms":0.0}
{"event":"message","channel":"calibration","swing":"0","ts_local":"5\/28\/2026 8:35:58 PM","engine_ms":310.0,"message":"[APPLY_PROFILE] Key NOT found. Available: [ \"pipeport|microsoft gs wavetable synth|blair\" ]","grace_ms":0.0}
{"event":"calibration","channel":"calibration","swing":"0","ts_local":"5\/28\/2026 8:35:58 PM","engine_ms":311.0,"message":"[HYDRATE] apply_profile_for_current_device returned: 0","grace_ms":0.0}
{"event":"message","channel":"calibration","swing":"0","ts_local":"5\/28\/2026 8:35:58 PM","engine_ms":312.0,"message":"[STARTUP_RESULT] hydrate returned 0","grace_ms":0.0}
{"event":"calibration","channel":"calibration","swing":"0","ts_local":"5\/28\/2026 8:37:05 PM","engine_ms":68006.0,"message":"[JUDGE_BUILD] ms_overlap_uncal | override=0 [IGNORED]","grace_ms":0.0,"tune":"C:\/Users\/xian\/GameMakerProjects\/Silly-Wizard\/datafiles\/tunes\/Jig of Slurs\/Jig of Slurs.json","bpm":106.0}
{"event":"calibration","channel":"calibration","swing":"0","ts_local":"5\/28\/2026 8:37:05 PM","engine_ms":68006.0,"message":"[JUDGE_BUILD] ms_overlap_uncal | target_shift_ms=0 | audio_ms=0 | input_ms=0 | visual_ms=0","grace_ms":0.0,"tune":"C:\/Users\/xian\/GameMakerProjects\/Silly-Wizard\/datafiles\/tunes\/Jig of Slurs\/Jig of Slurs.json","bpm":106.0}
{"event":"message","channel":"calibration","swing":"0","ts_local":"5\/28\/2026 8:42:49 PM","engine_ms":297.0,"message":"[LOAD_MIDI] Saved: in='loopMIDI Port' out='pipeport'","grace_ms":0.0}
{"event":"message","channel":"calibration","swing":"0","ts_local":"5\/28\/2026 8:42:49 PM","engine_ms":323.0,"message":"[LOAD_MIDI] Resolved: in='loopMIDI Port' out='pipeport'","grace_ms":0.0}
{"event":"message","channel":"calibration","swing":"0","ts_local":"5\/28\/2026 8:42:49 PM","engine_ms":325.0,"message":"[LOAD_MIDI] MIDI_chanter='blair'","grace_ms":0.0}
{"event":"calibration","channel":"calibration","swing":"0","ts_local":"5\/28\/2026 8:42:49 PM","engine_ms":326.0,"message":"[HYDRATE] Found timing_calibration: device_profiles=1","grace_ms":0.0}
{"event":"calibration","channel":"calibration","swing":"0","ts_local":"5\/28\/2026 8:42:49 PM","engine_ms":327.0,"message":"[HYDRATE] Loaded device_profiles with 1 keys","grace_ms":0.0}
{"event":"message","channel":"calibration","swing":"0","ts_local":"5\/28\/2026 8:42:49 PM","engine_ms":328.0,"message":"[APPLY_PROFILE] Attempting to match device_key: 'loopmidi port|pipeport|blair'","grace_ms":0.0}
{"event":"message","channel":"calibration","swing":"0","ts_local":"5\/28\/2026 8:42:49 PM","engine_ms":328.0,"message":"[APPLY_PROFILE] Key NOT found. Available: [ \"pipeport|microsoft gs wavetable synth|blair\" ]","grace_ms":0.0}
{"event":"calibration","channel":"calibration","swing":"0","ts_local":"5\/28\/2026 8:42:49 PM","engine_ms":329.0,"message":"[HYDRATE] apply_profile_for_current_device returned: 0","grace_ms":0.0}
{"event":"message","channel":"calibration","swing":"0","ts_local":"5\/28\/2026 8:42:49 PM","engine_ms":330.0,"message":"[STARTUP_RESULT] hydrate returned 0","grace_ms":0.0}
{"event":"calibration","channel":"calibration","swing":"0","ts_local":"5\/28\/2026 8:43:56 PM","engine_ms":67151.0,"message":"[JUDGE_BUILD] ms_overlap_uncal | override=0 [IGNORED]","grace_ms":0.0,"tune":"C:\/Users\/xian\/GameMakerProjects\/Silly-Wizard\/datafiles\/tunes\/Jig of Slurs\/Jig of Slurs.json","bpm":106.0}
{"event":"calibration","channel":"calibration","swing":"0","ts_local":"5\/28\/2026 8:43:56 PM","engine_ms":67151.0,"message":"[JUDGE_BUILD] ms_overlap_uncal | target_shift_ms=0 | audio_ms=0 | input_ms=0 | visual_ms=0","grace_ms":0.0,"tune":"C:\/Users\/xian\/GameMakerProjects\/Silly-Wizard\/datafiles\/tunes\/Jig of Slurs\/Jig of Slurs.json","bpm":106.0}
{"event":"message","channel":"calibration","swing":"0","ts_local":"5\/28\/2026 8:45:58 PM","engine_ms":296.0,"message":"[LOAD_MIDI] Saved: in='loopMIDI Port' out='pipeport'","grace_ms":0.0}
{"event":"message","channel":"calibration","swing":"0","ts_local":"5\/28\/2026 8:45:59 PM","engine_ms":321.0,"message":"[LOAD_MIDI] Resolved: in='loopMIDI Port' out='pipeport'","grace_ms":0.0}
{"event":"message","channel":"calibration","swing":"0","ts_local":"5\/28\/2026 8:45:59 PM","engine_ms":322.0,"message":"[LOAD_MIDI] MIDI_chanter='blair'","grace_ms":0.0}
{"event":"calibration","channel":"calibration","swing":"0","ts_local":"5\/28\/2026 8:45:59 PM","engine_ms":323.0,"message":"[HYDRATE] Found timing_calibration: device_profiles=1","grace_ms":0.0}
{"event":"calibration","channel":"calibration","swing":"0","ts_local":"5\/28\/2026 8:45:59 PM","engine_ms":324.0,"message":"[HYDRATE] Loaded device_profiles with 1 keys","grace_ms":0.0}
{"event":"message","channel":"calibration","swing":"0","ts_local":"5\/28\/2026 8:45:59 PM","engine_ms":325.0,"message":"[APPLY_PROFILE] Attempting to match device_key: 'loopmidi port|pipeport|blair'","grace_ms":0.0}
{"event":"message","channel":"calibration","swing":"0","ts_local":"5\/28\/2026 8:45:59 PM","engine_ms":326.0,"message":"[APPLY_PROFILE] Key NOT found. Available: [ \"pipeport|microsoft gs wavetable synth|blair\" ]","grace_ms":0.0}
{"event":"calibration","channel":"calibration","swing":"0","ts_local":"5\/28\/2026 8:45:59 PM","engine_ms":327.0,"message":"[HYDRATE] apply_profile_for_current_device returned: 0","grace_ms":0.0}
{"event":"message","channel":"calibration","swing":"0","ts_local":"5\/28\/2026 8:45:59 PM","engine_ms":328.0,"message":"[STARTUP_RESULT] hydrate returned 0","grace_ms":0.0}
{"event":"calibration","channel":"calibration","swing":"0","ts_local":"5\/28\/2026 8:47:02 PM","engine_ms":63618.0,"message":"[JUDGE_BUILD] ms_overlap_uncal | override=0 [IGNORED]","grace_ms":0.0,"tune":"C:\/Users\/xian\/GameMakerProjects\/Silly-Wizard\/datafiles\/tunes\/Jig of Slurs\/Jig of Slurs.json","bpm":106.0}
{"event":"calibration","channel":"calibration","swing":"0","ts_local":"5\/28\/2026 8:47:02 PM","engine_ms":63618.0,"message":"[JUDGE_BUILD] ms_overlap_uncal | target_shift_ms=0 | audio_ms=0 | input_ms=0 | visual_ms=0","grace_ms":0.0,"tune":"C:\/Users\/xian\/GameMakerProjects\/Silly-Wizard\/datafiles\/tunes\/Jig of Slurs\/Jig of Slurs.json","bpm":106.0}
{"event":"message","channel":"calibration","swing":"0","ts_local":"5\/28\/2026 8:55:20 PM","engine_ms":287.0,"message":"[LOAD_MIDI] Saved: in='loopMIDI Port' out='pipeport'","grace_ms":0.0}
{"event":"message","channel":"calibration","swing":"0","ts_local":"5\/28\/2026 8:55:20 PM","engine_ms":317.0,"message":"[LOAD_MIDI] Resolved: in='loopMIDI Port' out='pipeport'","grace_ms":0.0}
{"event":"message","channel":"calibration","swing":"0","ts_local":"5\/28\/2026 8:55:20 PM","engine_ms":319.0,"message":"[LOAD_MIDI] MIDI_chanter='blair'","grace_ms":0.0}
{"event":"calibration","channel":"calibration","swing":"0","ts_local":"5\/28\/2026 8:55:20 PM","engine_ms":320.0,"message":"[HYDRATE] Found timing_calibration: device_profiles=1","grace_ms":0.0}
{"event":"calibration","channel":"calibration","swing":"0","ts_local":"5\/28\/2026 8:55:20 PM","engine_ms":321.0,"message":"[HYDRATE] Loaded device_profiles with 1 keys","grace_ms":0.0}
{"event":"message","channel":"calibration","swing":"0","ts_local":"5\/28\/2026 8:55:20 PM","engine_ms":321.0,"message":"[APPLY_PROFILE] Attempting to match device_key: 'loopmidi port|pipeport|blair'","grace_ms":0.0}
{"event":"message","channel":"calibration","swing":"0","ts_local":"5\/28\/2026 8:55:20 PM","engine_ms":322.0,"message":"[APPLY_PROFILE] Key NOT found. Available: [ \"pipeport|microsoft gs wavetable synth|blair\" ]","grace_ms":0.0}
{"event":"calibration","channel":"calibration","swing":"0","ts_local":"5\/28\/2026 8:55:20 PM","engine_ms":323.0,"message":"[HYDRATE] apply_profile_for_current_device returned: 0","grace_ms":0.0}
{"event":"message","channel":"calibration","swing":"0","ts_local":"5\/28\/2026 8:55:20 PM","engine_ms":324.0,"message":"[STARTUP_RESULT] hydrate returned 0","grace_ms":0.0}
{"event":"calibration","channel":"calibration","swing":"0","ts_local":"5\/28\/2026 8:57:00 PM","engine_ms":99704.0,"message":"[JUDGE_BUILD] ms_overlap_uncal | override=0 [IGNORED]","grace_ms":0.0,"tune":"C:\/Users\/xian\/GameMakerProjects\/Silly-Wizard\/datafiles\/tunes\/Jig of Slurs\/Jig of Slurs.json","bpm":106.0}
{"event":"calibration","channel":"calibration","swing":"0","ts_local":"5\/28\/2026 8:57:00 PM","engine_ms":99704.0,"message":"[JUDGE_BUILD] ms_overlap_uncal | target_shift_ms=0 | audio_ms=0 | input_ms=0 | visual_ms=0","grace_ms":0.0,"tune":"C:\/Users\/xian\/GameMakerProjects\/Silly-Wizard\/datafiles\/tunes\/Jig of Slurs\/Jig of Slurs.json","bpm":106.0}
{"channel":"calibration","event":"message","swing":"0","ts_local":"5\/28\/2026 9:04:45 PM","engine_ms":314.0,"message":"[LOAD_MIDI] Saved: in='loopMIDI Port' out='pipeport'","grace_ms":0.0}
{"channel":"calibration","event":"message","swing":"0","ts_local":"5\/28\/2026 9:04:45 PM","engine_ms":339.0,"message":"[LOAD_MIDI] Resolved: in='loopMIDI Port' out='pipeport'","grace_ms":0.0}
{"channel":"calibration","event":"message","swing":"0","ts_local":"5\/28\/2026 9:04:45 PM","engine_ms":340.0,"message":"[LOAD_MIDI] MIDI_chanter='blair'","grace_ms":0.0}
{"channel":"calibration","event":"calibration","swing":"0","ts_local":"5\/28\/2026 9:04:45 PM","engine_ms":342.0,"message":"[HYDRATE] Found timing_calibration: device_profiles=1","grace_ms":0.0}
{"channel":"calibration","event":"calibration","swing":"0","ts_local":"5\/28\/2026 9:04:45 PM","engine_ms":342.0,"message":"[HYDRATE] Loaded device_profiles with 1 keys","grace_ms":0.0}
{"channel":"calibration","event":"message","swing":"0","ts_local":"5\/28\/2026 9:04:45 PM","engine_ms":343.0,"message":"[APPLY_PROFILE] Attempting to match device_key: 'loopmidi port|pipeport|blair'","grace_ms":0.0}
{"channel":"calibration","event":"message","swing":"0","ts_local":"5\/28\/2026 9:04:45 PM","engine_ms":344.0,"message":"[APPLY_PROFILE] Key NOT found. Available: [ \"pipeport|microsoft gs wavetable synth|blair\" ]","grace_ms":0.0}
{"channel":"calibration","event":"calibration","swing":"0","ts_local":"5\/28\/2026 9:04:45 PM","engine_ms":346.0,"message":"[HYDRATE] apply_profile_for_current_device returned: 0","grace_ms":0.0}
{"channel":"calibration","event":"message","swing":"0","ts_local":"5\/28\/2026 9:04:45 PM","engine_ms":347.0,"message":"[STARTUP_RESULT] hydrate returned 0","grace_ms":0.0}
{"bpm":106.0,"channel":"calibration","event":"calibration","swing":"0","ts_local":"5\/28\/2026 9:06:23 PM","engine_ms":98195.0,"message":"[JUDGE_BUILD] ms_overlap_uncal | override=0 [IGNORED]","tune":"C:\/Users\/xian\/GameMakerProjects\/Silly-Wizard\/datafiles\/tunes\/Jig of Slurs\/Jig of Slurs.json","grace_ms":0.0}
{"bpm":106.0,"channel":"calibration","event":"calibration","swing":"0","ts_local":"5\/28\/2026 9:06:23 PM","engine_ms":98195.0,"message":"[JUDGE_BUILD] ms_overlap_uncal | target_shift_ms=0 | audio_ms=0 | input_ms=0 | visual_ms=0","tune":"C:\/Users\/xian\/GameMakerProjects\/Silly-Wizard\/datafiles\/tunes\/Jig of Slurs\/Jig of Slurs.json","grace_ms":0.0}
{"event":"message","channel":"calibration","ts_local":"5\/28\/2026 9:10:05 PM","swing":"0","engine_ms":294.0,"message":"[LOAD_MIDI] Saved: in='loopMIDI Port' out='pipeport'","grace_ms":0.0}
{"event":"message","channel":"calibration","ts_local":"5\/28\/2026 9:10:05 PM","swing":"0","engine_ms":321.0,"message":"[LOAD_MIDI] Resolved: in='loopMIDI Port' out='pipeport'","grace_ms":0.0}
{"event":"message","channel":"calibration","ts_local":"5\/28\/2026 9:10:05 PM","swing":"0","engine_ms":322.0,"message":"[LOAD_MIDI] MIDI_chanter='blair'","grace_ms":0.0}
{"event":"calibration","channel":"calibration","ts_local":"5\/28\/2026 9:10:05 PM","swing":"0","engine_ms":323.0,"message":"[HYDRATE] Found timing_calibration: device_profiles=1","grace_ms":0.0}
{"event":"calibration","channel":"calibration","ts_local":"5\/28\/2026 9:10:05 PM","swing":"0","engine_ms":324.0,"message":"[HYDRATE] Loaded device_profiles with 1 keys","grace_ms":0.0}
{"event":"message","channel":"calibration","ts_local":"5\/28\/2026 9:10:05 PM","swing":"0","engine_ms":325.0,"message":"[APPLY_PROFILE] Attempting to match device_key: 'loopmidi port|pipeport|blair'","grace_ms":0.0}
{"event":"message","channel":"calibration","ts_local":"5\/28\/2026 9:10:05 PM","swing":"0","engine_ms":326.0,"message":"[APPLY_PROFILE] Key NOT found. Available: [ \"pipeport|microsoft gs wavetable synth|blair\" ]","grace_ms":0.0}
{"event":"calibration","channel":"calibration","ts_local":"5\/28\/2026 9:10:05 PM","swing":"0","engine_ms":327.0,"message":"[HYDRATE] apply_profile_for_current_device returned: 0","grace_ms":0.0}
{"event":"message","channel":"calibration","ts_local":"5\/28\/2026 9:10:05 PM","swing":"0","engine_ms":328.0,"message":"[STARTUP_RESULT] hydrate returned 0","grace_ms":0.0}
{"event":"calibration","channel":"calibration","ts_local":"5\/28\/2026 9:11:22 PM","swing":"0","engine_ms":76643.0,"message":"[JUDGE_BUILD] ms_overlap_uncal | override=0 [IGNORED]","grace_ms":0.0,"tune":"C:\/Users\/xian\/GameMakerProjects\/Silly-Wizard\/datafiles\/tunes\/Jig of Slurs\/Jig of Slurs.json","bpm":106.0}
{"event":"calibration","channel":"calibration","ts_local":"5\/28\/2026 9:11:22 PM","swing":"0","engine_ms":76643.0,"message":"[JUDGE_BUILD] ms_overlap_uncal | target_shift_ms=0 | audio_ms=0 | input_ms=0 | visual_ms=0","grace_ms":0.0,"tune":"C:\/Users\/xian\/GameMakerProjects\/Silly-Wizard\/datafiles\/tunes\/Jig of Slurs\/Jig of Slurs.json","bpm":106.0}
{"event":"message","channel":"calibration","ts_local":"5\/28\/2026 9:12:56 PM","swing":"0","engine_ms":336.0,"message":"[LOAD_MIDI] Saved: in='loopMIDI Port' out='pipeport'","grace_ms":0.0}
{"event":"message","channel":"calibration","ts_local":"5\/28\/2026 9:12:56 PM","swing":"0","engine_ms":361.0,"message":"[LOAD_MIDI] Resolved: in='loopMIDI Port' out='pipeport'","grace_ms":0.0}
{"event":"message","channel":"calibration","ts_local":"5\/28\/2026 9:12:56 PM","swing":"0","engine_ms":362.0,"message":"[LOAD_MIDI] MIDI_chanter='blair'","grace_ms":0.0}
{"event":"calibration","channel":"calibration","ts_local":"5\/28\/2026 9:12:57 PM","swing":"0","engine_ms":364.0,"message":"[HYDRATE] Found timing_calibration: device_profiles=1","grace_ms":0.0}
{"event":"calibration","channel":"calibration","ts_local":"5\/28\/2026 9:12:57 PM","swing":"0","engine_ms":365.0,"message":"[HYDRATE] Loaded device_profiles with 1 keys","grace_ms":0.0}
{"event":"message","channel":"calibration","ts_local":"5\/28\/2026 9:12:57 PM","swing":"0","engine_ms":365.0,"message":"[APPLY_PROFILE] Attempting to match device_key: 'loopmidi port|pipeport|blair'","grace_ms":0.0}
{"event":"message","channel":"calibration","ts_local":"5\/28\/2026 9:12:57 PM","swing":"0","engine_ms":366.0,"message":"[APPLY_PROFILE] Key NOT found. Available: [ \"pipeport|microsoft gs wavetable synth|blair\" ]","grace_ms":0.0}
{"event":"calibration","channel":"calibration","ts_local":"5\/28\/2026 9:12:57 PM","swing":"0","engine_ms":367.0,"message":"[HYDRATE] apply_profile_for_current_device returned: 0","grace_ms":0.0}
{"event":"message","channel":"calibration","ts_local":"5\/28\/2026 9:12:57 PM","swing":"0","engine_ms":368.0,"message":"[STARTUP_RESULT] hydrate returned 0","grace_ms":0.0}
{"event":"calibration","channel":"calibration","ts_local":"5\/28\/2026 9:13:48 PM","swing":"0","engine_ms":52279.0,"message":"[JUDGE_BUILD] ms_overlap_uncal | override=0 [IGNORED]","grace_ms":0.0,"tune":"C:\/Users\/xian\/GameMakerProjects\/Silly-Wizard\/datafiles\/tunes\/Jig of Slurs\/Jig of Slurs.json","bpm":106.0}
{"event":"calibration","channel":"calibration","ts_local":"5\/28\/2026 9:13:48 PM","swing":"0","engine_ms":52279.0,"message":"[JUDGE_BUILD] ms_overlap_uncal | target_shift_ms=0 | audio_ms=0 | input_ms=0 | visual_ms=0","grace_ms":0.0,"tune":"C:\/Users\/xian\/GameMakerProjects\/Silly-Wizard\/datafiles\/tunes\/Jig of Slurs\/Jig of Slurs.json","bpm":106.0}
{"engine_ms":298.0,"message":"[LOAD_MIDI] Saved: in='loopMIDI Port' out='pipeport'","grace_ms":0.0,"channel":"calibration","swing":"0","event":"message","ts_local":"5\/28\/2026 9:20:10 PM"}
{"engine_ms":333.0,"message":"[LOAD_MIDI] Resolved: in='loopMIDI Port' out='pipeport'","grace_ms":0.0,"channel":"calibration","swing":"0","event":"message","ts_local":"5\/28\/2026 9:20:10 PM"}
{"engine_ms":334.0,"message":"[LOAD_MIDI] MIDI_chanter='blair'","grace_ms":0.0,"channel":"calibration","swing":"0","event":"message","ts_local":"5\/28\/2026 9:20:10 PM"}
{"engine_ms":335.0,"message":"[HYDRATE] Found timing_calibration: device_profiles=1","grace_ms":0.0,"channel":"calibration","swing":"0","event":"calibration","ts_local":"5\/28\/2026 9:20:10 PM"}
{"engine_ms":336.0,"message":"[HYDRATE] Loaded device_profiles with 1 keys","grace_ms":0.0,"channel":"calibration","swing":"0","event":"calibration","ts_local":"5\/28\/2026 9:20:10 PM"}
{"engine_ms":337.0,"message":"[APPLY_PROFILE] Attempting to match device_key: 'loopmidi port|pipeport|blair'","grace_ms":0.0,"channel":"calibration","swing":"0","event":"message","ts_local":"5\/28\/2026 9:20:10 PM"}
{"engine_ms":338.0,"message":"[APPLY_PROFILE] Key NOT found. Available: [ \"pipeport|microsoft gs wavetable synth|blair\" ]","grace_ms":0.0,"channel":"calibration","swing":"0","event":"message","ts_local":"5\/28\/2026 9:20:10 PM"}
{"engine_ms":339.0,"message":"[HYDRATE] apply_profile_for_current_device returned: 0","grace_ms":0.0,"channel":"calibration","swing":"0","event":"calibration","ts_local":"5\/28\/2026 9:20:10 PM"}
{"engine_ms":340.0,"message":"[STARTUP_RESULT] hydrate returned 0","grace_ms":0.0,"channel":"calibration","swing":"0","event":"message","ts_local":"5\/28\/2026 9:20:10 PM"}
{"bpm":106.0,"engine_ms":54307.0,"message":"[JUDGE_BUILD] ms_overlap_uncal | override=0 [IGNORED]","grace_ms":0.0,"channel":"calibration","swing":"0","event":"calibration","tune":"C:\/Users\/xian\/GameMakerProjects\/Silly-Wizard\/datafiles\/tunes\/Jig of Slurs\/Jig of Slurs.json","ts_local":"5\/28\/2026 9:21:04 PM"}
{"bpm":106.0,"engine_ms":54307.0,"message":"[JUDGE_BUILD] ms_overlap_uncal | target_shift_ms=0 | audio_ms=0 | input_ms=0 | visual_ms=0","grace_ms":0.0,"channel":"calibration","swing":"0","event":"calibration","tune":"C:\/Users\/xian\/GameMakerProjects\/Silly-Wizard\/datafiles\/tunes\/Jig of Slurs\/Jig of Slurs.json","ts_local":"5\/28\/2026 9:21:04 PM"}
{"ts_local":"5\/28\/2026 9:23:51 PM","engine_ms":291.0,"message":"[LOAD_MIDI] Saved: in='loopMIDI Port' out='pipeport'","grace_ms":0.0,"channel":"calibration","swing":"0","event":"message"}
{"ts_local":"5\/28\/2026 9:23:51 PM","engine_ms":318.0,"message":"[LOAD_MIDI] Resolved: in='loopMIDI Port' out='pipeport'","grace_ms":0.0,"channel":"calibration","swing":"0","event":"message"}
{"ts_local":"5\/28\/2026 9:23:51 PM","engine_ms":319.0,"message":"[LOAD_MIDI] MIDI_chanter='blair'","grace_ms":0.0,"channel":"calibration","swing":"0","event":"message"}
{"ts_local":"5\/28\/2026 9:23:51 PM","engine_ms":320.0,"message":"[HYDRATE] Found timing_calibration: device_profiles=1","grace_ms":0.0,"channel":"calibration","swing":"0","event":"calibration"}
{"ts_local":"5\/28\/2026 9:23:51 PM","engine_ms":322.0,"message":"[HYDRATE] Loaded device_profiles with 1 keys","grace_ms":0.0,"channel":"calibration","swing":"0","event":"calibration"}
{"ts_local":"5\/28\/2026 9:23:51 PM","engine_ms":323.0,"message":"[APPLY_PROFILE] Attempting to match device_key: 'loopmidi port|pipeport|blair'","grace_ms":0.0,"channel":"calibration","swing":"0","event":"message"}
{"ts_local":"5\/28\/2026 9:23:51 PM","engine_ms":324.0,"message":"[APPLY_PROFILE] Key NOT found. Available: [ \"pipeport|microsoft gs wavetable synth|blair\" ]","grace_ms":0.0,"channel":"calibration","swing":"0","event":"message"}
{"ts_local":"5\/28\/2026 9:23:51 PM","engine_ms":325.0,"message":"[HYDRATE] apply_profile_for_current_device returned: 0","grace_ms":0.0,"channel":"calibration","swing":"0","event":"calibration"}
{"ts_local":"5\/28\/2026 9:23:51 PM","engine_ms":326.0,"message":"[STARTUP_RESULT] hydrate returned 0","grace_ms":0.0,"channel":"calibration","swing":"0","event":"message"}
{"ts_local":"5\/28\/2026 9:24:32 PM","engine_ms":299.0,"message":"[LOAD_MIDI] Saved: in='loopMIDI Port' out='pipeport'","grace_ms":0.0,"channel":"calibration","swing":"0","event":"message"}
{"ts_local":"5\/28\/2026 9:24:32 PM","engine_ms":325.0,"message":"[LOAD_MIDI] Resolved: in='loopMIDI Port' out='pipeport'","grace_ms":0.0,"channel":"calibration","swing":"0","event":"message"}
{"ts_local":"5\/28\/2026 9:24:32 PM","engine_ms":327.0,"message":"[LOAD_MIDI] MIDI_chanter='blair'","grace_ms":0.0,"channel":"calibration","swing":"0","event":"message"}
{"ts_local":"5\/28\/2026 9:24:32 PM","engine_ms":328.0,"message":"[HYDRATE] Found timing_calibration: device_profiles=1","grace_ms":0.0,"channel":"calibration","swing":"0","event":"calibration"}
{"ts_local":"5\/28\/2026 9:24:32 PM","engine_ms":329.0,"message":"[HYDRATE] Loaded device_profiles with 1 keys","grace_ms":0.0,"channel":"calibration","swing":"0","event":"calibration"}
{"ts_local":"5\/28\/2026 9:24:32 PM","engine_ms":330.0,"message":"[APPLY_PROFILE] Attempting to match device_key: 'loopmidi port|pipeport|blair'","grace_ms":0.0,"channel":"calibration","swing":"0","event":"message"}
{"ts_local":"5\/28\/2026 9:24:32 PM","engine_ms":331.0,"message":"[APPLY_PROFILE] Key NOT found. Available: [ \"pipeport|microsoft gs wavetable synth|blair\" ]","grace_ms":0.0,"channel":"calibration","swing":"0","event":"message"}
{"ts_local":"5\/28\/2026 9:24:32 PM","engine_ms":332.0,"message":"[HYDRATE] apply_profile_for_current_device returned: 0","grace_ms":0.0,"channel":"calibration","swing":"0","event":"calibration"}
{"ts_local":"5\/28\/2026 9:24:32 PM","engine_ms":333.0,"message":"[STARTUP_RESULT] hydrate returned 0","grace_ms":0.0,"channel":"calibration","swing":"0","event":"message"}
{"ts_local":"5\/28\/2026 9:25:56 PM","engine_ms":85015.0,"message":"[JUDGE_BUILD] ms_overlap_uncal | override=0 [IGNORED]","grace_ms":0.0,"channel":"calibration","swing":"0","event":"calibration","tune":"C:\/Users\/xian\/GameMakerProjects\/Silly-Wizard\/datafiles\/tunes\/Jig of Slurs\/Jig of Slurs.json","bpm":106.0}
{"ts_local":"5\/28\/2026 9:25:56 PM","engine_ms":85015.0,"message":"[JUDGE_BUILD] ms_overlap_uncal | target_shift_ms=0 | audio_ms=0 | input_ms=0 | visual_ms=0","grace_ms":0.0,"channel":"calibration","swing":"0","event":"calibration","tune":"C:\/Users\/xian\/GameMakerProjects\/Silly-Wizard\/datafiles\/tunes\/Jig of Slurs\/Jig of Slurs.json","bpm":106.0}
{"channel":"calibration","event":"message","swing":"0","ts_local":"5\/28\/2026 9:35:09 PM","engine_ms":270.0,"message":"[LOAD_MIDI] Saved: in='loopMIDI Port' out='pipeport'","grace_ms":0.0}
{"channel":"calibration","event":"message","swing":"0","ts_local":"5\/28\/2026 9:35:09 PM","engine_ms":295.0,"message":"[LOAD_MIDI] Resolved: in='loopMIDI Port' out='pipeport'","grace_ms":0.0}
{"channel":"calibration","event":"message","swing":"0","ts_local":"5\/28\/2026 9:35:09 PM","engine_ms":296.0,"message":"[LOAD_MIDI] MIDI_chanter='blair'","grace_ms":0.0}
{"channel":"calibration","event":"calibration","swing":"0","ts_local":"5\/28\/2026 9:35:09 PM","engine_ms":297.0,"message":"[HYDRATE] Found timing_calibration: device_profiles=1","grace_ms":0.0}
{"channel":"calibration","event":"calibration","swing":"0","ts_local":"5\/28\/2026 9:35:09 PM","engine_ms":298.0,"message":"[HYDRATE] Loaded device_profiles with 1 keys","grace_ms":0.0}
{"channel":"calibration","event":"message","swing":"0","ts_local":"5\/28\/2026 9:35:09 PM","engine_ms":299.0,"message":"[APPLY_PROFILE] Attempting to match device_key: 'loopmidi port|pipeport|blair'","grace_ms":0.0}
{"channel":"calibration","event":"message","swing":"0","ts_local":"5\/28\/2026 9:35:09 PM","engine_ms":300.0,"message":"[APPLY_PROFILE] Key NOT found. Available: [ \"pipeport|microsoft gs wavetable synth|blair\" ]","grace_ms":0.0}
{"channel":"calibration","event":"calibration","swing":"0","ts_local":"5\/28\/2026 9:35:09 PM","engine_ms":301.0,"message":"[HYDRATE] apply_profile_for_current_device returned: 0","grace_ms":0.0}
{"channel":"calibration","event":"message","swing":"0","ts_local":"5\/28\/2026 9:35:09 PM","engine_ms":302.0,"message":"[STARTUP_RESULT] hydrate returned 0","grace_ms":0.0}
{"bpm":106.0,"channel":"calibration","event":"calibration","swing":"0","ts_local":"5\/28\/2026 9:36:05 PM","engine_ms":56190.0,"message":"[JUDGE_BUILD] ms_overlap_uncal | override=0 [IGNORED]","tune":"C:\/Users\/xian\/GameMakerProjects\/Silly-Wizard\/datafiles\/tunes\/Jig of Slurs\/Jig of Slurs.json","grace_ms":0.0}
{"bpm":106.0,"channel":"calibration","event":"calibration","swing":"0","ts_local":"5\/28\/2026 9:36:05 PM","engine_ms":56190.0,"message":"[JUDGE_BUILD] ms_overlap_uncal | target_shift_ms=0 | audio_ms=0 | input_ms=0 | visual_ms=0","tune":"C:\/Users\/xian\/GameMakerProjects\/Silly-Wizard\/datafiles\/tunes\/Jig of Slurs\/Jig of Slurs.json","grace_ms":0.0}
{"event":"message","channel":"calibration","swing":"0","ts_local":"5\/28\/2026 9:43:04 PM","engine_ms":299.0,"message":"[LOAD_MIDI] Saved: in='loopMIDI Port' out='pipeport'","grace_ms":0.0}
{"event":"message","channel":"calibration","swing":"0","ts_local":"5\/28\/2026 9:43:04 PM","engine_ms":326.0,"message":"[LOAD_MIDI] Resolved: in='loopMIDI Port' out='pipeport'","grace_ms":0.0}
{"event":"message","channel":"calibration","swing":"0","ts_local":"5\/28\/2026 9:43:04 PM","engine_ms":327.0,"message":"[LOAD_MIDI] MIDI_chanter='blair'","grace_ms":0.0}
{"event":"calibration","channel":"calibration","swing":"0","ts_local":"5\/28\/2026 9:43:04 PM","engine_ms":328.0,"message":"[HYDRATE] Found timing_calibration: device_profiles=1","grace_ms":0.0}
{"event":"calibration","channel":"calibration","swing":"0","ts_local":"5\/28\/2026 9:43:04 PM","engine_ms":329.0,"message":"[HYDRATE] Loaded device_profiles with 1 keys","grace_ms":0.0}
{"event":"message","channel":"calibration","swing":"0","ts_local":"5\/28\/2026 9:43:04 PM","engine_ms":330.0,"message":"[APPLY_PROFILE] Attempting to match device_key: 'loopmidi port|pipeport|blair'","grace_ms":0.0}
{"event":"message","channel":"calibration","swing":"0","ts_local":"5\/28\/2026 9:43:04 PM","engine_ms":332.0,"message":"[APPLY_PROFILE] Key NOT found. Available: [ \"pipeport|microsoft gs wavetable synth|blair\" ]","grace_ms":0.0}
{"event":"calibration","channel":"calibration","swing":"0","ts_local":"5\/28\/2026 9:43:04 PM","engine_ms":333.0,"message":"[HYDRATE] apply_profile_for_current_device returned: 0","grace_ms":0.0}
{"event":"message","channel":"calibration","swing":"0","ts_local":"5\/28\/2026 9:43:04 PM","engine_ms":334.0,"message":"[STARTUP_RESULT] hydrate returned 0","grace_ms":0.0}
{"event":"calibration","channel":"calibration","swing":"0","ts_local":"5\/28\/2026 9:44:00 PM","engine_ms":56548.0,"message":"[JUDGE_BUILD] ms_overlap_uncal | override=0 [IGNORED]","grace_ms":0.0,"tune":"C:\/Users\/xian\/GameMakerProjects\/Silly-Wizard\/datafiles\/tunes\/Jig of Slurs\/Jig of Slurs.json","bpm":106.0}
{"event":"calibration","channel":"calibration","swing":"0","ts_local":"5\/28\/2026 9:44:00 PM","engine_ms":56548.0,"message":"[JUDGE_BUILD] ms_overlap_uncal | target_shift_ms=0 | audio_ms=0 | input_ms=0 | visual_ms=0","grace_ms":0.0,"tune":"C:\/Users\/xian\/GameMakerProjects\/Silly-Wizard\/datafiles\/tunes\/Jig of Slurs\/Jig of Slurs.json","bpm":106.0}
{"event":"message","channel":"calibration","swing":"0","ts_local":"5\/28\/2026 9:46:50 PM","engine_ms":287.0,"message":"[LOAD_MIDI] Saved: in='loopMIDI Port' out='pipeport'","grace_ms":0.0}
{"event":"message","channel":"calibration","swing":"0","ts_local":"5\/28\/2026 9:46:50 PM","engine_ms":312.0,"message":"[LOAD_MIDI] Resolved: in='loopMIDI Port' out='pipeport'","grace_ms":0.0}
{"event":"message","channel":"calibration","swing":"0","ts_local":"5\/28\/2026 9:46:50 PM","engine_ms":313.0,"message":"[LOAD_MIDI] MIDI_chanter='blair'","grace_ms":0.0}
{"event":"calibration","channel":"calibration","swing":"0","ts_local":"5\/28\/2026 9:46:50 PM","engine_ms":315.0,"message":"[HYDRATE] Found timing_calibration: device_profiles=1","grace_ms":0.0}
{"event":"calibration","channel":"calibration","swing":"0","ts_local":"5\/28\/2026 9:46:50 PM","engine_ms":316.0,"message":"[HYDRATE] Loaded device_profiles with 1 keys","grace_ms":0.0}
{"event":"message","channel":"calibration","swing":"0","ts_local":"5\/28\/2026 9:46:50 PM","engine_ms":317.0,"message":"[APPLY_PROFILE] Attempting to match device_key: 'loopmidi port|pipeport|blair'","grace_ms":0.0}
{"event":"message","channel":"calibration","swing":"0","ts_local":"5\/28\/2026 9:46:50 PM","engine_ms":318.0,"message":"[APPLY_PROFILE] Key NOT found. Available: [ \"pipeport|microsoft gs wavetable synth|blair\" ]","grace_ms":0.0}
{"event":"calibration","channel":"calibration","swing":"0","ts_local":"5\/28\/2026 9:46:50 PM","engine_ms":319.0,"message":"[HYDRATE] apply_profile_for_current_device returned: 0","grace_ms":0.0}
{"event":"message","channel":"calibration","swing":"0","ts_local":"5\/28\/2026 9:46:50 PM","engine_ms":320.0,"message":"[STARTUP_RESULT] hydrate returned 0","grace_ms":0.0}
{"event":"calibration","channel":"calibration","swing":"0","ts_local":"5\/28\/2026 9:47:53 PM","engine_ms":62973.0,"message":"[JUDGE_BUILD] ms_overlap_uncal | override=0 [IGNORED]","grace_ms":0.0,"tune":"C:\/Users\/xian\/GameMakerProjects\/Silly-Wizard\/datafiles\/tunes\/Jig of Slurs\/Jig of Slurs.json","bpm":106.0}
{"event":"calibration","channel":"calibration","swing":"0","ts_local":"5\/28\/2026 9:47:53 PM","engine_ms":62973.0,"message":"[JUDGE_BUILD] ms_overlap_uncal | target_shift_ms=0 | audio_ms=0 | input_ms=0 | visual_ms=0","grace_ms":0.0,"tune":"C:\/Users\/xian\/GameMakerProjects\/Silly-Wizard\/datafiles\/tunes\/Jig of Slurs\/Jig of Slurs.json","bpm":106.0}
{"event":"message","channel":"calibration","ts_local":"5\/28\/2026 9:53:39 PM","engine_ms":302.0,"swing":"0","message":"[LOAD_MIDI] Saved: in='loopMIDI Port' out='pipeport'","grace_ms":0.0}
{"event":"message","channel":"calibration","ts_local":"5\/28\/2026 9:53:39 PM","engine_ms":329.0,"swing":"0","message":"[LOAD_MIDI] Resolved: in='loopMIDI Port' out='pipeport'","grace_ms":0.0}
{"event":"message","channel":"calibration","ts_local":"5\/28\/2026 9:53:39 PM","engine_ms":331.0,"swing":"0","message":"[LOAD_MIDI] MIDI_chanter='blair'","grace_ms":0.0}
{"event":"calibration","channel":"calibration","ts_local":"5\/28\/2026 9:53:39 PM","engine_ms":332.0,"swing":"0","message":"[HYDRATE] Found timing_calibration: device_profiles=1","grace_ms":0.0}
{"event":"calibration","channel":"calibration","ts_local":"5\/28\/2026 9:53:39 PM","engine_ms":333.0,"swing":"0","message":"[HYDRATE] Loaded device_profiles with 1 keys","grace_ms":0.0}
{"event":"message","channel":"calibration","ts_local":"5\/28\/2026 9:53:39 PM","engine_ms":334.0,"swing":"0","message":"[APPLY_PROFILE] Attempting to match device_key: 'loopmidi port|pipeport|blair'","grace_ms":0.0}
{"event":"message","channel":"calibration","ts_local":"5\/28\/2026 9:53:39 PM","engine_ms":335.0,"swing":"0","message":"[APPLY_PROFILE] Key NOT found. Available: [ \"pipeport|microsoft gs wavetable synth|blair\" ]","grace_ms":0.0}
{"event":"calibration","channel":"calibration","ts_local":"5\/28\/2026 9:53:39 PM","engine_ms":337.0,"swing":"0","message":"[HYDRATE] apply_profile_for_current_device returned: 0","grace_ms":0.0}
{"event":"message","channel":"calibration","ts_local":"5\/28\/2026 9:53:39 PM","engine_ms":338.0,"swing":"0","message":"[STARTUP_RESULT] hydrate returned 0","grace_ms":0.0}
{"event":"calibration","channel":"calibration","ts_local":"5\/28\/2026 9:54:30 PM","engine_ms":51869.0,"swing":"0","message":"[JUDGE_BUILD] ms_overlap_uncal | override=0 [IGNORED]","grace_ms":0.0,"tune":"C:\/Users\/xian\/GameMakerProjects\/Silly-Wizard\/datafiles\/tunes\/Jig of Slurs\/Jig of Slurs.json","bpm":106.0}
{"event":"calibration","channel":"calibration","ts_local":"5\/28\/2026 9:54:30 PM","engine_ms":51869.0,"swing":"0","message":"[JUDGE_BUILD] ms_overlap_uncal | target_shift_ms=0 | audio_ms=0 | input_ms=0 | visual_ms=0","grace_ms":0.0,"tune":"C:\/Users\/xian\/GameMakerProjects\/Silly-Wizard\/datafiles\/tunes\/Jig of Slurs\/Jig of Slurs.json","bpm":106.0}
{"message":"[LOAD_MIDI] Saved: in='loopMIDI Port' out='pipeport'","grace_ms":0.0,"channel":"calibration","swing":"0","event":"message","ts_local":"5\/28\/2026 10:00:41 PM","engine_ms":300.0}
{"message":"[LOAD_MIDI] Resolved: in='loopMIDI Port' out='pipeport'","grace_ms":0.0,"channel":"calibration","swing":"0","event":"message","ts_local":"5\/28\/2026 10:00:41 PM","engine_ms":327.0}
{"message":"[LOAD_MIDI] MIDI_chanter='blair'","grace_ms":0.0,"channel":"calibration","swing":"0","event":"message","ts_local":"5\/28\/2026 10:00:41 PM","engine_ms":328.0}
{"message":"[HYDRATE] Found timing_calibration: device_profiles=1","grace_ms":0.0,"channel":"calibration","swing":"0","event":"calibration","ts_local":"5\/28\/2026 10:00:41 PM","engine_ms":330.0}
{"message":"[HYDRATE] Loaded device_profiles with 1 keys","grace_ms":0.0,"channel":"calibration","swing":"0","event":"calibration","ts_local":"5\/28\/2026 10:00:41 PM","engine_ms":331.0}
{"message":"[APPLY_PROFILE] Attempting to match device_key: 'loopmidi port|pipeport|blair'","grace_ms":0.0,"channel":"calibration","swing":"0","event":"message","ts_local":"5\/28\/2026 10:00:41 PM","engine_ms":333.0}
{"message":"[APPLY_PROFILE] Key NOT found. Available: [ \"pipeport|microsoft gs wavetable synth|blair\" ]","grace_ms":0.0,"channel":"calibration","swing":"0","event":"message","ts_local":"5\/28\/2026 10:00:41 PM","engine_ms":334.0}
{"message":"[HYDRATE] apply_profile_for_current_device returned: 0","grace_ms":0.0,"channel":"calibration","swing":"0","event":"calibration","ts_local":"5\/28\/2026 10:00:41 PM","engine_ms":335.0}
{"message":"[STARTUP_RESULT] hydrate returned 0","grace_ms":0.0,"channel":"calibration","swing":"0","event":"message","ts_local":"5\/28\/2026 10:00:41 PM","engine_ms":336.0}
{"engine_ms":56171.0,"bpm":106.0,"message":"[JUDGE_BUILD] ms_overlap_uncal | override=0 [IGNORED]","grace_ms":0.0,"channel":"calibration","swing":"0","event":"calibration","ts_local":"5\/28\/2026 10:01:37 PM","tune":"C:\/Users\/xian\/GameMakerProjects\/Silly-Wizard\/datafiles\/tunes\/Jig of Slurs\/Jig of Slurs.json"}
{"engine_ms":56171.0,"bpm":106.0,"message":"[JUDGE_BUILD] ms_overlap_uncal | target_shift_ms=0 | audio_ms=0 | input_ms=0 | visual_ms=0","grace_ms":0.0,"channel":"calibration","swing":"0","event":"calibration","ts_local":"5\/28\/2026 10:01:37 PM","tune":"C:\/Users\/xian\/GameMakerProjects\/Silly-Wizard\/datafiles\/tunes\/Jig of Slurs\/Jig of Slurs.json"}
{"event":"message","channel":"calibration","ts_local":"5\/28\/2026 10:09:04 PM","engine_ms":314.0,"swing":"0","grace_ms":0.0,"message":"[LOAD_MIDI] Saved: in='loopMIDI Port' out='pipeport'"}
{"event":"message","channel":"calibration","ts_local":"5\/28\/2026 10:09:04 PM","engine_ms":338.0,"swing":"0","grace_ms":0.0,"message":"[LOAD_MIDI] Resolved: in='loopMIDI Port' out='pipeport'"}
{"event":"message","channel":"calibration","ts_local":"5\/28\/2026 10:09:04 PM","engine_ms":340.0,"swing":"0","grace_ms":0.0,"message":"[LOAD_MIDI] MIDI_chanter='blair'"}
{"event":"calibration","channel":"calibration","ts_local":"5\/28\/2026 10:09:04 PM","engine_ms":341.0,"swing":"0","grace_ms":0.0,"message":"[HYDRATE] Found timing_calibration: device_profiles=1"}
{"event":"calibration","channel":"calibration","ts_local":"5\/28\/2026 10:09:04 PM","engine_ms":343.0,"swing":"0","grace_ms":0.0,"message":"[HYDRATE] Loaded device_profiles with 1 keys"}
{"event":"message","channel":"calibration","ts_local":"5\/28\/2026 10:09:04 PM","engine_ms":344.0,"swing":"0","grace_ms":0.0,"message":"[APPLY_PROFILE] Attempting to match device_key: 'loopmidi port|pipeport|blair'"}
{"event":"message","channel":"calibration","ts_local":"5\/28\/2026 10:09:04 PM","engine_ms":345.0,"swing":"0","grace_ms":0.0,"message":"[APPLY_PROFILE] Key NOT found. Available: [ \"pipeport|microsoft gs wavetable synth|blair\" ]"}
{"event":"calibration","channel":"calibration","ts_local":"5\/28\/2026 10:09:04 PM","engine_ms":346.0,"swing":"0","grace_ms":0.0,"message":"[HYDRATE] apply_profile_for_current_device returned: 0"}
{"event":"message","channel":"calibration","ts_local":"5\/28\/2026 10:09:04 PM","engine_ms":347.0,"swing":"0","grace_ms":0.0,"message":"[STARTUP_RESULT] hydrate returned 0"}
{"event":"calibration","channel":"calibration","ts_local":"5\/28\/2026 10:09:55 PM","engine_ms":51459.0,"swing":"0","grace_ms":0.0,"message":"[JUDGE_BUILD] ms_overlap_uncal | override=0 [IGNORED]","tune":"C:\/Users\/xian\/GameMakerProjects\/Silly-Wizard\/datafiles\/tunes\/Jig of Slurs\/Jig of Slurs.json","bpm":106.0}
{"event":"calibration","channel":"calibration","ts_local":"5\/28\/2026 10:09:55 PM","engine_ms":51459.0,"swing":"0","grace_ms":0.0,"message":"[JUDGE_BUILD] ms_overlap_uncal | target_shift_ms=0 | audio_ms=0 | input_ms=0 | visual_ms=0","tune":"C:\/Users\/xian\/GameMakerProjects\/Silly-Wizard\/datafiles\/tunes\/Jig of Slurs\/Jig of Slurs.json","bpm":106.0}
{"event":"message","channel":"calibration","ts_local":"5\/29\/2026 7:44:19 PM","engine_ms":405.0,"swing":"0","grace_ms":0.0,"message":"[LOAD_MIDI] Saved: in='loopMIDI Port' out='pipeport'"}
{"event":"message","channel":"calibration","ts_local":"5\/29\/2026 7:44:19 PM","engine_ms":437.0,"swing":"0","grace_ms":0.0,"message":"[LOAD_MIDI] Resolved: in='loopMIDI Port' out='pipeport'"}
{"event":"message","channel":"calibration","ts_local":"5\/29\/2026 7:44:19 PM","engine_ms":438.0,"swing":"0","grace_ms":0.0,"message":"[LOAD_MIDI] MIDI_chanter='blair'"}
{"event":"calibration","channel":"calibration","ts_local":"5\/29\/2026 7:44:19 PM","engine_ms":440.0,"swing":"0","grace_ms":0.0,"message":"[HYDRATE] Found timing_calibration: device_profiles=1"}
{"event":"calibration","channel":"calibration","ts_local":"5\/29\/2026 7:44:19 PM","engine_ms":441.0,"swing":"0","grace_ms":0.0,"message":"[HYDRATE] Loaded device_profiles with 1 keys"}
{"event":"message","channel":"calibration","ts_local":"5\/29\/2026 7:44:19 PM","engine_ms":442.0,"swing":"0","grace_ms":0.0,"message":"[APPLY_PROFILE] Attempting to match device_key: 'loopmidi port|pipeport|blair'"}
{"event":"message","channel":"calibration","ts_local":"5\/29\/2026 7:44:19 PM","engine_ms":443.0,"swing":"0","grace_ms":0.0,"message":"[APPLY_PROFILE] Key NOT found. Available: [ \"pipeport|microsoft gs wavetable synth|blair\" ]"}
{"event":"calibration","channel":"calibration","ts_local":"5\/29\/2026 7:44:19 PM","engine_ms":445.0,"swing":"0","grace_ms":0.0,"message":"[HYDRATE] apply_profile_for_current_device returned: 0"}
{"event":"message","channel":"calibration","ts_local":"5\/29\/2026 7:44:19 PM","engine_ms":446.0,"swing":"0","grace_ms":0.0,"message":"[STARTUP_RESULT] hydrate returned 0"}
{"event":"calibration","channel":"calibration","ts_local":"5\/29\/2026 7:45:48 PM","engine_ms":88990.0,"swing":"0","grace_ms":0.0,"message":"[JUDGE_BUILD] ms_overlap_uncal | override=0 [IGNORED]","tune":"C:\/Users\/xian\/GameMakerProjects\/Silly-Wizard\/datafiles\/tunes\/Jig of Slurs\/Jig of Slurs.json","bpm":106.0}
{"event":"calibration","channel":"calibration","ts_local":"5\/29\/2026 7:45:48 PM","engine_ms":88990.0,"swing":"0","grace_ms":0.0,"message":"[JUDGE_BUILD] ms_overlap_uncal | target_shift_ms=0 | audio_ms=0 | input_ms=0 | visual_ms=0","tune":"C:\/Users\/xian\/GameMakerProjects\/Silly-Wizard\/datafiles\/tunes\/Jig of Slurs\/Jig of Slurs.json","bpm":106.0}
{"event":"message","channel":"calibration","ts_local":"5\/30\/2026 10:22:16 AM","engine_ms":291.0,"swing":"0","grace_ms":0.0,"message":"[LOAD_MIDI] Saved: in='loopMIDI Port' out='pipeport'"}
{"event":"message","channel":"calibration","ts_local":"5\/30\/2026 10:22:16 AM","engine_ms":1114.0,"swing":"0","grace_ms":0.0,"message":"[LOAD_MIDI] Resolved: in='loopMIDI Port' out='pipeport'"}
{"event":"message","channel":"calibration","ts_local":"5\/30\/2026 10:22:16 AM","engine_ms":1116.0,"swing":"0","grace_ms":0.0,"message":"[LOAD_MIDI] MIDI_chanter='blair'"}
{"event":"calibration","channel":"calibration","ts_local":"5\/30\/2026 10:22:16 AM","engine_ms":1117.0,"swing":"0","grace_ms":0.0,"message":"[HYDRATE] Found timing_calibration: device_profiles=1"}
{"event":"calibration","channel":"calibration","ts_local":"5\/30\/2026 10:22:16 AM","engine_ms":1118.0,"swing":"0","grace_ms":0.0,"message":"[HYDRATE] Loaded device_profiles with 1 keys"}
{"event":"message","channel":"calibration","ts_local":"5\/30\/2026 10:22:17 AM","engine_ms":1836.0,"swing":"0","grace_ms":0.0,"message":"[APPLY_PROFILE] Attempting to match device_key: 'loopmidi port|pipeport|blair'"}
{"event":"message","channel":"calibration","ts_local":"5\/30\/2026 10:22:17 AM","engine_ms":1838.0,"swing":"0","grace_ms":0.0,"message":"[APPLY_PROFILE] Key NOT found. Available: [ \"pipeport|microsoft gs wavetable synth|blair\" ]"}
{"event":"calibration","channel":"calibration","ts_local":"5\/30\/2026 10:22:17 AM","engine_ms":1839.0,"swing":"0","grace_ms":0.0,"message":"[HYDRATE] apply_profile_for_current_device returned: 0"}
{"event":"message","channel":"calibration","ts_local":"5\/30\/2026 10:22:17 AM","engine_ms":1840.0,"swing":"0","grace_ms":0.0,"message":"[STARTUP_RESULT] hydrate returned 0"}
{"event":"calibration","channel":"calibration","ts_local":"5\/30\/2026 10:24:03 AM","engine_ms":107872.0,"swing":"0","grace_ms":0.0,"message":"[JUDGE_BUILD] ms_overlap_uncal | override=0 [IGNORED]","tune":"C:\/Users\/xian\/GameMakerProjects\/Silly-Wizard\/datafiles\/tunes\/Jig of Slurs\/Jig of Slurs.json","bpm":106.0}
{"event":"calibration","channel":"calibration","ts_local":"5\/30\/2026 10:24:03 AM","engine_ms":107872.0,"swing":"0","grace_ms":0.0,"message":"[JUDGE_BUILD] ms_overlap_uncal | target_shift_ms=0 | audio_ms=0 | input_ms=0 | visual_ms=0","tune":"C:\/Users\/xian\/GameMakerProjects\/Silly-Wizard\/datafiles\/tunes\/Jig of Slurs\/Jig of Slurs.json","bpm":106.0}
{"event":"message","channel":"calibration","ts_local":"5\/30\/2026 10:30:21 AM","engine_ms":311.0,"swing":"0","grace_ms":0.0,"message":"[LOAD_MIDI] Saved: in='loopMIDI Port' out='pipeport'"}
{"event":"message","channel":"calibration","ts_local":"5\/30\/2026 10:30:21 AM","engine_ms":340.0,"swing":"0","grace_ms":0.0,"message":"[LOAD_MIDI] Resolved: in='loopMIDI Port' out='pipeport'"}
{"event":"message","channel":"calibration","ts_local":"5\/30\/2026 10:30:21 AM","engine_ms":342.0,"swing":"0","grace_ms":0.0,"message":"[LOAD_MIDI] MIDI_chanter='blair'"}
{"event":"calibration","channel":"calibration","ts_local":"5\/30\/2026 10:30:21 AM","engine_ms":343.0,"swing":"0","grace_ms":0.0,"message":"[HYDRATE] Found timing_calibration: device_profiles=1"}
{"event":"calibration","channel":"calibration","ts_local":"5\/30\/2026 10:30:21 AM","engine_ms":345.0,"swing":"0","grace_ms":0.0,"message":"[HYDRATE] Loaded device_profiles with 1 keys"}
{"event":"message","channel":"calibration","ts_local":"5\/30\/2026 10:30:21 AM","engine_ms":346.0,"swing":"0","grace_ms":0.0,"message":"[APPLY_PROFILE] Attempting to match device_key: 'loopmidi port|pipeport|blair'"}
{"event":"message","channel":"calibration","ts_local":"5\/30\/2026 10:30:21 AM","engine_ms":347.0,"swing":"0","grace_ms":0.0,"message":"[APPLY_PROFILE] Key NOT found. Available: [ \"pipeport|microsoft gs wavetable synth|blair\" ]"}
{"event":"calibration","channel":"calibration","ts_local":"5\/30\/2026 10:30:21 AM","engine_ms":348.0,"swing":"0","grace_ms":0.0,"message":"[HYDRATE] apply_profile_for_current_device returned: 0"}
{"event":"message","channel":"calibration","ts_local":"5\/30\/2026 10:30:21 AM","engine_ms":350.0,"swing":"0","grace_ms":0.0,"message":"[STARTUP_RESULT] hydrate returned 0"}
{"event":"calibration","channel":"calibration","ts_local":"5\/30\/2026 10:31:12 AM","engine_ms":51711.0,"swing":"0","grace_ms":0.0,"message":"[JUDGE_BUILD] ms_overlap_uncal | override=0 [IGNORED]","tune":"C:\/Users\/xian\/GameMakerProjects\/Silly-Wizard\/datafiles\/tunes\/Jig of Slurs\/Jig of Slurs.json","bpm":106.0}
{"event":"calibration","channel":"calibration","ts_local":"5\/30\/2026 10:31:12 AM","engine_ms":51711.0,"swing":"0","grace_ms":0.0,"message":"[JUDGE_BUILD] ms_overlap_uncal | target_shift_ms=0 | audio_ms=0 | input_ms=0 | visual_ms=0","tune":"C:\/Users\/xian\/GameMakerProjects\/Silly-Wizard\/datafiles\/tunes\/Jig of Slurs\/Jig of Slurs.json","bpm":106.0}
{"event":"message","channel":"calibration","ts_local":"5\/30\/2026 10:35:39 AM","engine_ms":346.0,"swing":"0","grace_ms":0.0,"message":"[LOAD_MIDI] Saved: in='loopMIDI Port' out='pipeport'"}
{"event":"message","channel":"calibration","ts_local":"5\/30\/2026 10:35:39 AM","engine_ms":373.0,"swing":"0","grace_ms":0.0,"message":"[LOAD_MIDI] Resolved: in='loopMIDI Port' out='pipeport'"}
{"event":"message","channel":"calibration","ts_local":"5\/30\/2026 10:35:39 AM","engine_ms":375.0,"swing":"0","grace_ms":0.0,"message":"[LOAD_MIDI] MIDI_chanter='blair'"}
{"event":"calibration","channel":"calibration","ts_local":"5\/30\/2026 10:35:39 AM","engine_ms":376.0,"swing":"0","grace_ms":0.0,"message":"[HYDRATE] Found timing_calibration: device_profiles=1"}
{"event":"calibration","channel":"calibration","ts_local":"5\/30\/2026 10:35:39 AM","engine_ms":378.0,"swing":"0","grace_ms":0.0,"message":"[HYDRATE] Loaded device_profiles with 1 keys"}
{"event":"message","channel":"calibration","ts_local":"5\/30\/2026 10:35:39 AM","engine_ms":379.0,"swing":"0","grace_ms":0.0,"message":"[APPLY_PROFILE] Attempting to match device_key: 'loopmidi port|pipeport|blair'"}
{"event":"message","channel":"calibration","ts_local":"5\/30\/2026 10:35:39 AM","engine_ms":381.0,"swing":"0","grace_ms":0.0,"message":"[APPLY_PROFILE] Key NOT found. Available: [ \"pipeport|microsoft gs wavetable synth|blair\" ]"}
{"event":"calibration","channel":"calibration","ts_local":"5\/30\/2026 10:35:39 AM","engine_ms":382.0,"swing":"0","grace_ms":0.0,"message":"[HYDRATE] apply_profile_for_current_device returned: 0"}
{"event":"message","channel":"calibration","ts_local":"5\/30\/2026 10:35:39 AM","engine_ms":384.0,"swing":"0","grace_ms":0.0,"message":"[STARTUP_RESULT] hydrate returned 0"}
{"event":"calibration","channel":"calibration","ts_local":"5\/30\/2026 10:36:35 AM","engine_ms":57067.0,"swing":"0","grace_ms":0.0,"message":"[JUDGE_BUILD] ms_overlap_uncal | override=0 [IGNORED]","tune":"C:\/Users\/xian\/GameMakerProjects\/Silly-Wizard\/datafiles\/tunes\/Jig of Slurs\/Jig of Slurs.json","bpm":106.0}
{"event":"calibration","channel":"calibration","ts_local":"5\/30\/2026 10:36:35 AM","engine_ms":57067.0,"swing":"0","grace_ms":0.0,"message":"[JUDGE_BUILD] ms_overlap_uncal | target_shift_ms=0 | audio_ms=0 | input_ms=0 | visual_ms=0","tune":"C:\/Users\/xian\/GameMakerProjects\/Silly-Wizard\/datafiles\/tunes\/Jig of Slurs\/Jig of Slurs.json","bpm":106.0}
{"event":"calibration","channel":"calibration","ts_local":"5\/30\/2026 10:37:16 AM","engine_ms":97503.0,"swing":"0","grace_ms":0.0,"message":"[JUDGE_BUILD] ms_overlap_uncal | override=0 [IGNORED]","tune":"C:\/Users\/xian\/GameMakerProjects\/Silly-Wizard\/datafiles\/tunes\/Jig of Slurs\/Jig of Slurs.json","bpm":106.0}
{"event":"calibration","channel":"calibration","ts_local":"5\/30\/2026 10:37:16 AM","engine_ms":97503.0,"swing":"0","grace_ms":0.0,"message":"[JUDGE_BUILD] ms_overlap_uncal | target_shift_ms=0 | audio_ms=0 | input_ms=0 | visual_ms=0","tune":"C:\/Users\/xian\/GameMakerProjects\/Silly-Wizard\/datafiles\/tunes\/Jig of Slurs\/Jig of Slurs.json","bpm":106.0}
{"event":"message","channel":"calibration","ts_local":"5\/30\/2026 10:38:24 AM","engine_ms":321.0,"swing":"0","grace_ms":0.0,"message":"[LOAD_MIDI] Saved: in='loopMIDI Port' out='pipeport'"}
{"event":"message","channel":"calibration","ts_local":"5\/30\/2026 10:38:24 AM","engine_ms":348.0,"swing":"0","grace_ms":0.0,"message":"[LOAD_MIDI] Resolved: in='loopMIDI Port' out='pipeport'"}
{"event":"message","channel":"calibration","ts_local":"5\/30\/2026 10:38:24 AM","engine_ms":349.0,"swing":"0","grace_ms":0.0,"message":"[LOAD_MIDI] MIDI_chanter='blair'"}
{"event":"calibration","channel":"calibration","ts_local":"5\/30\/2026 10:38:24 AM","engine_ms":351.0,"swing":"0","grace_ms":0.0,"message":"[HYDRATE] Found timing_calibration: device_profiles=1"}
{"event":"calibration","channel":"calibration","ts_local":"5\/30\/2026 10:38:24 AM","engine_ms":352.0,"swing":"0","grace_ms":0.0,"message":"[HYDRATE] Loaded device_profiles with 1 keys"}
{"event":"message","channel":"calibration","ts_local":"5\/30\/2026 10:38:24 AM","engine_ms":354.0,"swing":"0","grace_ms":0.0,"message":"[APPLY_PROFILE] Attempting to match device_key: 'loopmidi port|pipeport|blair'"}
{"event":"message","channel":"calibration","ts_local":"5\/30\/2026 10:38:24 AM","engine_ms":355.0,"swing":"0","grace_ms":0.0,"message":"[APPLY_PROFILE] Key NOT found. Available: [ \"pipeport|microsoft gs wavetable synth|blair\" ]"}
{"event":"calibration","channel":"calibration","ts_local":"5\/30\/2026 10:38:24 AM","engine_ms":357.0,"swing":"0","grace_ms":0.0,"message":"[HYDRATE] apply_profile_for_current_device returned: 0"}
{"event":"message","channel":"calibration","ts_local":"5\/30\/2026 10:38:24 AM","engine_ms":359.0,"swing":"0","grace_ms":0.0,"message":"[STARTUP_RESULT] hydrate returned 0"}
{"event":"calibration","channel":"calibration","ts_local":"5\/30\/2026 10:39:20 AM","engine_ms":55507.0,"swing":"0","grace_ms":0.0,"message":"[JUDGE_BUILD] ms_overlap_uncal | override=0 [IGNORED]","tune":"C:\/Users\/xian\/GameMakerProjects\/Silly-Wizard\/datafiles\/tunes\/Jig of Slurs\/Jig of Slurs.json","bpm":106.0}
{"event":"calibration","channel":"calibration","ts_local":"5\/30\/2026 10:39:20 AM","engine_ms":55507.0,"swing":"0","grace_ms":0.0,"message":"[JUDGE_BUILD] ms_overlap_uncal | target_shift_ms=0 | audio_ms=0 | input_ms=0 | visual_ms=0","tune":"C:\/Users\/xian\/GameMakerProjects\/Silly-Wizard\/datafiles\/tunes\/Jig of Slurs\/Jig of Slurs.json","bpm":106.0}
{"event":"message","channel":"calibration","ts_local":"5\/30\/2026 2:03:50 PM","swing":"0","engine_ms":272.0,"grace_ms":0.0,"message":"[LOAD_MIDI] Saved: in='loopMIDI Port' out='pipeport'"}
{"event":"message","channel":"calibration","ts_local":"5\/30\/2026 2:03:50 PM","swing":"0","engine_ms":300.0,"grace_ms":0.0,"message":"[LOAD_MIDI] Resolved: in='loopMIDI Port' out='pipeport'"}
{"event":"message","channel":"calibration","ts_local":"5\/30\/2026 2:03:50 PM","swing":"0","engine_ms":302.0,"grace_ms":0.0,"message":"[LOAD_MIDI] MIDI_chanter='blair'"}
{"event":"calibration","channel":"calibration","ts_local":"5\/30\/2026 2:03:50 PM","swing":"0","engine_ms":303.0,"grace_ms":0.0,"message":"[HYDRATE] Found timing_calibration: device_profiles=1"}
{"event":"calibration","channel":"calibration","ts_local":"5\/30\/2026 2:03:50 PM","swing":"0","engine_ms":305.0,"grace_ms":0.0,"message":"[HYDRATE] Loaded device_profiles with 1 keys"}
{"event":"message","channel":"calibration","ts_local":"5\/30\/2026 2:03:50 PM","swing":"0","engine_ms":306.0,"grace_ms":0.0,"message":"[APPLY_PROFILE] Attempting to match device_key: 'loopmidi port|pipeport|blair'"}
{"event":"message","channel":"calibration","ts_local":"5\/30\/2026 2:03:50 PM","swing":"0","engine_ms":307.0,"grace_ms":0.0,"message":"[APPLY_PROFILE] Key NOT found. Available: [ \"pipeport|microsoft gs wavetable synth|blair\" ]"}
{"event":"calibration","channel":"calibration","ts_local":"5\/30\/2026 2:03:50 PM","swing":"0","engine_ms":309.0,"grace_ms":0.0,"message":"[HYDRATE] apply_profile_for_current_device returned: 0"}
{"event":"message","channel":"calibration","ts_local":"5\/30\/2026 2:03:50 PM","swing":"0","engine_ms":311.0,"grace_ms":0.0,"message":"[STARTUP_RESULT] hydrate returned 0"}
{"event":"calibration","channel":"calibration","ts_local":"5\/30\/2026 2:05:12 PM","swing":"0","engine_ms":81991.0,"grace_ms":0.0,"message":"[JUDGE_BUILD] ms_overlap_uncal | override=0 [IGNORED]","tune":"C:\/Users\/xian\/GameMakerProjects\/Silly-Wizard\/datafiles\/tunes\/Jig of Slurs\/Jig of Slurs.json","bpm":106.0}
{"event":"calibration","channel":"calibration","ts_local":"5\/30\/2026 2:05:12 PM","swing":"0","engine_ms":81991.0,"grace_ms":0.0,"message":"[JUDGE_BUILD] ms_overlap_uncal | target_shift_ms=0 | audio_ms=0 | input_ms=0 | visual_ms=0","tune":"C:\/Users\/xian\/GameMakerProjects\/Silly-Wizard\/datafiles\/tunes\/Jig of Slurs\/Jig of Slurs.json","bpm":106.0}
{"event":"message","channel":"calibration","ts_local":"5\/30\/2026 2:05:37 PM","swing":"0","engine_ms":273.0,"grace_ms":0.0,"message":"[LOAD_MIDI] Saved: in='loopMIDI Port' out='pipeport'"}
{"event":"message","channel":"calibration","ts_local":"5\/30\/2026 2:05:37 PM","swing":"0","engine_ms":299.0,"grace_ms":0.0,"message":"[LOAD_MIDI] Resolved: in='loopMIDI Port' out='pipeport'"}
{"event":"message","channel":"calibration","ts_local":"5\/30\/2026 2:05:37 PM","swing":"0","engine_ms":300.0,"grace_ms":0.0,"message":"[LOAD_MIDI] MIDI_chanter='blair'"}
{"event":"calibration","channel":"calibration","ts_local":"5\/30\/2026 2:05:37 PM","swing":"0","engine_ms":302.0,"grace_ms":0.0,"message":"[HYDRATE] Found timing_calibration: device_profiles=1"}
{"event":"calibration","channel":"calibration","ts_local":"5\/30\/2026 2:05:37 PM","swing":"0","engine_ms":305.0,"grace_ms":0.0,"message":"[HYDRATE] Loaded device_profiles with 1 keys"}
{"event":"message","channel":"calibration","ts_local":"5\/30\/2026 2:05:37 PM","swing":"0","engine_ms":306.0,"grace_ms":0.0,"message":"[APPLY_PROFILE] Attempting to match device_key: 'loopmidi port|pipeport|blair'"}
{"event":"message","channel":"calibration","ts_local":"5\/30\/2026 2:05:37 PM","swing":"0","engine_ms":308.0,"grace_ms":0.0,"message":"[APPLY_PROFILE] Key NOT found. Available: [ \"pipeport|microsoft gs wavetable synth|blair\" ]"}
{"event":"calibration","channel":"calibration","ts_local":"5\/30\/2026 2:05:37 PM","swing":"0","engine_ms":309.0,"grace_ms":0.0,"message":"[HYDRATE] apply_profile_for_current_device returned: 0"}
{"event":"message","channel":"calibration","ts_local":"5\/30\/2026 2:05:37 PM","swing":"0","engine_ms":311.0,"grace_ms":0.0,"message":"[STARTUP_RESULT] hydrate returned 0"}
{"event":"calibration","channel":"calibration","ts_local":"5\/30\/2026 2:06:46 PM","swing":"0","engine_ms":69198.0,"grace_ms":0.0,"message":"[JUDGE_BUILD] ms_overlap_uncal | override=0 [IGNORED]","tune":"C:\/Users\/xian\/GameMakerProjects\/Silly-Wizard\/datafiles\/tunes\/Jig of Slurs\/Jig of Slurs.json","bpm":106.0}
{"event":"calibration","channel":"calibration","ts_local":"5\/30\/2026 2:06:46 PM","swing":"0","engine_ms":69198.0,"grace_ms":0.0,"message":"[JUDGE_BUILD] ms_overlap_uncal | target_shift_ms=0 | audio_ms=0 | input_ms=0 | visual_ms=0","tune":"C:\/Users\/xian\/GameMakerProjects\/Silly-Wizard\/datafiles\/tunes\/Jig of Slurs\/Jig of Slurs.json","bpm":106.0}
{"event":"message","channel":"calibration","ts_local":"5\/30\/2026 4:12:12 PM","swing":"0","engine_ms":376.0,"grace_ms":0.0,"message":"[LOAD_MIDI] Saved: in='loopMIDI Port' out='pipeport'"}
{"event":"message","channel":"calibration","ts_local":"5\/30\/2026 4:12:12 PM","swing":"0","engine_ms":411.0,"grace_ms":0.0,"message":"[LOAD_MIDI] Resolved: in='loopMIDI Port' out='pipeport'"}
{"event":"message","channel":"calibration","ts_local":"5\/30\/2026 4:12:12 PM","swing":"0","engine_ms":414.0,"grace_ms":0.0,"message":"[LOAD_MIDI] MIDI_chanter='blair'"}
{"event":"calibration","channel":"calibration","ts_local":"5\/30\/2026 4:12:12 PM","swing":"0","engine_ms":416.0,"grace_ms":0.0,"message":"[HYDRATE] Found timing_calibration: device_profiles=1"}
{"event":"calibration","channel":"calibration","ts_local":"5\/30\/2026 4:12:12 PM","swing":"0","engine_ms":418.0,"grace_ms":0.0,"message":"[HYDRATE] Loaded device_profiles with 1 keys"}
{"event":"message","channel":"calibration","ts_local":"5\/30\/2026 4:12:12 PM","swing":"0","engine_ms":419.0,"grace_ms":0.0,"message":"[APPLY_PROFILE] Attempting to match device_key: 'loopmidi port|pipeport|blair'"}
{"event":"message","channel":"calibration","ts_local":"5\/30\/2026 4:12:12 PM","swing":"0","engine_ms":421.0,"grace_ms":0.0,"message":"[APPLY_PROFILE] Key NOT found. Available: [ \"pipeport|microsoft gs wavetable synth|blair\" ]"}
{"event":"calibration","channel":"calibration","ts_local":"5\/30\/2026 4:12:12 PM","swing":"0","engine_ms":422.0,"grace_ms":0.0,"message":"[HYDRATE] apply_profile_for_current_device returned: 0"}
{"event":"message","channel":"calibration","ts_local":"5\/30\/2026 4:12:12 PM","swing":"0","engine_ms":424.0,"grace_ms":0.0,"message":"[STARTUP_RESULT] hydrate returned 0"}
{"event":"message","channel":"calibration","ts_local":"5\/30\/2026 4:13:16 PM","swing":"0","engine_ms":284.0,"grace_ms":0.0,"message":"[LOAD_MIDI] Saved: in='loopMIDI Port' out='pipeport'"}
{"event":"message","channel":"calibration","ts_local":"5\/30\/2026 4:13:16 PM","swing":"0","engine_ms":309.0,"grace_ms":0.0,"message":"[LOAD_MIDI] Resolved: in='loopMIDI Port' out='pipeport'"}
{"event":"message","channel":"calibration","ts_local":"5\/30\/2026 4:13:16 PM","swing":"0","engine_ms":310.0,"grace_ms":0.0,"message":"[LOAD_MIDI] MIDI_chanter='blair'"}
{"event":"calibration","channel":"calibration","ts_local":"5\/30\/2026 4:13:16 PM","swing":"0","engine_ms":312.0,"grace_ms":0.0,"message":"[HYDRATE] Found timing_calibration: device_profiles=1"}
{"event":"calibration","channel":"calibration","ts_local":"5\/30\/2026 4:13:16 PM","swing":"0","engine_ms":314.0,"grace_ms":0.0,"message":"[HYDRATE] Loaded device_profiles with 1 keys"}
{"event":"message","channel":"calibration","ts_local":"5\/30\/2026 4:13:16 PM","swing":"0","engine_ms":315.0,"grace_ms":0.0,"message":"[APPLY_PROFILE] Attempting to match device_key: 'loopmidi port|pipeport|blair'"}
{"event":"message","channel":"calibration","ts_local":"5\/30\/2026 4:13:16 PM","swing":"0","engine_ms":316.0,"grace_ms":0.0,"message":"[APPLY_PROFILE] Key NOT found. Available: [ \"pipeport|microsoft gs wavetable synth|blair\" ]"}
{"event":"calibration","channel":"calibration","ts_local":"5\/30\/2026 4:13:16 PM","swing":"0","engine_ms":318.0,"grace_ms":0.0,"message":"[HYDRATE] apply_profile_for_current_device returned: 0"}
{"event":"message","channel":"calibration","ts_local":"5\/30\/2026 4:13:16 PM","swing":"0","engine_ms":319.0,"grace_ms":0.0,"message":"[STARTUP_RESULT] hydrate returned 0"}
{"event":"calibration","channel":"calibration","ts_local":"5\/30\/2026 4:14:07 PM","swing":"0","engine_ms":51304.0,"grace_ms":0.0,"message":"[JUDGE_BUILD] ms_overlap_uncal | override=0 [IGNORED]","tune":"C:\/Users\/xian\/GameMakerProjects\/Silly-Wizard\/datafiles\/tunes\/Jig of Slurs\/Jig of Slurs.json","bpm":106.0}
{"event":"calibration","channel":"calibration","ts_local":"5\/30\/2026 4:14:07 PM","swing":"0","engine_ms":51304.0,"grace_ms":0.0,"message":"[JUDGE_BUILD] ms_overlap_uncal | target_shift_ms=0 | audio_ms=0 | input_ms=0 | visual_ms=0","tune":"C:\/Users\/xian\/GameMakerProjects\/Silly-Wizard\/datafiles\/tunes\/Jig of Slurs\/Jig of Slurs.json","bpm":106.0}
{"event":"message","channel":"calibration","ts_local":"5\/30\/2026 4:18:11 PM","swing":"0","engine_ms":300.0,"grace_ms":0.0,"message":"[LOAD_MIDI] Saved: in='loopMIDI Port' out='pipeport'"}
{"event":"message","channel":"calibration","ts_local":"5\/30\/2026 4:18:11 PM","swing":"0","engine_ms":327.0,"grace_ms":0.0,"message":"[LOAD_MIDI] Resolved: in='loopMIDI Port' out='pipeport'"}
{"event":"message","channel":"calibration","ts_local":"5\/30\/2026 4:18:11 PM","swing":"0","engine_ms":328.0,"grace_ms":0.0,"message":"[LOAD_MIDI] MIDI_chanter='blair'"}
{"event":"calibration","channel":"calibration","ts_local":"5\/30\/2026 4:18:11 PM","swing":"0","engine_ms":330.0,"grace_ms":0.0,"message":"[HYDRATE] Found timing_calibration: device_profiles=1"}
{"event":"calibration","channel":"calibration","ts_local":"5\/30\/2026 4:18:11 PM","swing":"0","engine_ms":332.0,"grace_ms":0.0,"message":"[HYDRATE] Loaded device_profiles with 1 keys"}
{"event":"message","channel":"calibration","ts_local":"5\/30\/2026 4:18:11 PM","swing":"0","engine_ms":333.0,"grace_ms":0.0,"message":"[APPLY_PROFILE] Attempting to match device_key: 'loopmidi port|pipeport|blair'"}
{"event":"message","channel":"calibration","ts_local":"5\/30\/2026 4:18:11 PM","swing":"0","engine_ms":335.0,"grace_ms":0.0,"message":"[APPLY_PROFILE] Key NOT found. Available: [ \"pipeport|microsoft gs wavetable synth|blair\" ]"}
{"event":"calibration","channel":"calibration","ts_local":"5\/30\/2026 4:18:11 PM","swing":"0","engine_ms":336.0,"grace_ms":0.0,"message":"[HYDRATE] apply_profile_for_current_device returned: 0"}
{"event":"message","channel":"calibration","ts_local":"5\/30\/2026 4:18:11 PM","swing":"0","engine_ms":337.0,"grace_ms":0.0,"message":"[STARTUP_RESULT] hydrate returned 0"}
{"event":"calibration","channel":"calibration","ts_local":"5\/30\/2026 4:19:36 PM","swing":"0","engine_ms":85583.0,"grace_ms":0.0,"message":"[JUDGE_BUILD] ms_overlap_uncal | override=0 [IGNORED]","tune":"C:\/Users\/xian\/GameMakerProjects\/Silly-Wizard\/datafiles\/tunes\/Jig of Slurs\/Jig of Slurs.json","bpm":106.0}
{"event":"calibration","channel":"calibration","ts_local":"5\/30\/2026 4:19:36 PM","swing":"0","engine_ms":85583.0,"grace_ms":0.0,"message":"[JUDGE_BUILD] ms_overlap_uncal | target_shift_ms=0 | audio_ms=0 | input_ms=0 | visual_ms=0","tune":"C:\/Users\/xian\/GameMakerProjects\/Silly-Wizard\/datafiles\/tunes\/Jig of Slurs\/Jig of Slurs.json","bpm":106.0}
{"event":"calibration","channel":"calibration","ts_local":"5\/30\/2026 4:20:20 PM","swing":"0","engine_ms":129193.0,"grace_ms":0.0,"message":"[JUDGE_BUILD] ms_overlap_uncal | override=0 [IGNORED]","tune":"C:\/Users\/xian\/GameMakerProjects\/Silly-Wizard\/datafiles\/tunes\/Jig of Slurs\/Jig of Slurs.json","bpm":106.0}
{"event":"calibration","channel":"calibration","ts_local":"5\/30\/2026 4:20:20 PM","swing":"0","engine_ms":129193.0,"grace_ms":0.0,"message":"[JUDGE_BUILD] ms_overlap_uncal | target_shift_ms=0 | audio_ms=0 | input_ms=0 | visual_ms=0","tune":"C:\/Users\/xian\/GameMakerProjects\/Silly-Wizard\/datafiles\/tunes\/Jig of Slurs\/Jig of Slurs.json","bpm":106.0}
{"event":"message","channel":"calibration","ts_local":"5\/30\/2026 4:40:15 PM","swing":"0","engine_ms":282.0,"grace_ms":0.0,"message":"[LOAD_MIDI] Saved: in='loopMIDI Port' out='pipeport'"}
{"event":"message","channel":"calibration","ts_local":"5\/30\/2026 4:40:15 PM","swing":"0","engine_ms":309.0,"grace_ms":0.0,"message":"[LOAD_MIDI] Resolved: in='loopMIDI Port' out='pipeport'"}
{"event":"message","channel":"calibration","ts_local":"5\/30\/2026 4:40:15 PM","swing":"0","engine_ms":311.0,"grace_ms":0.0,"message":"[LOAD_MIDI] MIDI_chanter='blair'"}
{"event":"calibration","channel":"calibration","ts_local":"5\/30\/2026 4:40:15 PM","swing":"0","engine_ms":313.0,"grace_ms":0.0,"message":"[HYDRATE] Found timing_calibration: device_profiles=1"}
{"event":"calibration","channel":"calibration","ts_local":"5\/30\/2026 4:40:15 PM","swing":"0","engine_ms":314.0,"grace_ms":0.0,"message":"[HYDRATE] Loaded device_profiles with 1 keys"}
{"event":"message","channel":"calibration","ts_local":"5\/30\/2026 4:40:15 PM","swing":"0","engine_ms":316.0,"grace_ms":0.0,"message":"[APPLY_PROFILE] Attempting to match device_key: 'loopmidi port|pipeport|blair'"}
{"event":"message","channel":"calibration","ts_local":"5\/30\/2026 4:40:15 PM","swing":"0","engine_ms":318.0,"grace_ms":0.0,"message":"[APPLY_PROFILE] Key NOT found. Available: [ \"pipeport|microsoft gs wavetable synth|blair\" ]"}
{"event":"calibration","channel":"calibration","ts_local":"5\/30\/2026 4:40:15 PM","swing":"0","engine_ms":320.0,"grace_ms":0.0,"message":"[HYDRATE] apply_profile_for_current_device returned: 0"}
{"event":"message","channel":"calibration","ts_local":"5\/30\/2026 4:40:15 PM","swing":"0","engine_ms":321.0,"grace_ms":0.0,"message":"[STARTUP_RESULT] hydrate returned 0"}
{"event":"calibration","channel":"calibration","ts_local":"5\/30\/2026 4:41:09 PM","swing":"0","engine_ms":54721.0,"grace_ms":0.0,"message":"[JUDGE_BUILD] ms_overlap_uncal | override=0 [IGNORED]","tune":"C:\/Users\/xian\/GameMakerProjects\/Silly-Wizard\/datafiles\/tunes\/Jig of Slurs\/Jig of Slurs.json","bpm":106.0}
{"event":"calibration","channel":"calibration","ts_local":"5\/30\/2026 4:41:09 PM","swing":"0","engine_ms":54721.0,"grace_ms":0.0,"message":"[JUDGE_BUILD] ms_overlap_uncal | target_shift_ms=0 | audio_ms=0 | input_ms=0 | visual_ms=0","tune":"C:\/Users\/xian\/GameMakerProjects\/Silly-Wizard\/datafiles\/tunes\/Jig of Slurs\/Jig of Slurs.json","bpm":106.0}
{"event":"message","channel":"calibration","ts_local":"5\/30\/2026 7:06:36 PM","swing":"0","engine_ms":345.0,"grace_ms":0.0,"message":"[LOAD_MIDI] Saved: in='loopMIDI Port' out='pipeport'"}
{"event":"message","channel":"calibration","ts_local":"5\/30\/2026 7:06:36 PM","swing":"0","engine_ms":376.0,"grace_ms":0.0,"message":"[LOAD_MIDI] Resolved: in='loopMIDI Port' out='pipeport'"}
{"event":"message","channel":"calibration","ts_local":"5\/30\/2026 7:06:36 PM","swing":"0","engine_ms":378.0,"grace_ms":0.0,"message":"[LOAD_MIDI] MIDI_chanter='blair'"}
{"event":"calibration","channel":"calibration","ts_local":"5\/30\/2026 7:06:36 PM","swing":"0","engine_ms":380.0,"grace_ms":0.0,"message":"[HYDRATE] Found timing_calibration: device_profiles=1"}
{"event":"calibration","channel":"calibration","ts_local":"5\/30\/2026 7:06:36 PM","swing":"0","engine_ms":382.0,"grace_ms":0.0,"message":"[HYDRATE] Loaded device_profiles with 1 keys"}
{"event":"message","channel":"calibration","ts_local":"5\/30\/2026 7:06:36 PM","swing":"0","engine_ms":383.0,"grace_ms":0.0,"message":"[APPLY_PROFILE] Attempting to match device_key: 'loopmidi port|pipeport|blair'"}
{"event":"message","channel":"calibration","ts_local":"5\/30\/2026 7:06:36 PM","swing":"0","engine_ms":385.0,"grace_ms":0.0,"message":"[APPLY_PROFILE] Key NOT found. Available: [ \"pipeport|microsoft gs wavetable synth|blair\" ]"}
{"event":"calibration","channel":"calibration","ts_local":"5\/30\/2026 7:06:36 PM","swing":"0","engine_ms":387.0,"grace_ms":0.0,"message":"[HYDRATE] apply_profile_for_current_device returned: 0"}
{"event":"message","channel":"calibration","ts_local":"5\/30\/2026 7:06:36 PM","swing":"0","engine_ms":388.0,"grace_ms":0.0,"message":"[STARTUP_RESULT] hydrate returned 0"}
{"event":"calibration","channel":"calibration","ts_local":"5\/30\/2026 7:07:26 PM","swing":"0","engine_ms":50862.0,"grace_ms":0.0,"message":"[JUDGE_BUILD] ms_overlap_uncal | override=0 [IGNORED]","tune":"C:\/Users\/xian\/GameMakerProjects\/Silly-Wizard\/datafiles\/tunes\/Jig of Slurs\/Jig of Slurs.json","bpm":106.0}
{"event":"calibration","channel":"calibration","ts_local":"5\/30\/2026 7:07:26 PM","swing":"0","engine_ms":50862.0,"grace_ms":0.0,"message":"[JUDGE_BUILD] ms_overlap_uncal | target_shift_ms=0 | audio_ms=0 | input_ms=0 | visual_ms=0","tune":"C:\/Users\/xian\/GameMakerProjects\/Silly-Wizard\/datafiles\/tunes\/Jig of Slurs\/Jig of Slurs.json","bpm":106.0}
{"event":"message","channel":"calibration","ts_local":"5\/30\/2026 7:25:39 PM","swing":"0","engine_ms":278.0,"grace_ms":0.0,"message":"[LOAD_MIDI] Saved: in='loopMIDI Port' out='pipeport'"}
{"event":"message","channel":"calibration","ts_local":"5\/30\/2026 7:25:39 PM","swing":"0","engine_ms":306.0,"grace_ms":0.0,"message":"[LOAD_MIDI] Resolved: in='loopMIDI Port' out='pipeport'"}
{"event":"message","channel":"calibration","ts_local":"5\/30\/2026 7:25:39 PM","swing":"0","engine_ms":308.0,"grace_ms":0.0,"message":"[LOAD_MIDI] MIDI_chanter='blair'"}
{"event":"calibration","channel":"calibration","ts_local":"5\/30\/2026 7:25:39 PM","swing":"0","engine_ms":310.0,"grace_ms":0.0,"message":"[HYDRATE] Found timing_calibration: device_profiles=1"}
{"event":"calibration","channel":"calibration","ts_local":"5\/30\/2026 7:25:39 PM","swing":"0","engine_ms":312.0,"grace_ms":0.0,"message":"[HYDRATE] Loaded device_profiles with 1 keys"}
{"event":"message","channel":"calibration","ts_local":"5\/30\/2026 7:25:39 PM","swing":"0","engine_ms":313.0,"grace_ms":0.0,"message":"[APPLY_PROFILE] Attempting to match device_key: 'loopmidi port|pipeport|blair'"}
{"event":"message","channel":"calibration","ts_local":"5\/30\/2026 7:25:39 PM","swing":"0","engine_ms":315.0,"grace_ms":0.0,"message":"[APPLY_PROFILE] Key NOT found. Available: [ \"pipeport|microsoft gs wavetable synth|blair\" ]"}
{"event":"calibration","channel":"calibration","ts_local":"5\/30\/2026 7:25:39 PM","swing":"0","engine_ms":317.0,"grace_ms":0.0,"message":"[HYDRATE] apply_profile_for_current_device returned: 0"}
{"event":"message","channel":"calibration","ts_local":"5\/30\/2026 7:25:39 PM","swing":"0","engine_ms":318.0,"grace_ms":0.0,"message":"[STARTUP_RESULT] hydrate returned 0"}
{"event":"message","channel":"calibration","ts_local":"5\/30\/2026 7:58:16 PM","swing":"0","engine_ms":286.0,"grace_ms":0.0,"message":"[LOAD_MIDI] Saved: in='loopMIDI Port' out='pipeport'"}
{"event":"message","channel":"calibration","ts_local":"5\/30\/2026 7:58:16 PM","swing":"0","engine_ms":313.0,"grace_ms":0.0,"message":"[LOAD_MIDI] Resolved: in='loopMIDI Port' out='pipeport'"}
{"event":"message","channel":"calibration","ts_local":"5\/30\/2026 7:58:16 PM","swing":"0","engine_ms":314.0,"grace_ms":0.0,"message":"[LOAD_MIDI] MIDI_chanter='blair'"}
{"event":"calibration","channel":"calibration","ts_local":"5\/30\/2026 7:58:16 PM","swing":"0","engine_ms":316.0,"grace_ms":0.0,"message":"[HYDRATE] Found timing_calibration: device_profiles=1"}
{"event":"calibration","channel":"calibration","ts_local":"5\/30\/2026 7:58:16 PM","swing":"0","engine_ms":318.0,"grace_ms":0.0,"message":"[HYDRATE] Loaded device_profiles with 1 keys"}
{"event":"message","channel":"calibration","ts_local":"5\/30\/2026 7:58:16 PM","swing":"0","engine_ms":319.0,"grace_ms":0.0,"message":"[APPLY_PROFILE] Attempting to match device_key: 'loopmidi port|pipeport|blair'"}
{"event":"message","channel":"calibration","ts_local":"5\/30\/2026 7:58:16 PM","swing":"0","engine_ms":321.0,"grace_ms":0.0,"message":"[APPLY_PROFILE] Key NOT found. Available: [ \"pipeport|microsoft gs wavetable synth|blair\" ]"}
{"event":"calibration","channel":"calibration","ts_local":"5\/30\/2026 7:58:16 PM","swing":"0","engine_ms":323.0,"grace_ms":0.0,"message":"[HYDRATE] apply_profile_for_current_device returned: 0"}
{"event":"message","channel":"calibration","ts_local":"5\/30\/2026 7:58:16 PM","swing":"0","engine_ms":324.0,"grace_ms":0.0,"message":"[STARTUP_RESULT] hydrate returned 0"}
